Component: ARM Compiler 5.05 update 1 (build 106) Tool: armlink [4d0efa]

==============================================================================

Section Cross References

    system_stm32f10x.o(i.SetSysClock) refers to system_stm32f10x.o(i.SetSysClockTo72) for SetSysClockTo72
    system_stm32f10x.o(i.SystemCoreClockUpdate) refers to system_stm32f10x.o(.data) for SystemCoreClock
    system_stm32f10x.o(i.SystemInit) refers to system_stm32f10x.o(i.SetSysClock) for SetSysClock
    startup_stm32f10x_md.o(STACK) refers (Special) to heapauxi.o(.text) for __use_two_region_memory
    startup_stm32f10x_md.o(HEAP) refers (Special) to heapauxi.o(.text) for __use_two_region_memory
    startup_stm32f10x_md.o(RESET) refers (Special) to heapauxi.o(.text) for __use_two_region_memory
    startup_stm32f10x_md.o(RESET) refers to startup_stm32f10x_md.o(STACK) for __initial_sp
    startup_stm32f10x_md.o(RESET) refers to startup_stm32f10x_md.o(.text) for Reset_Handler
    startup_stm32f10x_md.o(RESET) refers to stm32f10x_it.o(i.NMI_Handler) for NMI_Handler
    startup_stm32f10x_md.o(RESET) refers to stm32f10x_it.o(i.HardFault_Handler) for HardFault_Handler
    startup_stm32f10x_md.o(RESET) refers to stm32f10x_it.o(i.MemManage_Handler) for MemManage_Handler
    startup_stm32f10x_md.o(RESET) refers to stm32f10x_it.o(i.BusFault_Handler) for BusFault_Handler
    startup_stm32f10x_md.o(RESET) refers to stm32f10x_it.o(i.UsageFault_Handler) for UsageFault_Handler
    startup_stm32f10x_md.o(RESET) refers to stm32f10x_it.o(i.SVC_Handler) for SVC_Handler
    startup_stm32f10x_md.o(RESET) refers to stm32f10x_it.o(i.DebugMon_Handler) for DebugMon_Handler
    startup_stm32f10x_md.o(RESET) refers to os_cpu_a.o(.text) for PendSV_Handler
    startup_stm32f10x_md.o(RESET) refers to delay.o(i.SysTick_Handler) for SysTick_Handler
    startup_stm32f10x_md.o(RESET) refers to wwdg.o(i.WWDG_IRQHandler) for WWDG_IRQHandler
    startup_stm32f10x_md.o(RESET) refers to can.o(i.USB_LP_CAN1_RX0_IRQHandler) for USB_LP_CAN1_RX0_IRQHandler
    startup_stm32f10x_md.o(RESET) refers to usart2.o(i.TIM4_IRQHandler) for TIM4_IRQHandler
    startup_stm32f10x_md.o(RESET) refers to usart.o(i.USART1_IRQHandler) for USART1_IRQHandler
    startup_stm32f10x_md.o(RESET) refers to usart2.o(i.USART2_IRQHandler) for USART2_IRQHandler
    startup_stm32f10x_md.o(RESET) refers to frameware.o(i.EXTI15_10_IRQHandler) for EXTI15_10_IRQHandler
    startup_stm32f10x_md.o(.text) refers (Special) to heapauxi.o(.text) for __use_two_region_memory
    startup_stm32f10x_md.o(.text) refers to system_stm32f10x.o(i.SystemInit) for SystemInit
    startup_stm32f10x_md.o(.text) refers to __main.o(!!!main) for __main
    startup_stm32f10x_md.o(.text) refers to startup_stm32f10x_md.o(HEAP) for Heap_Mem
    startup_stm32f10x_md.o(.text) refers to startup_stm32f10x_md.o(STACK) for Stack_Mem
    os_core.o(i.OSInit) refers to os_cpu_c.o(i.OSInitHookBegin) for OSInitHookBegin
    os_core.o(i.OSInit) refers to os_core.o(i.OS_InitMisc) for OS_InitMisc
    os_core.o(i.OSInit) refers to os_core.o(i.OS_InitRdyList) for OS_InitRdyList
    os_core.o(i.OSInit) refers to os_core.o(i.OS_InitTCBList) for OS_InitTCBList
    os_core.o(i.OSInit) refers to os_core.o(i.OS_InitEventList) for OS_InitEventList
    os_core.o(i.OSInit) refers to os_flag.o(i.OS_FlagInit) for OS_FlagInit
    os_core.o(i.OSInit) refers to os_q.o(i.OS_QInit) for OS_QInit
    os_core.o(i.OSInit) refers to os_core.o(i.OS_InitTaskIdle) for OS_InitTaskIdle
    os_core.o(i.OSInit) refers to os_core.o(i.OS_InitTaskStat) for OS_InitTaskStat
    os_core.o(i.OSInit) refers to os_tmr.o(i.OSTmr_Init) for OSTmr_Init
    os_core.o(i.OSInit) refers to os_cpu_c.o(i.OSInitHookEnd) for OSInitHookEnd
    os_core.o(i.OSIntEnter) refers to os_core.o(.data) for OSRunning
    os_core.o(i.OSIntExit) refers to os_cpu_a.o(.text) for OS_CPU_SR_Save
    os_core.o(i.OSIntExit) refers to os_core.o(i.OS_SchedNew) for OS_SchedNew
    os_core.o(i.OSIntExit) refers to os_core.o(.data) for OSRunning
    os_core.o(i.OSIntExit) refers to os_core.o(.bss) for OSTCBPrioTbl
    os_core.o(i.OSSchedLock) refers to os_cpu_a.o(.text) for OS_CPU_SR_Save
    os_core.o(i.OSSchedLock) refers to os_core.o(.data) for OSRunning
    os_core.o(i.OSSchedUnlock) refers to os_cpu_a.o(.text) for OS_CPU_SR_Save
    os_core.o(i.OSSchedUnlock) refers to os_core.o(i.OS_Sched) for OS_Sched
    os_core.o(i.OSSchedUnlock) refers to os_core.o(.data) for OSRunning
    os_core.o(i.OSStart) refers to os_core.o(i.OS_SchedNew) for OS_SchedNew
    os_core.o(i.OSStart) refers to os_cpu_a.o(.text) for OSStartHighRdy
    os_core.o(i.OSStart) refers to os_core.o(.data) for OSRunning
    os_core.o(i.OSStart) refers to os_core.o(.bss) for OSTCBPrioTbl
    os_core.o(i.OSStatInit) refers to os_time.o(i.OSTimeDly) for OSTimeDly
    os_core.o(i.OSStatInit) refers to os_cpu_a.o(.text) for OS_CPU_SR_Save
    os_core.o(i.OSStatInit) refers to os_core.o(.data) for OSIdleCtr
[...]
    g_sem_parse                              0x200000a4   Data           4  task_uart_parse.o(.data)
    uart_parse_status                        0x200000a8   Data           4  task_uart_parse.o(.data)
    parsebuf                                 0x200000ac   Data         128  task_uart_parse.o(.data)
    .data                                    0x2000012c   Section       12  task_uart_read.o(.data)
    g_read_finished                          0x2000012c   Data           1  task_uart_read.o(.data)
    uart_read_status                         0x2000012d   Data           1  task_uart_read.o(.data)
    finished                                 0x20000130   Data           4  task_uart_read.o(.data)
    g_sem_read                               0x20000134   Data           4  task_uart_read.o(.data)
    .data                                    0x20000138   Section        6  task_uart_send.o(.data)
    g_sem_send                               0x20000138   Data           4  task_uart_send.o(.data)
    g_send_finished                          0x2000013c   Data           1  task_uart_send.o(.data)
    uart_send_status                         0x2000013d   Data           1  task_uart_send.o(.data)
    .data                                    0x20000140   Section       16  task_can_send.o(.data)
    g_sem_cansend                            0x20000140   Data           4  task_can_send.o(.data)
    g_cansend_status                         0x20000144   Data           1  task_can_send.o(.data)
    .data                                    0x20000150   Section       16  task_can_read.o(.data)
    g_sem_can                                0x20000150   Data           4  task_can_read.o(.data)
    g_canread_status                         0x20000154   Data           1  task_can_read.o(.data)
    .data                                    0x20000160   Section       25  task_can.o(.data)
    g_CAN_Prescaler                          0x20000178   Data           1  task_can.o(.data)
    .data                                    0x2000017a   Section       19  can_speed.o(.data)
    buf                                      0x2000017a   Data           8  can_speed.o(.data)
    request_buf                              0x20000182   Data           8  can_speed.o(.data)
    .data                                    0x20000190   Section        4  can_queue_read.o(.data)
    g_mutex_can                              0x20000190   Data           4  can_queue_read.o(.data)
    .data                                    0x20000194   Section        4  can_queue_send.o(.data)
    g_mutex_cansend                          0x20000194   Data           4  can_queue_send.o(.data)
    .data                                    0x20000198   Section        3  uart_encode.o(.data)
    msgcounter                               0x20000198   Data           2  uart_encode.o(.data)
    sys_status                               0x2000019a   Data           1  uart_encode.o(.data)
    .data                                    0x2000019c   Section        4  uart_ringbuf.o(.data)
    g_mutex_read                             0x2000019c   Data           4  uart_ringbuf.o(.data)
    .bss                                     0x200001a0   Section     3964  os_core.o(.bss)
    .bss                                     0x20001120   Section      400  usart2.o(.bss)
    .bss                                     0x200012b0   Section      200  usart.o(.bss)
    .bss                                     0x20001378   Section      256  crc8.o(.bss)
    crc_table                                0x20001378   Data         256  crc8.o(.bss)
    .bss                                     0x20001478   Section     1408  main.o(.bss)
    .bss                                     0x200019f8   Section      256  task_schedule.o(.bss)
    .bss                                     0x20001af8   Section      788  task_uart_parse.o(.bss)
    receivebuf                               0x20001cf8   Data         256  task_uart_parse.o(.bss)
    g_ringInfo                               0x20001df8   Data          20  task_uart_parse.o(.bss)
    .bss                                     0x20001e0c   Section      256  task_uart_read.o(.bss)
    .bss                                     0x20001f0c   Section      384  task_uart_send.o(.bss)
    .bss                                     0x2000208c   Section      512  task_can_send.o(.bss)
    .bss                                     0x2000228c   Section      276  task_can_read.o(.bss)
    .bss                                     0x200023a0   Section      160  can_queue_read.o(.bss)
    MsgBuf                                   0x200023a0   Data         160  can_queue_read.o(.bss)
    .bss                                     0x20002440   Section      128  can_queue_send.o(.bss)
    uartMsg                                  0x20002440   Data         128  can_queue_send.o(.bss)
    .bss                                     0x200024c0   Section       96  libspace.o(.bss)
    HEAP                                     0x20002520   Section      512  startup_stm32f10x_md.o(HEAP)
    Heap_Mem                                 0x20002520   Data         512  startup_stm32f10x_md.o(HEAP)
    STACK                                    0x20002720   Section     1024  startup_stm32f10x_md.o(STACK)
    Stack_Mem                                0x20002720   Data        1024  startup_stm32f10x_md.o(STACK)
    __initial_sp                             0x20002b20   Data           0  startup_stm32f10x_md.o(STACK)

    Global Symbols

    Symbol Name                              Value     Ov Type        Size  Object(Section)

    BuildAttributes$$THM_ISAv4$P$D$K$B$S$PE$A:L22UL41UL21$X:L11$S22US41US21$IEEE1$IW$USESV6$~STKCKD$USESV7$~SHL$OTIME$ROPI$IEEEJ$EBA8$UX$STANDARDLIB$REQ8$PRES8$EABIv2 0x00000000   Number         0  anon$$obj.o ABSOLUTE
    __ARM_use_no_argv                        0x00000000   Number         0  main.o ABSOLUTE
    _printf_flags                            0x00000000   Number         0  printf_stubs.o ABSOLUTE
    _printf_return_value                     0x00000000   Number         0  printf_stubs.o ABSOLUTE
    _printf_sizespec                         0x00000000   Number         0  printf_stubs.o ABSOLUTE
    _printf_widthprec                        0x00000000   Number         0  printf_stubs.o ABSOLUTE
    __ARM_exceptions_init                     - Undefined Weak Reference
    __alloca_initialize                       - Undefined Weak Reference
    __arm_preinit_                            - Undefined Weak Reference
    __cpp_initialize__aeabi_                  - Undefined Weak Reference
    __cxa_finalize                            - Undefined Weak Reference
    __sigvec_lookup                           - Undefined Weak Reference
    _atexit_init                              - Undefined Weak Reference
    _call_atexit_fns                          - Undefined Weak Reference
    _clock_init                               - Undefined Weak Reference
    _fp_trap_init                             - Undefined Weak Reference
    _fp_trap_shutdown                         - Undefined Weak Reference
    _get_lc_collate                           - Undefined Weak Reference
    _get_lc_monetary                          - Undefined Weak Reference
    _get_lc_time                              - Undefined Weak Reference
    _getenv_init                              - Undefined Weak Reference
    _handle_redirection                       - Undefined Weak Reference
    _init_alloc                               - Undefined Weak Reference
    _init_user_alloc                          - Undefined Weak Reference
    _initio                                   - Undefined Weak Reference
    _mutex_acquire                            - Undefined Weak Reference
    _mutex_release                            - Undefined Weak Reference
    _printf_fp_hex                            - Undefined Weak Reference
    _printf_mbtowc                            - Undefined Weak Reference
    _printf_wc                                - Undefined Weak Reference
    _rand_init                                - Undefined Weak Reference
    _signal_finish                            - Undefined Weak Reference
    _signal_init                              - Undefined Weak Reference
    _terminate_alloc                          - Undefined Weak Reference
    _terminate_user_alloc                     - Undefined Weak Reference
    _terminateio                              - Undefined Weak Reference
    __Vectors_Size                           0x000000ec   Number         0  startup_stm32f10x_md.o ABSOLUTE
    __Vectors                                0x08000000   Data           4  startup_stm32f10x_md.o(RESET)
    __Vectors_End                            0x080000ec   Data           0  startup_stm32f10x_md.o(RESET)
    __main                                   0x080000ed   Thumb Code     8  __main.o(!!!main)
    __scatterload                            0x080000f5   Thumb Code     0  __scatter.o(!!!scatter)
    __scatterload_rt2                        0x080000f5   Thumb Code    44  __scatter.o(!!!scatter)
    __scatterload_rt2_thumb_only             0x080000f5   Thumb Code     0  __scatter.o(!!!scatter)
    __scatterload_null                       0x08000103   Thumb Code     0  __scatter.o(!!!scatter)
    __decompress                             0x08000129   Thumb Code    90  __dczerorl2.o(!!dczerorl2)
    __decompress1                            0x08000129   Thumb Code     0  __dczerorl2.o(!!dczerorl2)
    __scatterload_zeroinit                   0x08000185   Thumb Code    28  __scatter_zi.o(!!handler_zi)
    _printf_d                                0x080001a1   Thumb Code     0  _printf_d.o(.ARM.Collect$$_printf_percent$$00000009)
    _printf_percent                          0x080001a1   Thumb Code     0  _printf_percent.o(.ARM.Collect$$_printf_percent$$00000000)
    _printf_x                                0x080001a7   Thumb Code     0  _printf_x.o(.ARM.Collect$$_printf_percent$$0000000C)
    _printf_s                                0x080001ad   Thumb Code     0  _printf_s.o(.ARM.Collect$$_printf_percent$$00000014)
    _printf_percent_end                      0x080001b3   Thumb Code     0  _printf_percent_end.o(.ARM.Collect$$_printf_percent$$00000017)
    __rt_lib_init                            0x080001b7   Thumb Code     0  libinit.o(.ARM.Collect$$libinit$$00000000)
    __rt_lib_init_alloca_1                   0x080001b9   Thumb Code     0  libinit2.o(.ARM.Collect$$libinit$$0000002E)
    __rt_lib_init_argv_1                     0x080001b9   Thumb Code     0  libinit2.o(.ARM.Collect$$libinit$$0000002C)
    __rt_lib_init_atexit_1                   0x080001b9   Thumb Code     0  libinit2.o(.ARM.Collect$$libinit$$0000001B)
    __rt_lib_init_clock_1                    0x080001b9   Thumb Code     0  libinit2.o(.ARM.Collect$$libinit$$00000021)
    __rt_lib_init_cpp_1                      0x080001b9   Thumb Code     0  libinit2.o(.ARM.Collect$$libinit$$00000032)
    __rt_lib_init_exceptions_1               0x080001b9   Thumb Code     0  libinit2.o(.ARM.Collect$$libinit$$00000030)
    __rt_lib_init_fp_1                       0x080001b9   Thumb Code     0  libinit2.o(.ARM.Collect$$libinit$$00000002)
    __rt_lib_init_fp_trap_1                  0x080001b9   Thumb Code     0  libinit2.o(.ARM.Collect$$libinit$$0000001F)
    __rt_lib_init_getenv_1                   0x080001b9   Thumb Code     0  libinit2.o(.ARM.Collect$$libinit$$00000023)
    __rt_lib_init_heap_1                     0x080001b9   Thumb Code     0  libinit2.o(.ARM.Collect$$libinit$$0000000A)
    __rt_lib_init_lc_collate_1               0x080001b9   Thumb Code     0  libinit2.o(.ARM.Collect$$libinit$$00000011)
    __rt_lib_init_lc_ctype_1                 0x080001b9   Thumb Code     0  libinit2.o(.ARM.Collect$$libinit$$00000013)
    __rt_lib_init_lc_monetary_1              0x080001b9   Thumb Code     0  libinit2.o(.ARM.Collect$$libinit$$00000015)
    __rt_lib_init_lc_numeric_1               0x080001b9   Thumb Code     0  libinit2.o(.ARM.Collect$$libinit$$00000017)
    __rt_lib_init_lc_time_1                  0x080001b9   Thumb Code     0  libinit2.o(.ARM.Collect$$libinit$$00000019)
    __rt_lib_init_preinit_1                  0x080001b9   Thumb Code     0  libinit2.o(.ARM.Collect$$libinit$$00000004)
    __rt_lib_init_rand_1                     0x080001b9   Thumb Code     0  libinit2.o(.ARM.Collect$$libinit$$0000000E)
    __rt_lib_init_return                     0x080001b9   Thumb Code     0  libinit2.o(.ARM.Collect$$libinit$$00000033)
    __rt_lib_init_signal_1                   0x080001b9   Thumb Code     0  libinit2.o(.ARM.Collect$$libinit$$0000001D)
    __rt_lib_init_stdio_1                    0x080001b9   Thumb Code     0  libinit2.o(.ARM.Collect$$libinit$$00000025)
    __rt_lib_init_user_alloc_1               0x080001b9   Thumb Code     0  libinit2.o(.ARM.Collect$$libinit$$0000000C)
    __rt_lib_shutdown                        0x080001bb   Thumb Code     0  libshutdown.o(.ARM.Collect$$libshutdown$$00000000)
    __rt_lib_shutdown_fp_trap_1              0x080001bd   Thumb Code     0  libshutdown2.o(.ARM.Collect$$libshutdown$$00000006)
    __rt_lib_shutdown_heap_1                 0x080001bd   Thumb Code     0  libshutdown2.o(.ARM.Collect$$libshutdown$$0000000E)
    __rt_lib_shutdown_return                 0x080001bd   Thumb Code     0  libshutdown2.o(.ARM.Collect$$libshutdown$$0000000F)
    __rt_lib_shutdown_signal_1               0x080001bd   Thumb Code     0  libshutdown2.o(.ARM.Collect$$libshutdown$$00000009)
    __rt_lib_shutdown_stdio_1                0x080001bd   Thumb Code     0  libshutdown2.o(.ARM.Collect$$libshutdown$$00000003)
    __rt_lib_shutdown_user_alloc_1           0x080001bd   Thumb Code     0  libshutdown2.o(.ARM.Collect$$libshutdown$$0000000B)
    __rt_entry                               0x080001bf   Thumb Code     0  __rtentry.o(.ARM.Collect$$rtentry$$00000000)
    __rt_entry_presh_1                       0x080001bf   Thumb Code     0  __rtentry2.o(.ARM.Collect$$rtentry$$00000002)
    __rt_entry_sh                            0x080001bf   Thumb Code     0  __rtentry4.o(.ARM.Collect$$rtentry$$00000004)
    __rt_entry_li                            0x080001c5   Thumb Code     0  __rtentry2.o(.ARM.Collect$$rtentry$$0000000A)
    __rt_entry_postsh_1                      0x080001c5   Thumb Code     0  __rtentry2.o(.ARM.Collect$$rtentry$$00000009)
    __rt_entry_main                          0x080001c9   Thumb Code     0  __rtentry2.o(.ARM.Collect$$rtentry$$0000000D)
    __rt_entry_postli_1                      0x080001c9   Thumb Code     0  __rtentry2.o(.ARM.Collect$$rtentry$$0000000C)
    __rt_exit                                0x080001d1   Thumb Code     0  rtexit.o(.ARM.Collect$$rtexit$$00000000)
    __rt_exit_ls                             0x080001d3   Thumb Code     0  rtexit2.o(.ARM.Collect$$rtexit$$00000003)
    __rt_exit_prels_1                        0x080001d3   Thumb Code     0  rtexit2.o(.ARM.Collect$$rtexit$$00000002)
    __rt_exit_exit                           0x080001d7   Thumb Code     0  rtexit2.o(.ARM.Collect$$rtexit$$00000004)
    Reset_Handler                            0x080001dd   Thumb Code     8  startup_stm32f10x_md.o(.text)
    ADC1_2_IRQHandler                        0x080001f7   Thumb Code     0  startup_stm32f10x_md.o(.text)
    CAN1_RX1_IRQHandler                      0x080001f7   Thumb Code     0  startup_stm32f10x_md.o(.text)
    CAN1_SCE_IRQHandler                      0x080001f7   Thumb Code     0  startup_stm32f10x_md.o(.text)
    DMA1_Channel1_IRQHandler                 0x080001f7   Thumb Code     0  startup_stm32f10x_md.o(.text)
    DMA1_Channel2_IRQHandler                 0x080001f7   Thumb Code     0  startup_stm32f10x_md.o(.text)
    DMA1_Channel3_IRQHandler                 0x080001f7   Thumb Code     0  startup_stm32f10x_md.o(.text)
    DMA1_Channel4_IRQHandler                 0x080001f7   Thumb Code     0  startup_stm32f10x_md.o(.text)
    DMA1_Channel5_IRQHandler                 0x080001f7   Thumb Code     0  startup_stm32f10x_md.o(.text)
    DMA1_Channel6_IRQHandler                 0x080001f7   Thumb Code     0  startup_stm32f10x_md.o(.text)
    DMA1_Channel7_IRQHandler                 0x080001f7   Thumb Code     0  startup_stm32f10x_md.o(.text)
    EXTI0_IRQHandler                         0x080001f7   Thumb Code     0  startup_stm32f10x_md.o(.text)
    EXTI1_IRQHandler                         0x080001f7   Thumb Code     0  startup_stm32f10x_md.o(.text)
    EXTI2_IRQHandler                         0x080001f7   Thumb Code     0  startup_stm32f10x_md.o(.text)
    EXTI3_IRQHandler                         0x080001f7   Thumb Code     0  startup_stm32f10x_md.o(.text)
    EXTI4_IRQHandler                         0x080001f7   Thumb Code     0  startup_stm32f10x_md.o(.text)
    EXTI9_5_IRQHandler                       0x080001f7   Thumb Code     0  startup_stm32f10x_md.o(.text)
    FLASH_IRQHandler                         0x080001f7   Thumb Code     0  startup_stm32f10x_md.o(.text)
    I2C1_ER_IRQHandler                       0x080001f7   Thumb Code     0  startup_stm32f10x_md.o(.text)
    I2C1_EV_IRQHandler                       0x080001f7   Thumb Code     0  startup_stm32f10x_md.o(.text)
    I2C2_ER_IRQHandler                       0x080001f7   Thumb Code     0  startup_stm32f10x_md.o(.text)
    I2C2_EV_IRQHandler                       0x080001f7   Thumb Code     0  startup_stm32f10x_md.o(.text)
    PVD_IRQHandler                           0x080001f7   Thumb Code     0  startup_stm32f10x_md.o(.text)
    RCC_IRQHandler                           0x080001f7   Thumb Code     0  startup_stm32f10x_md.o(.text)
    RTCAlarm_IRQHandler                      0x080001f7   Thumb Code     0  startup_stm32f10x_md.o(.text)
    RTC_IRQHandler                           0x080001f7   Thumb Code     0  startup_stm32f10x_md.o(.text)
    SPI1_IRQHandler                          0x080001f7   Thumb Code     0  startup_stm32f10x_md.o(.text)
    SPI2_IRQHandler                          0x080001f7   Thumb Code     0  startup_stm32f10x_md.o(.text)
    TAMPER_IRQHandler                        0x080001f7   Thumb Code     0  startup_stm32f10x_md.o(.text)
    TIM1_BRK_IRQHandler                      0x080001f7   Thumb Code     0  startup_stm32f10x_md.o(.text)
    TIM1_CC_IRQHandler                       0x080001f7   Thumb Code     0  startup_stm32f10x_md.o(.text)
    TIM1_TRG_COM_IRQHandler                  0x080001f7   Thumb Code     0  startup_stm32f10x_md.o(.text)
    TIM1_UP_IRQHandler                       0x080001f7   Thumb Code     0  startup_stm32f10x_md.o(.text)
    TIM2_IRQHandler                          0x080001f7   Thumb Code     0  startup_stm32f10x_md.o(.text)
    TIM3_IRQHandler                          0x080001f7   Thumb Code     0  startup_stm32f10x_md.o(.text)
    USART3_IRQHandler                        0x080001f7   Thumb Code     0  startup_stm32f10x_md.o(.text)
    USBWakeUp_IRQHandler                     0x080001f7   Thumb Code     0  startup_stm32f10x_md.o(.text)
    USB_HP_CAN1_TX_IRQHandler                0x080001f7   Thumb Code     0  startup_stm32f10x_md.o(.text)
    __user_initial_stackheap                 0x080001f9   Thumb Code     0  startup_stm32f10x_md.o(.text)
    OS_CPU_SR_Save                           0x0800021d   Thumb Code     0  os_cpu_a.o(.text)
    OS_CPU_SR_Restore                        0x08000225   Thumb Code     0  os_cpu_a.o(.text)
    OSStartHighRdy                           0x0800022b   Thumb Code     0  os_cpu_a.o(.text)
    OSCtxSw                                  0x0800024d   Thumb Code     0  os_cpu_a.o(.text)
    OSIntCtxSw                               0x0800025b   Thumb Code     0  os_cpu_a.o(.text)
    PendSV_Handler                           0x0800026b   Thumb Code     0  os_cpu_a.o(.text)
    __use_no_semihosting                     0x080002d1   Thumb Code     2  use_no_semi_2.o(.text)
    __2printf                                0x080002d5   Thumb Code    20  __2printf.o(.text)
    _printf_pre_padding                      0x080002ed   Thumb Code    44  _printf_pad.o(.text)
    _printf_post_padding                     0x08000319   Thumb Code    34  _printf_pad.o(.text)
    _printf_str                              0x0800033b   Thumb Code    82  _printf_str.o(.text)
    _printf_int_dec                          0x0800038d   Thumb Code   104  _printf_dec.o(.text)
    _printf_longlong_hex                     0x08000405   Thumb Code    86  _printf_hex_int_ll_ptr.o(.text)
    _printf_int_hex                          0x0800045b   Thumb Code    28  _printf_hex_int_ll_ptr.o(.text)
    _printf_ll_hex                           0x08000477   Thumb Code    12  _printf_hex_int_ll_ptr.o(.text)
    _printf_hex_ptr                          0x08000483   Thumb Code    18  _printf_hex_int_ll_ptr.o(.text)
    __printf                                 0x08000499   Thumb Code   388  __printf_flags_ss_wp.o(.text)
    __aeabi_memcpy                           0x08000621   Thumb Code     0  rt_memcpy_v6.o(.text)
    __rt_memcpy                              0x08000621   Thumb Code   138  rt_memcpy_v6.o(.text)
    _memcpy_lastbytes                        0x08000687   Thumb Code     0  rt_memcpy_v6.o(.text)
    __aeabi_memcpy4                          0x080006ab   Thumb Code     0  rt_memcpy_w.o(.text)
    __aeabi_memcpy8                          0x080006ab   Thumb Code     0  rt_memcpy_w.o(.text)
    __rt_memcpy_w                            0x080006ab   Thumb Code   100  rt_memcpy_w.o(.text)
    _memcpy_lastbytes_aligned                0x080006f3   Thumb Code     0  rt_memcpy_w.o(.text)
    __aeabi_memclr                           0x0800070f   Thumb Code     0  rt_memclr.o(.text)
    __rt_memclr                              0x0800070f   Thumb Code    68  rt_memclr.o(.text)
    _memset                                  0x08000713   Thumb Code     0  rt_memclr.o(.text)
    __aeabi_memclr4                          0x08000753   Thumb Code     0  rt_memclr_w.o(.text)
    __aeabi_memclr8                          0x08000753   Thumb Code     0  rt_memclr_w.o(.text)
    __rt_memclr_w                            0x08000753   Thumb Code    78  rt_memclr_w.o(.text)
    _memset_w                                0x08000757   Thumb Code     0  rt_memclr_w.o(.text)
    __use_two_region_memory                  0x080007a1   Thumb Code     2  heapauxi.o(.text)
    __rt_heap_escrow$2region                 0x080007a3   Thumb Code     2  heapauxi.o(.text)
    __rt_heap_expand$2region                 0x080007a5   Thumb Code     2  heapauxi.o(.text)
    __I$use$semihosting                      0x080007a7   Thumb Code     0  use_no_semi.o(.text)
    __use_no_semihosting_swi                 0x080007a7   Thumb Code     2  use_no_semi.o(.text)
    _printf_int_common                       0x080007a9   Thumb Code   178  _printf_intcommon.o(.text)
    _printf_char_common                      0x08000867   Thumb Code    32  _printf_char_common.o(.text)
    _printf_cs_common                        0x0800088d   Thumb Code    20  _printf_char.o(.text)
    _printf_char                             0x080008a1   Thumb Code    16  _printf_char.o(.text)
    _printf_string                           0x080008b1   Thumb Code     8  _printf_char.o(.text)
    _printf_char_file                        0x080008b9   Thumb Code    32  _printf_char_file.o(.text)
    ferror                                   0x080008dd   Thumb Code     8  ferror.o(.text)
    __user_setup_stackheap                   0x080008e5   Thumb Code    74  sys_stackheap_outer.o(.text)
    exit                                     0x0800092f   Thumb Code    12  exit.o(.text)
    __user_libspace                          0x0800093d   Thumb Code     8  libspace.o(.text)
    __user_perproc_libspace                  0x0800093d   Thumb Code     0  libspace.o(.text)
    __user_perthread_libspace                0x0800093d   Thumb Code     0  libspace.o(.text)
    BusFault_Handler                         0x08000945   Thumb Code     4  stm32f10x_it.o(i.BusFault_Handler)
    CAN_DeInit                               0x08000949   Thumb Code    50  stm32f10x_can.o(i.CAN_DeInit)
    CAN_DelHeadReadMsg                       0x08000981   Thumb Code    10  task_can.o(i.CAN_DelHeadReadMsg)
    CAN_FILTERINIT                           0x08000991   Thumb Code   208  can.o(i.CAN_FILTERINIT)
    CAN_FilterInit                           0x08000a9d   Thumb Code   258  stm32f10x_can.o(i.CAN_FilterInit)
    CAN_GPIO_Config                          0x08000ba5   Thumb Code    70  can.o(i.CAN_GPIO_Config)
    CAN_GetHeadReadMsg                       0x08000bf1   Thumb Code    22  task_can.o(i.CAN_GetHeadReadMsg)
    CAN_GetSendTaskStatus                    0x08000c29   Thumb Code     6  task_can_send.o(i.CAN_GetSendTaskStatus)
    CAN_INIT                                 0x08000c35   Thumb Code   128  can.o(i.CAN_INIT)
    CAN_ITConfig                             0x08000cf9   Thumb Code    18  stm32f10x_can.o(i.CAN_ITConfig)
    CAN_Init                                 0x08000d0b   Thumb Code   276  stm32f10x_can.o(i.CAN_Init)
    CAN_NVIC_Configuration                   0x08000e1f   Thumb Code    44  can.o(i.CAN_NVIC_Configuration)
    CAN_QueueReadClean                       0x08000e4b   Thumb Code     8  can_queue_read.o(i.CAN_QueueReadClean)
    CAN_QueueReadDelHead                     0x08000e55   Thumb Code    36  can_queue_read.o(i.CAN_QueueReadDelHead)
    CAN_QueueReadGetHead                     0x08000e7d   Thumb Code    64  can_queue_read.o(i.CAN_QueueReadGetHead)
    CAN_QueueReadInit                        0x08000ec1   Thumb Code    54  can_queue_read.o(i.CAN_QueueReadInit)
    CAN_QueueReadPut                         0x08000f21   Thumb Code    90  can_queue_read.o(i.CAN_QueueReadPut)
    CAN_QueueSendClean                       0x08000f89   Thumb Code     8  can_queue_send.o(i.CAN_QueueSendClean)
    CAN_QueueSendGet                         0x08000f91   Thumb Code    74  can_queue_send.o(i.CAN_QueueSendGet)
    CAN_QueueSendInit                        0x08000fe1   Thumb Code    54  can_queue_send.o(i.CAN_QueueSendInit)
    CAN_QueueSendPut                         0x08001041   Thumb Code    86  can_queue_send.o(i.CAN_QueueSendPut)
    CAN_ReadTaskInit                         0x080010b5   Thumb Code    66  task_can_read.o(i.CAN_ReadTaskInit)
    CAN_ReadTaskPause                        0x08001115   Thumb Code    70  task_can_read.o(i.CAN_ReadTaskPause)
    CAN_ReadTaskStart                        0x08001181   Thumb Code    82  task_can_read.o(i.CAN_ReadTaskStart)
    CAN_Receive                              0x08001219   Thumb Code   240  stm32f10x_can.o(i.CAN_Receive)
    CAN_ResolveMsg                           0x08001309   Thumb Code    40  task_can_read.o(i.CAN_ResolveMsg)
    CAN_SendOneFrame                         0x0800133d   Thumb Code    38  task_can_send.o(i.CAN_SendOneFrame)
    CAN_SendPutMsg                           0x08001389   Thumb Code    28  task_can.o(i.CAN_SendPutMsg)
    CAN_SendTaskInit                         0x080013c1   Thumb Code    64  task_can_send.o(i.CAN_SendTaskInit)
    CAN_SendTaskPause                        0x08001421   Thumb Code    70  task_can_send.o(i.CAN_SendTaskPause)
    CAN_SendTaskStart                        0x0800148d   Thumb Code    82  task_can_send.o(i.CAN_SendTaskStart)
    CAN_StructInit                           0x08001525   Thumb Code    32  stm32f10x_can.o(i.CAN_StructInit)
    CAN_TRANSMIT                             0x08001545   Thumb Code   118  can.o(i.CAN_TRANSMIT)
    CAN_TaskInit                             0x080015c1   Thumb Code    40  task_can.o(i.CAN_TaskInit)
    CAN_TaskPause                            0x08001601   Thumb Code    34  task_can.o(i.CAN_TaskPause)
    CAN_TaskStart                            0x08001623   Thumb Code    28  task_can.o(i.CAN_TaskStart)
    CAN_Transmit                             0x0800163f   Thumb Code   294  stm32f10x_can.o(i.CAN_Transmit)
    DMA_Cmd                                  0x080017dd   Thumb Code    24  stm32f10x_dma.o(i.DMA_Cmd)
    DMA_DeInit                               0x080017f5   Thumb Code   324  stm32f10x_dma.o(i.DMA_DeInit)
    DMA_GetCurrDataCounter                   0x08001941   Thumb Code     8  stm32f10x_dma.o(i.DMA_GetCurrDataCounter)
    DMA_Init                                 0x08001949   Thumb Code    60  stm32f10x_dma.o(i.DMA_Init)
    DMA_SetCurrDataCounter                   0x08001985   Thumb Code     4  stm32f10x_dma.o(i.DMA_SetCurrDataCounter)
    DebugMon_Handler                         0x08001989   Thumb Code     2  stm32f10x_it.o(i.DebugMon_Handler)
    EXTI15_10_IRQHandler                     0x0800198d   Thumb Code    82  frameware.o(i.EXTI15_10_IRQHandler)
    EXTI_ClearITPendingBit                   0x08001a11   Thumb Code     6  stm32f10x_exti.o(i.EXTI_ClearITPendingBit)
    EXTI_GetITStatus                         0x08001a1d   Thumb Code    34  stm32f10x_exti.o(i.EXTI_GetITStatus)
    EXTI_Init                                0x08001a45   Thumb Code   142  stm32f10x_exti.o(i.EXTI_Init)
    FRAMEWORK_Init                           0x08001ad9   Thumb Code    94  frameware.o(i.FRAMEWORK_Init)
    GPIO_EXTILineConfig                      0x08001b39   Thumb Code    60  stm32f10x_gpio.o(i.GPIO_EXTILineConfig)
    GPIO_Init                                0x08001b79   Thumb Code   278  stm32f10x_gpio.o(i.GPIO_Init)
    GPIO_PinRemapConfig                      0x08001c91   Thumb Code   138  stm32f10x_gpio.o(i.GPIO_PinRemapConfig)
    GPIO_ReadInputDataBit                    0x08001d21   Thumb Code    18  stm32f10x_gpio.o(i.GPIO_ReadInputDataBit)
    GPIO_SetBits                             0x08001d33   Thumb Code     4  stm32f10x_gpio.o(i.GPIO_SetBits)
    HardFault_Handler                        0x08001d37   Thumb Code     4  stm32f10x_it.o(i.HardFault_Handler)
    KEYACC_Init                              0x08001d3d   Thumb Code    34  keyacc.o(i.KEYACC_Init)
    KEYACC_Scan                              0x08001d65   Thumb Code    14  keyacc.o(i.KEYACC_Scan)
    LED_Init                                 0x08001d79   Thumb Code   118  led.o(i.LED_Init)
    MemManage_Handler                        0x08001dfd   Thumb Code     4  stm32f10x_it.o(i.MemManage_Handler)
    NMI_Handler                              0x08001e15   Thumb Code     2  stm32f10x_it.o(i.NMI_Handler)
    NVIC_Init                                0x08001e19   Thumb Code   100  misc.o(i.NVIC_Init)
    NVIC_PriorityGroupConfig                 0x08001e89   Thumb Code    10  misc.o(i.NVIC_PriorityGroupConfig)
    NVIC_SetVectorTable                      0x08001e9d   Thumb Code    12  misc.o(i.NVIC_SetVectorTable)
    OSInit                                   0x08001eb1   Thumb Code    48  os_core.o(i.OSInit)
    OSInitHookBegin                          0x08001ee1   Thumb Code     8  os_cpu_c.o(i.OSInitHookBegin)
    OSInitHookEnd                            0x08001eed   Thumb Code     2  os_cpu_c.o(i.OSInitHookEnd)
    OSIntEnter                               0x08001ef1   Thumb Code    28  os_core.o(i.OSIntEnter)
    OSIntExit                                0x08001f15   Thumb Code   112  os_core.o(i.OSIntExit)
    OSMutexCreate                            0x08001fa5   Thumb Code   134  os_mutex.o(i.OSMutexCreate)
    OSMutexPend                              0x08002039   Thumb Code   542  os_mutex.o(i.OSMutexPend)
    OSMutexPost                              0x08002271   Thumb Code   186  os_mutex.o(i.OSMutexPost)
    OSSchedLock                              0x080023bd   Thumb Code    50  os_core.o(i.OSSchedLock)
    OSSchedUnlock                            0x080023fd   Thumb Code    82  os_core.o(i.OSSchedUnlock)
    OSSemCreate                              0x0800245d   Thumb Code    68  os_sem.o(i.OSSemCreate)
    OSSemPend                                0x080024a9   Thumb Code   222  os_sem.o(i.OSSemPend)
    OSSemPost                                0x08002595   Thumb Code    88  os_sem.o(i.OSSemPost)
    OSStart                                  0x080025ed   Thumb Code    48  os_core.o(i.OSStart)
    OSTCBInitHook                            0x08002635   Thumb Code     2  os_cpu_c.o(i.OSTCBInitHook)
    OSTaskCreateExt                          0x08002639   Thumb Code   170  os_task.o(i.OSTaskCreateExt)
    OSTaskCreateHook                         0x080026f1   Thumb Code     2  os_cpu_c.o(i.OSTaskCreateHook)
    OSTaskIdleHook                           0x080026f3   Thumb Code     2  os_cpu_c.o(i.OSTaskIdleHook)
    OSTaskNameSet                            0x080026f5   Thumb Code    98  os_task.o(i.OSTaskNameSet)
    OSTaskResume                             0x08002765   Thumb Code   154  os_task.o(i.OSTaskResume)
    OSTaskStatHook                           0x08002811   Thumb Code     2  os_cpu_c.o(i.OSTaskStatHook)
    OSTaskStkChk                             0x08002815   Thumb Code   132  os_task.o(i.OSTaskStkChk)
    OSTaskStkInit                            0x080028a1   Thumb Code   154  os_cpu_c.o(i.OSTaskStkInit)
    OSTaskSuspend                            0x0800293d   Thumb Code   152  os_task.o(i.OSTaskSuspend)
    OSTaskSwHook                             0x080029e5   Thumb Code     2  os_cpu_c.o(i.OSTaskSwHook)
    OSTimeDly                                0x080029e9   Thumb Code   100  os_time.o(i.OSTimeDly)
    OSTimeDlyHMSM                            0x08002a61   Thumb Code    86  os_time.o(i.OSTimeDlyHMSM)
    OSTimeTick                               0x08002ac1   Thumb Code   210  os_core.o(i.OSTimeTick)
    OSTimeTickHook                           0x08002bad   Thumb Code    30  os_cpu_c.o(i.OSTimeTickHook)
    OSTmrSignal                              0x08002bd1   Thumb Code    16  os_tmr.o(i.OSTmrSignal)
    OSTmr_Init                               0x08002be5   Thumb Code   148  os_tmr.o(i.OSTmr_Init)
    OS_EventTaskRdy                          0x08002e1d   Thumb Code   114  os_core.o(i.OS_EventTaskRdy)
    OS_EventTaskRemove                       0x08002ea1   Thumb Code    42  os_core.o(i.OS_EventTaskRemove)
    OS_EventTaskWait                         0x08002ecd   Thumb Code   112  os_core.o(i.OS_EventTaskWait)
    OS_EventWaitListInit                     0x08002f49   Thumb Code    28  os_core.o(i.OS_EventWaitListInit)
    OS_FlagInit                              0x08002f65   Thumb Code    74  os_flag.o(i.OS_FlagInit)
    OS_MemClr                                0x080031c9   Thumb Code    18  os_core.o(i.OS_MemClr)
    OS_QInit                                 0x080031dd   Thumb Code    72  os_q.o(i.OS_QInit)
    OS_Sched                                 0x0800322d   Thumb Code    88  os_core.o(i.OS_Sched)
    OS_TCBInit                               0x080032cd   Thumb Code   278  os_core.o(i.OS_TCBInit)
    OS_TaskIdle                              0x08003401   Thumb Code    34  os_core.o(i.OS_TaskIdle)
    OS_TaskStat                              0x08003429   Thumb Code   116  os_core.o(i.OS_TaskStat)
    OS_TaskStatStkChk                        0x080034b1   Thumb Code    54  os_core.o(i.OS_TaskStatStkChk)
    OS_TaskStkClr                            0x080034ed   Thumb Code    26  os_task.o(i.OS_TaskStkClr)
    PWR_EnterSTOPMode                        0x08003509   Thumb Code    54  stm32f10x_pwr.o(i.PWR_EnterSTOPMode)
    RCC_AHBPeriphClockCmd                    0x08003549   Thumb Code    26  stm32f10x_rcc.o(i.RCC_AHBPeriphClockCmd)
    RCC_APB1PeriphClockCmd                   0x08003569   Thumb Code    26  stm32f10x_rcc.o(i.RCC_APB1PeriphClockCmd)
    RCC_APB1PeriphResetCmd                   0x08003589   Thumb Code    26  stm32f10x_rcc.o(i.RCC_APB1PeriphResetCmd)
    RCC_APB2PeriphClockCmd                   0x080035a9   Thumb Code    26  stm32f10x_rcc.o(i.RCC_APB2PeriphClockCmd)
    RCC_APB2PeriphResetCmd                   0x080035c9   Thumb Code    26  stm32f10x_rcc.o(i.RCC_APB2PeriphResetCmd)
    RCC_GetClocksFreq                        0x080035e9   Thumb Code   192  stm32f10x_rcc.o(i.RCC_GetClocksFreq)
    Ringbuffer_AddBufferHearaddr             0x080036bd   Thumb Code    56  uart_ringbuf.o(i.Ringbuffer_AddBufferHearaddr)
    Ringbuffer_GetbufferHeardata             0x080036f9   Thumb Code   134  uart_ringbuf.o(i.Ringbuffer_GetbufferHeardata)
    Ringbuffer_Init                          0x080037b5   Thumb Code    62  uart_ringbuf.o(i.Ringbuffer_Init)
    Ringbuffer_PutDataToBuffer               0x08003811   Thumb Code   220  uart_ringbuf.o(i.Ringbuffer_PutDataToBuffer)
    SCHEDULE_SetSystemStatus                 0x08003949   Thumb Code     6  task_schedule.o(i.SCHEDULE_SetSystemStatus)
    SCHEDULE_TaskInit                        0x08003955   Thumb Code    40  task_schedule.o(i.SCHEDULE_TaskInit)
    SPEED_GetCanBusStatus                    0x08003985   Thumb Code     6  can_speed.o(i.SPEED_GetCanBusStatus)
    SPEED_GetCanSpeed                        0x08003991   Thumb Code     6  can_speed.o(i.SPEED_GetCanSpeed)
    SPEED_SAE1939_Resolve                    0x0800399d   Thumb Code     8  can_speed.o(i.SPEED_SAE1939_Resolve)
    SPEED_SetCanBusStatus                    0x080039a9   Thumb Code     6  can_speed.o(i.SPEED_SetCanBusStatus)
    SPEED_UartSend                           0x080039b5   Thumb Code    74  can_speed.o(i.SPEED_UartSend)
    SVC_Handler                              0x08003a09   Thumb Code     2  stm32f10x_it.o(i.SVC_Handler)
    SysTick_CLKSourceConfig                  0x08003af5   Thumb Code    40  misc.o(i.SysTick_CLKSourceConfig)
    SysTick_Handler                          0x08003b1d   Thumb Code    24  delay.o(i.SysTick_Handler)
    SystemInit                               0x08003b39   Thumb Code    78  system_stm32f10x.o(i.SystemInit)
    TIM4_IRQHandler                          0x08003b99   Thumb Code    44  usart2.o(i.TIM4_IRQHandler)
    TIM4_Init                                0x08003bcd   Thumb Code    92  usart2.o(i.TIM4_Init)
    TIM4_Set                                 0x08003c2d   Thumb Code    34  usart2.o(i.TIM4_Set)
    TIM_ClearITPendingBit                    0x08003c55   Thumb Code     6  stm32f10x_tim.o(i.TIM_ClearITPendingBit)
    TIM_Cmd                                  0x08003c5b   Thumb Code    24  stm32f10x_tim.o(i.TIM_Cmd)
    TIM_GetITStatus                          0x08003c73   Thumb Code    34  stm32f10x_tim.o(i.TIM_GetITStatus)
    TIM_ITConfig                             0x08003c95   Thumb Code    18  stm32f10x_tim.o(i.TIM_ITConfig)
    TIM_SetCounter                           0x08003ca7   Thumb Code     4  stm32f10x_tim.o(i.TIM_SetCounter)
    TIM_TimeBaseInit                         0x08003cad   Thumb Code   122  stm32f10x_tim.o(i.TIM_TimeBaseInit)
    UARTParse_StartParseOne                  0x08003d51   Thumb Code    44  task_uart_parse.o(i.UARTParse_StartParseOne)
    UARTParse_TaskInit                       0x08003d95   Thumb Code    68  task_uart_parse.o(i.UARTParse_TaskInit)
    UARTRead_StartReadOne                    0x08003dfd   Thumb Code    22  task_uart_read.o(i.UARTRead_StartReadOne)
    UARTRead_TaskInit                        0x08003e1d   Thumb Code    58  task_uart_read.o(i.UARTRead_TaskInit)
    UARTRead_TaskPause                       0x08003e71   Thumb Code    72  task_uart_read.o(i.UARTRead_TaskPause)
    UARTRead_TaskStart                       0x08003ed1   Thumb Code    72  task_uart_read.o(i.UARTRead_TaskStart)
    UARTSend_TaskInit                        0x08003f31   Thumb Code    56  task_uart_send.o(i.UARTSend_TaskInit)
    UARTSend_TaskPause                       0x08003f85   Thumb Code    72  task_uart_send.o(i.UARTSend_TaskPause)
    UARTSend_TaskStart                       0x08003fe5   Thumb Code    72  task_uart_send.o(i.UARTSend_TaskStart)
    UART_DMA_Config                          0x08004045   Thumb Code    72  usart2.o(i.UART_DMA_Config)
    UART_DMA_Enable                          0x0800408d   Thumb Code    32  usart2.o(i.UART_DMA_Enable)
    UART_Detectcrc8                          0x080040ad   Thumb Code    50  uart_detect.o(i.UART_Detectcrc8)
    UART_DetectvaildMsgtype                  0x080040fd   Thumb Code    60  uart_detect.o(i.UART_DetectvaildMsgtype)
    UART_DetectvaildSync                     0x0800414d   Thumb Code    36  uart_detect.o(i.UART_DetectvaildSync)
    UART_ENCODE_GetSend                      0x0800417d   Thumb Code    38  uart_encode.o(i.UART_ENCODE_GetSend)
    UART_Init                                0x080041a5   Thumb Code   154  usart.o(i.UART_Init)
    UART_SEND_DATA                           0x08004249   Thumb Code    38  usart2.o(i.UART_SEND_DATA)
    UART_TaskInit                            0x08004279   Thumb Code    16  task_uart.o(i.UART_TaskInit)
    UART_TaskPause                           0x08004289   Thumb Code    34  task_uart.o(i.UART_TaskPause)
    UART_TaskStart                           0x080042ab   Thumb Code    28  task_uart.o(i.UART_TaskStart)
    USART1_IRQHandler                        0x080042c9   Thumb Code   130  usart.o(i.USART1_IRQHandler)
    USART2_IRQHandler                        0x08004359   Thumb Code    90  usart2.o(i.USART2_IRQHandler)
    USART2_Init                              0x080043d1   Thumb Code   194  usart2.o(i.USART2_Init)
    USART_Cmd                                0x080044a9   Thumb Code    24  stm32f10x_usart.o(i.USART_Cmd)
    USART_DMACmd                             0x080044c1   Thumb Code    18  stm32f10x_usart.o(i.USART_DMACmd)
    USART_DeInit                             0x080044d5   Thumb Code   134  stm32f10x_usart.o(i.USART_DeInit)
    USART_GetITStatus                        0x08004571   Thumb Code    84  stm32f10x_usart.o(i.USART_GetITStatus)
    USART_ITConfig                           0x080045c5   Thumb Code    74  stm32f10x_usart.o(i.USART_ITConfig)
    USART_Init                               0x08004611   Thumb Code   210  stm32f10x_usart.o(i.USART_Init)
    USART_ReceiveData                        0x080046e9   Thumb Code    10  stm32f10x_usart.o(i.USART_ReceiveData)
    USB_LP_CAN1_RX0_IRQHandler               0x080046f5   Thumb Code    38  can.o(i.USB_LP_CAN1_RX0_IRQHandler)
    UsageFault_Handler                       0x08004721   Thumb Code     4  stm32f10x_it.o(i.UsageFault_Handler)
    WWDG_ClearFlag                           0x08004725   Thumb Code     8  stm32f10x_wwdg.o(i.WWDG_ClearFlag)
    WWDG_IRQHandler                          0x08004731   Thumb Code    30  wwdg.o(i.WWDG_IRQHandler)
    WWDG_SetCounter                          0x08004755   Thumb Code    10  stm32f10x_wwdg.o(i.WWDG_SetCounter)
    _is_digit                                0x08004765   Thumb Code    14  __printf_wp.o(i._is_digit)
    _sys_exit                                0x08004773   Thumb Code     6  usart.o(i._sys_exit)
    canconvertuart                           0x08004779   Thumb Code    88  common_convert.o(i.canconvertuart)
    crc8_c1                                  0x080048a5   Thumb Code    32  crc8.o(i.crc8_c1)
    crc8_c2                                  0x080048c9   Thumb Code    32  crc8.o(i.crc8_c2)
    crc8_creator                             0x080048ed   Thumb Code    26  crc8.o(i.crc8_creator)
    crc8_detector                            0x08004907   Thumb Code    26  crc8.o(i.crc8_detector)
    crc8_populate_lsb                        0x08004921   Thumb Code    60  crc8.o(i.crc8_populate_lsb)
    crc8_populate_msb                        0x0800495d   Thumb Code    60  crc8.o(i.crc8_populate_msb)
    crcInit                                  0x08004999   Thumb Code    44  crc8.o(i.crcInit)
    delay_init                               0x080049c9   Thumb Code    76  delay.o(i.delay_init)
    displaystatus                            0x08004a25   Thumb Code   180  task_schedule.o(i.displaystatus)
    entry_sleep_mode                         0x08004af5   Thumb Code    40  sleepwakeup.o(i.entry_sleep_mode)
    exti_Init                                0x08004b39   Thumb Code   136  frameware.o(i.exti_Init)
    fputc                                    0x08004c0d   Thumb Code    24  usart.o(i.fputc)
    main                                     0x08004c29   Thumb Code    52  main.o(i.main)
    schedule_indicate_task                   0x08004c69   Thumb Code    62  task_schedule.o(i.schedule_indicate_task)
    setGPIOModeToAllPins                     0x08004cad   Thumb Code    90  frameware.o(i.setGPIOModeToAllPins)
    start_task                               0x08004d25   Thumb Code    90  main.o(i.start_task)
    sys_mode_entry                           0x08004dd9   Thumb Code    34  sleepwakeup.o(i.sys_mode_entry)
    sys_stop_mode                            0x08004dfb   Thumb Code    20  sleepwakeup.o(i.sys_stop_mode)
    sys_switch                               0x08004e11   Thumb Code    46  frameware.o(i.sys_switch)
    uartconvertcan                           0x08004ff1   Thumb Code    64  common_convert.o(i.uartconvertcan)
    OSUnMapTbl                               0x08005030   Data         256  os_core.o(.constdata)
    Region$$Table$$Base                      0x08005300   Number         0  anon$$obj.o(Region$$Table)
    Region$$Table$$Limit                     0x08005320   Number         0  anon$$obj.o(Region$$Table)
    SystemCoreClock                          0x20000000   Data           4  system_stm32f10x.o(.data)
    AHBPrescTable                            0x20000004   Data          16  system_stm32f10x.o(.data)
    OSCtxSwCtr                               0x20000014   Data           4  os_core.o(.data)
    OSEventFreeList                          0x20000018   Data           4  os_core.o(.data)
    OSFlagFreeList                           0x2000001c   Data           4  os_core.o(.data)
    OSCPUUsage                               0x20000020   Data           1  os_core.o(.data)
    OSIdleCtrMax                             0x20000024   Data           4  os_core.o(.data)
    OSIdleCtrRun                             0x20000028   Data           4  os_core.o(.data)
    OSStatRdy                                0x2000002c   Data           1  os_core.o(.data)
    OSIntNesting                             0x2000002d   Data           1  os_core.o(.data)
    OSLockNesting                            0x2000002e   Data           1  os_core.o(.data)
    OSPrioCur                                0x2000002f   Data           1  os_core.o(.data)
    OSPrioHighRdy                            0x20000030   Data           1  os_core.o(.data)
    OSRdyGrp                                 0x20000031   Data           1  os_core.o(.data)
    OSRdyTbl                                 0x20000032   Data           8  os_core.o(.data)
    OSRunning                                0x2000003a   Data           1  os_core.o(.data)
    OSTaskCtr                                0x2000003b   Data           1  os_core.o(.data)
    OSIdleCtr                                0x2000003c   Data           4  os_core.o(.data)
    OSTCBCur                                 0x20000040   Data           4  os_core.o(.data)
    OSTCBFreeList                            0x20000044   Data           4  os_core.o(.data)
    OSTCBHighRdy                             0x20000048   Data           4  os_core.o(.data)
    OSTCBList                                0x2000004c   Data           4  os_core.o(.data)
    OSTickStepState                          0x20000050   Data           1  os_core.o(.data)
    OSQFreeList                              0x20000054   Data           4  os_core.o(.data)
    OSTime                                   0x20000058   Data           4  os_core.o(.data)
    OSTmrFree                                0x2000005c   Data           2  os_core.o(.data)
    OSTmrUsed                                0x2000005e   Data           2  os_core.o(.data)
    OSTmrTime                                0x20000060   Data           4  os_core.o(.data)
    OSTmrSem                                 0x20000064   Data           4  os_core.o(.data)
    OSTmrSemSignal                           0x20000068   Data           4  os_core.o(.data)
    OSTmrFreeList                            0x2000006c   Data           4  os_core.o(.data)
    OSInterrputSum                           0x20000070   Data           4  os_cpu_c.o(.data)
    USART2_RX_STA                            0x20000076   Data           2  usart2.o(.data)
    __stdout                                 0x2000007c   Data           4  usart.o(.data)
    USART_RX_STA                             0x20000080   Data           2  usart.o(.data)
    baudrate                                 0x20000096   Data           4  main.o(.data)
    g_system_state                           0x2000009a   Data           1  task_schedule.o(.data)
    g_istxfinished                           0x20000145   Data           1  task_can_send.o(.data)
    CAN_SEND_INFO                            0x20000148   Data           8  task_can_send.o(.data)
    g_isfinished                             0x20000155   Data           1  task_can_read.o(.data)
    CAN_QUEUE_INFO                           0x20000158   Data           8  task_can_read.o(.data)
    default_filter                           0x20000160   Data          24  task_can.o(.data)
    g_speed                                  0x2000018a   Data           2  can_speed.o(.data)
    g_isvaild                                0x2000018c   Data           1  can_speed.o(.data)
    OSEventTbl                               0x200001a0   Data         260  os_core.o(.bss)
    OSFlagTbl                                0x200002a4   Data          80  os_core.o(.bss)
    OSTaskStatStk                            0x200002f4   Data         512  os_core.o(.bss)
    OSTaskIdleStk                            0x200004f4   Data         512  os_core.o(.bss)
    OSTCBPrioTbl                             0x200006f4   Data         256  os_core.o(.bss)
    OSTCBTbl                                 0x200007f4   Data        1008  os_core.o(.bss)
    OSQTbl                                   0x20000be4   Data         120  os_core.o(.bss)
    OSTmrTbl                                 0x20000c5c   Data         640  os_core.o(.bss)
    OSTmrTaskStk                             0x20000edc   Data         512  os_core.o(.bss)
    OSTmrWheelTbl                            0x200010dc   Data          64  os_core.o(.bss)
    USART2_TX_BUF                            0x20001120   Data         200  usart2.o(.bss)
    USART2_RX_BUF                            0x200011e8   Data         200  usart2.o(.bss)
    USART_RX_BUF                             0x200012b0   Data         200  usart.o(.bss)
    START_TASK_STK                           0x20001478   Data        1024  main.o(.bss)
    CHK_TASK_STK                             0x20001878   Data         384  main.o(.bss)
    SCHEDULE_INDICATE_TASK_STK               0x200019f8   Data         256  task_schedule.o(.bss)
    UART_PARSE_TASK_STK                      0x20001af8   Data         512  task_uart_parse.o(.bss)
    UART_READ_TASK_STK                       0x20001e0c   Data         256  task_uart_read.o(.bss)
    UART_SEND_TASK_STK                       0x20001f0c   Data         384  task_uart_send.o(.bss)
    CAN_SEND_TASK_STK                        0x2000208c   Data         512  task_can_send.o(.bss)
    CAN_READ_TASK_STK                        0x2000228c   Data         256  task_can_read.o(.bss)
    g_RxMsg                                  0x2000238c   Data          20  task_can_read.o(.bss)
    __libspace_start                         0x200024c0   Data          96  libspace.o(.bss)
    __temporary_stack_top$libspace           0x20002520   Data           0  libspace.o(.bss)



==============================================================================

Memory Map of the image

  Image Entry point : 0x080000ed

  Load Region LR_IROM1 (Base: 0x08000000, Size: 0x000054c0, Max: 0x00010000, ABSOLUTE, COMPRESSED[0x00005374])

    Execution Region ER_IROM1 (Base: 0x08000000, Size: 0x00005320, Max: 0x00010000, ABSOLUTE)

    Base Addr    Size         Type   Attr      Idx    E Section Name        Object

    0x08000000   0x000000ec   Data   RO          163    RESET               startup_stm32f10x_md.o
    0x080000ec   0x00000008   Code   RO         3871  * !!!main             c_w.l(__main.o)
    0x080000f4   0x00000034   Code   RO         4135    !!!scatter          c_w.l(__scatter.o)
    0x08000128   0x0000005a   Code   RO         4133    !!dczerorl2         c_w.l(__dczerorl2.o)
    0x08000182   0x00000002   PAD
    0x08000184   0x0000001c   Code   RO         4137    !!handler_zi        c_w.l(__scatter_zi.o)
    0x080001a0   0x00000000   Code   RO         3858    .ARM.Collect$$_printf_percent$$00000000  c_w.l(_printf_percent.o)
    0x080001a0   0x00000006   Code   RO         3857    .ARM.Collect$$_printf_percent$$00000009  c_w.l(_printf_d.o)
    0x080001a6   0x00000006   Code   RO         3856    .ARM.Collect$$_printf_percent$$0000000C  c_w.l(_printf_x.o)
    0x080001ac   0x00000006   Code   RO         3855    .ARM.Collect$$_printf_percent$$00000014  c_w.l(_printf_s.o)
    0x080001b2   0x00000004   Code   RO         3911    .ARM.Collect$$_printf_percent$$00000017  c_w.l(_printf_percent_end.o)
    0x080001b6   0x00000002   Code   RO         3998    .ARM.Collect$$libinit$$00000000  c_w.l(libinit.o)
    0x080001b8   0x00000000   Code   RO         4015    .ARM.Collect$$libinit$$00000002  c_w.l(libinit2.o)
    0x080001b8   0x00000000   Code   RO         4017    .ARM.Collect$$libinit$$00000004  c_w.l(libinit2.o)
    0x080001b8   0x00000000   Code   RO         4020    .ARM.Collect$$libinit$$0000000A  c_w.l(libinit2.o)
    0x080001b8   0x00000000   Code   RO         4022    .ARM.Collect$$libinit$$0000000C  c_w.l(libinit2.o)
    0x080001b8   0x00000000   Code   RO         4024    .ARM.Collect$$libinit$$0000000E  c_w.l(libinit2.o)
    0x080001b8   0x00000000   Code   RO         4027    .ARM.Collect$$libinit$$00000011  c_w.l(libinit2.o)
    0x080001b8   0x00000000   Code   RO         4029    .ARM.Collect$$libinit$$00000013  c_w.l(libinit2.o)
    0x080001b8   0x00000000   Code   RO         4031    .ARM.Collect$$libinit$$00000015  c_w.l(libinit2.o)
    0x080001b8   0x00000000   Code   RO         4033    .ARM.Collect$$libinit$$00000017  c_w.l(libinit2.o)
    0x080001b8   0x00000000   Code   RO         4035    .ARM.Collect$$libinit$$00000019  c_w.l(libinit2.o)
    0x080001b8   0x00000000   Code   RO         4037    .ARM.Collect$$libinit$$0000001B  c_w.l(libinit2.o)
    0x080001b8   0x00000000   Code   RO         4039    .ARM.Collect$$libinit$$0000001D  c_w.l(libinit2.o)
    0x080001b8   0x00000000   Code   RO         4041    .ARM.Collect$$libinit$$0000001F  c_w.l(libinit2.o)
    0x080001b8   0x00000000   Code   RO         4043    .ARM.Collect$$libinit$$00000021  c_w.l(libinit2.o)
    0x080001b8   0x00000000   Code   RO         4045    .ARM.Collect$$libinit$$00000023  c_w.l(libinit2.o)
    0x080001b8   0x00000000   Code   RO         4047    .ARM.Collect$$libinit$$00000025  c_w.l(libinit2.o)
    0x080001b8   0x00000000   Code   RO         4051    .ARM.Collect$$libinit$$0000002C  c_w.l(libinit2.o)
    0x080001b8   0x00000000   Code   RO         4053    .ARM.Collect$$libinit$$0000002E  c_w.l(libinit2.o)
    0x080001b8   0x00000000   Code   RO         4055    .ARM.Collect$$libinit$$00000030  c_w.l(libinit2.o)
    0x080001b8   0x00000000   Code   RO         4057    .ARM.Collect$$libinit$$00000032  c_w.l(libinit2.o)
    0x080001b8   0x00000002   Code   RO         4058    .ARM.Collect$$libinit$$00000033  c_w.l(libinit2.o)
    0x080001ba   0x00000002   Code   RO         4076    .ARM.Collect$$libshutdown$$00000000  c_w.l(libshutdown.o)
    0x080001bc   0x00000000   Code   RO         4087    .ARM.Collect$$libshutdown$$00000003  c_w.l(libshutdown2.o)
    0x080001bc   0x00000000   Code   RO         4090    .ARM.Collect$$libshutdown$$00000006  c_w.l(libshutdown2.o)
    0x080001bc   0x00000000   Code   RO         4093    .ARM.Collect$$libshutdown$$00000009  c_w.l(libshutdown2.o)
    0x080001bc   0x00000000   Code   RO         4095    .ARM.Collect$$libshutdown$$0000000B  c_w.l(libshutdown2.o)
    0x080001bc   0x00000000   Code   RO         4098    .ARM.Collect$$libshutdown$$0000000E  c_w.l(libshutdown2.o)
    0x080001bc   0x00000002   Code   RO         4099    .ARM.Collect$$libshutdown$$0000000F  c_w.l(libshutdown2.o)
    0x080001be   0x00000000   Code   RO         3875    .ARM.Collect$$rtentry$$00000000  c_w.l(__rtentry.o)
    0x080001be   0x00000000   Code   RO         3924    .ARM.Collect$$rtentry$$00000002  c_w.l(__rtentry2.o)
    0x080001be   0x00000006   Code   RO         3936    .ARM.Collect$$rtentry$$00000004  c_w.l(__rtentry4.o)
    0x080001c4   0x00000000   Code   RO         3926    .ARM.Collect$$rtentry$$00000009  c_w.l(__rtentry2.o)
    0x080001c4   0x00000004   Code   RO         3927    .ARM.Collect$$rtentry$$0000000A  c_w.l(__rtentry2.o)
    0x080001c8   0x00000000   Code   RO         3929    .ARM.Collect$$rtentry$$0000000C  c_w.l(__rtentry2.o)
    0x080001c8   0x00000008   Code   RO         3930    .ARM.Collect$$rtentry$$0000000D  c_w.l(__rtentry2.o)
    0x080001d0   0x00000002   Code   RO         4007    .ARM.Collect$$rtexit$$00000000  c_w.l(rtexit.o)
    0x080001d2   0x00000000   Code   RO         4060    .ARM.Collect$$rtexit$$00000002  c_w.l(rtexit2.o)
    0x080001d2   0x00000004   Code   RO         4061    .ARM.Collect$$rtexit$$00000003  c_w.l(rtexit2.o)
    0x080001d6   0x00000006   Code   RO         4062    .ARM.Collect$$rtexit$$00000004  c_w.l(rtexit2.o)
    0x080001dc   0x00000040   Code   RO          164    .text               startup_stm32f10x_md.o
    0x0800021c   0x000000b4   Code   RO          999    .text               os_cpu_a.o
    0x080002d0   0x00000002   Code   RO         3798    .text               c_w.l(use_no_semi_2.o)
    0x080002d2   0x00000002   PAD
    0x080002d4   0x00000018   Code   RO         3802    .text               c_w.l(__2printf.o)
    0x080002ec   0x0000004e   Code   RO         3808    .text               c_w.l(_printf_pad.o)
    0x0800033a   0x00000052   Code   RO         3810    .text               c_w.l(_printf_str.o)
    0x0800038c   0x00000078   Code   RO         3812    .text               c_w.l(_printf_dec.o)
    0x08000404   0x00000094   Code   RO         3832    .text               c_w.l(_printf_hex_int_ll_ptr.o)
    0x08000498   0x00000188   Code   RO         3852    .text               c_w.l(__printf_flags_ss_wp.o)
    0x08000620   0x0000008a   Code   RO         3861    .text               c_w.l(rt_memcpy_v6.o)
    0x080006aa   0x00000064   Code   RO         3863    .text               c_w.l(rt_memcpy_w.o)
    0x0800070e   0x00000044   Code   RO         3865    .text               c_w.l(rt_memclr.o)
    0x08000752   0x0000004e   Code   RO         3867    .text               c_w.l(rt_memclr_w.o)
    0x080007a0   0x00000006   Code   RO         3869    .text               c_w.l(heapauxi.o)
    0x080007a6   0x00000002   Code   RO         3873    .text               c_w.l(use_no_semi.o)
    0x080007a8   0x000000b2   Code   RO         3878    .text               c_w.l(_printf_intcommon.o)
    0x0800085a   0x00000002   PAD
    0x0800085c   0x00000030   Code   RO         3882    .text               c_w.l(_printf_char_common.o)
    0x0800088c   0x0000002c   Code   RO         3886    .text               c_w.l(_printf_char.o)
    0x080008b8   0x00000024   Code   RO         3888    .text               c_w.l(_printf_char_file.o)
    0x080008dc   0x00000008   Code   RO         3946    .text               c_w.l(ferror.o)
    0x080008e4   0x0000004a   Code   RO         3952    .text               c_w.l(sys_stackheap_outer.o)
    0x0800092e   0x0000000c   Code   RO         3991    .text               c_w.l(exit.o)
    0x0800093a   0x00000002   PAD
    0x0800093c   0x00000008   Code   RO         4004    .text               c_w.l(libspace.o)
    0x08000944   0x00000004   Code   RO            1    i.BusFault_Handler  stm32f10x_it.o
    0x08000948   0x00000038   Code   RO         1506    i.CAN_DeInit        stm32f10x_can.o
    0x08000980   0x00000010   Code   RO         3417    i.CAN_DelHeadReadMsg  task_can.o
    0x08000990   0x0000010c   Code   RO         1002    i.CAN_FILTERINIT    can.o
    0x08000a9c   0x00000108   Code   RO         1508    i.CAN_FilterInit    stm32f10x_can.o
    0x08000ba4   0x0000004c   Code   RO         1003    i.CAN_GPIO_Config   can.o
    0x08000bf0   0x0000001c   Code   RO         3419    i.CAN_GetHeadReadMsg  task_can.o
    0x08000c0c   0x0000001c   Code   RO         3308    i.CAN_GetSendQueue  task_can_send.o
    0x08000c28   0x0000000c   Code   RO         3309    i.CAN_GetSendTaskStatus  task_can_send.o
    0x08000c34   0x000000c4   Code   RO         1004    i.CAN_INIT          can.o
    0x08000cf8   0x00000012   Code   RO         1514    i.CAN_ITConfig      stm32f10x_can.o
    0x08000d0a   0x00000114   Code   RO         1515    i.CAN_Init          stm32f10x_can.o
    0x08000e1e   0x0000002c   Code   RO         1005    i.CAN_NVIC_Configuration  can.o
    0x08000e4a   0x00000008   Code   RO         3584    i.CAN_QueueReadClean  can_queue_read.o
    0x08000e52   0x00000002   PAD
    0x08000e54   0x00000028   Code   RO         3585    i.CAN_QueueReadDelHead  can_queue_read.o
    0x08000e7c   0x00000044   Code   RO         3587    i.CAN_QueueReadGetHead  can_queue_read.o
    0x08000ec0   0x00000060   Code   RO         3588    i.CAN_QueueReadInit  can_queue_read.o
    0x08000f20   0x00000068   Code   RO         3590    i.CAN_QueueReadPut  can_queue_read.o
    0x08000f88   0x00000008   Code   RO         3636    i.CAN_QueueSendClean  can_queue_send.o
    0x08000f90   0x00000050   Code   RO         3637    i.CAN_QueueSendGet  can_queue_send.o
    0x08000fe0   0x00000060   Code   RO         3638    i.CAN_QueueSendInit  can_queue_send.o
    0x08001040   0x00000074   Code   RO         3640    i.CAN_QueueSendPut  can_queue_send.o
    0x080010b4   0x00000060   Code   RO         3369    i.CAN_ReadTaskInit  task_can_read.o
    0x08001114   0x0000006c   Code   RO         3370    i.CAN_ReadTaskPause  task_can_read.o
    0x08001180   0x00000098   Code   RO         3371    i.CAN_ReadTaskStart  task_can_read.o
    0x08001218   0x000000f0   Code   RO         1518    i.CAN_Receive       stm32f10x_can.o
    0x08001308   0x00000034   Code   RO         3372    i.CAN_ResolveMsg    task_can_read.o
    0x0800133c   0x0000004c   Code   RO         3310    i.CAN_SendOneFrame  task_can_send.o
    0x08001388   0x00000038   Code   RO         3421    i.CAN_SendPutMsg    task_can.o
    0x080013c0   0x00000060   Code   RO         3311    i.CAN_SendTaskInit  task_can_send.o
    0x08001420   0x0000006c   Code   RO         3312    i.CAN_SendTaskPause  task_can_send.o
    0x0800148c   0x00000098   Code   RO         3313    i.CAN_SendTaskStart  task_can_send.o
    0x08001524   0x00000020   Code   RO         1521    i.CAN_StructInit    stm32f10x_can.o
    0x08001544   0x0000007c   Code   RO         1006    i.CAN_TRANSMIT      can.o
    0x080015c0   0x00000040   Code   RO         3424    i.CAN_TaskInit      task_can.o
    0x08001600   0x00000022   Code   RO         3425    i.CAN_TaskPause     task_can.o
    0x08001622   0x0000001c   Code   RO         3426    i.CAN_TaskStart     task_can.o
    0x0800163e   0x00000126   Code   RO         1523    i.CAN_Transmit      stm32f10x_can.o
    0x08001764   0x00000078   Code   RO         3314    i.CanSendTask       task_can_send.o
    0x080017dc   0x00000018   Code   RO         2701    i.DMA_Cmd           stm32f10x_dma.o
    0x080017f4   0x0000014c   Code   RO         2702    i.DMA_DeInit        stm32f10x_dma.o
    0x08001940   0x00000008   Code   RO         2703    i.DMA_GetCurrDataCounter  stm32f10x_dma.o
    0x08001948   0x0000003c   Code   RO         2707    i.DMA_Init          stm32f10x_dma.o
    0x08001984   0x00000004   Code   RO         2708    i.DMA_SetCurrDataCounter  stm32f10x_dma.o
    0x08001988   0x00000002   Code   RO            2    i.DebugMon_Handler  stm32f10x_it.o
    0x0800198a   0x00000002   PAD
    0x0800198c   0x00000084   Code   RO         1210    i.EXTI15_10_IRQHandler  frameware.o
    0x08001a10   0x0000000c   Code   RO         2910    i.EXTI_ClearITPendingBit  stm32f10x_exti.o
    0x08001a1c   0x00000028   Code   RO         2914    i.EXTI_GetITStatus  stm32f10x_exti.o
    0x08001a44   0x00000094   Code   RO         2915    i.EXTI_Init         stm32f10x_exti.o
    0x08001ad8   0x0000005e   Code   RO         1211    i.FRAMEWORK_Init    frameware.o
    0x08001b36   0x00000002   PAD
    0x08001b38   0x00000040   Code   RO         1660    i.GPIO_EXTILineConfig  stm32f10x_gpio.o
    0x08001b78   0x00000116   Code   RO         1663    i.GPIO_Init         stm32f10x_gpio.o
    0x08001c8e   0x00000002   PAD
    0x08001c90   0x00000090   Code   RO         1665    i.GPIO_PinRemapConfig  stm32f10x_gpio.o
    0x08001d20   0x00000012   Code   RO         1667    i.GPIO_ReadInputDataBit  stm32f10x_gpio.o
    0x08001d32   0x00000004   Code   RO         1671    i.GPIO_SetBits      stm32f10x_gpio.o
    0x08001d36   0x00000004   Code   RO            3    i.HardFault_Handler  stm32f10x_it.o
    0x08001d3a   0x00000002   PAD
    0x08001d3c   0x00000028   Code   RO         1153    i.KEYACC_Init       keyacc.o
    0x08001d64   0x00000014   Code   RO         1154    i.KEYACC_Scan       keyacc.o
    0x08001d78   0x00000084   Code   RO         1063    i.LED_Init          led.o
    0x08001dfc   0x00000004   Code   RO            4    i.MemManage_Handler  stm32f10x_it.o
    0x08001e00   0x00000014   Code   RO         3704    i.MsgCounter        uart_encode.o
    0x08001e14   0x00000002   Code   RO            5    i.NMI_Handler       stm32f10x_it.o
    0x08001e16   0x00000002   PAD
    0x08001e18   0x00000070   Code   RO         1466    i.NVIC_Init         misc.o
    0x08001e88   0x00000014   Code   RO         1467    i.NVIC_PriorityGroupConfig  misc.o
    0x08001e9c   0x00000014   Code   RO         1468    i.NVIC_SetVectorTable  misc.o
    0x08001eb0   0x00000030   Code   RO          168    i.OSInit            os_core.o
    0x08001ee0   0x0000000c   Code   RO          917    i.OSInitHookBegin   os_cpu_c.o
    0x08001eec   0x00000002   Code   RO          918    i.OSInitHookEnd     os_cpu_c.o
    0x08001eee   0x00000002   PAD
    0x08001ef0   0x00000024   Code   RO          169    i.OSIntEnter        os_core.o
    0x08001f14   0x00000090   Code   RO          170    i.OSIntExit         os_core.o
    0x08001fa4   0x00000094   Code   RO          523    i.OSMutexCreate     os_mutex.o
    0x08002038   0x00000238   Code   RO          525    i.OSMutexPend       os_mutex.o
    0x08002270   0x000000c8   Code   RO          526    i.OSMutexPost       os_mutex.o
    0x08002338   0x00000084   Code   RO          528    i.OSMutex_RdyAtPrio  os_mutex.o
    0x080023bc   0x00000040   Code   RO          171    i.OSSchedLock       os_core.o
    0x080023fc   0x00000060   Code   RO          172    i.OSSchedUnlock     os_core.o
    0x0800245c   0x0000004c   Code   RO          642    i.OSSemCreate       os_sem.o
    0x080024a8   0x000000ec   Code   RO          644    i.OSSemPend         os_sem.o
    0x08002594   0x00000058   Code   RO          646    i.OSSemPost         os_sem.o
    0x080025ec   0x00000048   Code   RO          173    i.OSStart           os_core.o
    0x08002634   0x00000002   Code   RO          919    i.OSTCBInitHook     os_cpu_c.o
    0x08002636   0x00000002   PAD
    0x08002638   0x000000b8   Code   RO          697    i.OSTaskCreateExt   os_task.o
    0x080026f0   0x00000002   Code   RO          920    i.OSTaskCreateHook  os_cpu_c.o
    0x080026f2   0x00000002   Code   RO          922    i.OSTaskIdleHook    os_cpu_c.o
    0x080026f4   0x00000070   Code   RO          701    i.OSTaskNameSet     os_task.o
    0x08002764   0x000000ac   Code   RO          705    i.OSTaskResume      os_task.o
    0x08002810   0x00000002   Code   RO          924    i.OSTaskStatHook    os_cpu_c.o
    0x08002812   0x00000002   PAD
    0x08002814   0x0000008c   Code   RO          706    i.OSTaskStkChk      os_task.o
    0x080028a0   0x0000009a   Code   RO          925    i.OSTaskStkInit     os_cpu_c.o
    0x0800293a   0x00000002   PAD
    0x0800293c   0x000000a8   Code   RO          707    i.OSTaskSuspend     os_task.o
    0x080029e4   0x00000002   Code   RO          926    i.OSTaskSwHook      os_cpu_c.o
    0x080029e6   0x00000002   PAD
    0x080029e8   0x00000078   Code   RO          791    i.OSTimeDly         os_time.o
    0x08002a60   0x00000060   Code   RO          792    i.OSTimeDlyHMSM     os_time.o
    0x08002ac0   0x000000ec   Code   RO          175    i.OSTimeTick        os_core.o
    0x08002bac   0x00000024   Code   RO          927    i.OSTimeTickHook    os_cpu_c.o
    0x08002bd0   0x00000014   Code   RO          831    i.OSTmrSignal       os_tmr.o
    0x08002be4   0x000000b8   Code   RO          837    i.OSTmr_Init        os_tmr.o
    0x08002c9c   0x00000050   Code   RO          838    i.OSTmr_InitTask    os_tmr.o
    0x08002cec   0x0000006c   Code   RO          839    i.OSTmr_Link        os_tmr.o
    0x08002d58   0x00000080   Code   RO          840    i.OSTmr_Task        os_tmr.o
    0x08002dd8   0x00000044   Code   RO          841    i.OSTmr_Unlink      os_tmr.o
    0x08002e1c   0x00000084   Code   RO          178    i.OS_EventTaskRdy   os_core.o
    0x08002ea0   0x0000002a   Code   RO          179    i.OS_EventTaskRemove  os_core.o
    0x08002eca   0x00000002   PAD
    0x08002ecc   0x0000007c   Code   RO          180    i.OS_EventTaskWait  os_core.o
    0x08002f48   0x0000001c   Code   RO          181    i.OS_EventWaitListInit  os_core.o
    0x08002f64   0x00000058   Code   RO          386    i.OS_FlagInit       os_flag.o
    0x08002fbc   0x00000054   Code   RO          182    i.OS_InitEventList  os_core.o
    0x08003010   0x00000054   Code   RO          183    i.OS_InitMisc       os_core.o
    0x08003064   0x00000044   Code   RO          184    i.OS_InitRdyList    os_core.o
    0x080030a8   0x00000080   Code   RO          185    i.OS_InitTCBList    os_core.o
    0x08003128   0x00000050   Code   RO          186    i.OS_InitTaskIdle   os_core.o
    0x08003178   0x00000050   Code   RO          187    i.OS_InitTaskStat   os_core.o
    0x080031c8   0x00000012   Code   RO          188    i.OS_MemClr         os_core.o
    0x080031da   0x00000002   PAD
    0x080031dc   0x00000050   Code   RO          579    i.OS_QInit          os_q.o
    0x0800322c   0x00000074   Code   RO          190    i.OS_Sched          os_core.o
    0x080032a0   0x0000002c   Code   RO          191    i.OS_SchedNew       os_core.o
    0x080032cc   0x00000134   Code   RO          193    i.OS_TCBInit        os_core.o
    0x08003400   0x00000028   Code   RO          194    i.OS_TaskIdle       os_core.o
    0x08003428   0x00000088   Code   RO          195    i.OS_TaskStat       os_core.o
    0x080034b0   0x0000003c   Code   RO          196    i.OS_TaskStatStkChk  os_core.o
    0x080034ec   0x0000001a   Code   RO          709    i.OS_TaskStkClr     os_task.o
    0x08003506   0x00000002   PAD
    0x08003508   0x00000040   Code   RO         2775    i.PWR_EnterSTOPMode  stm32f10x_pwr.o
    0x08003548   0x00000020   Code   RO         2500    i.RCC_AHBPeriphClockCmd  stm32f10x_rcc.o
    0x08003568   0x00000020   Code   RO         2501    i.RCC_APB1PeriphClockCmd  stm32f10x_rcc.o
    0x08003588   0x00000020   Code   RO         2502    i.RCC_APB1PeriphResetCmd  stm32f10x_rcc.o
    0x080035a8   0x00000020   Code   RO         2503    i.RCC_APB2PeriphClockCmd  stm32f10x_rcc.o
    0x080035c8   0x00000020   Code   RO         2504    i.RCC_APB2PeriphResetCmd  stm32f10x_rcc.o
    0x080035e8   0x000000d4   Code   RO         2511    i.RCC_GetClocksFreq  stm32f10x_rcc.o
    0x080036bc   0x0000003c   Code   RO         3739    i.Ringbuffer_AddBufferHearaddr  uart_ringbuf.o
    0x080036f8   0x000000bc   Code   RO         3741    i.Ringbuffer_GetbufferHeardata  uart_ringbuf.o
    0x080037b4   0x0000005c   Code   RO         3742    i.Ringbuffer_Init   uart_ringbuf.o
    0x08003810   0x00000138   Code   RO         3743    i.Ringbuffer_PutDataToBuffer  uart_ringbuf.o
    0x08003948   0x0000000c   Code   RO         3112    i.SCHEDULE_SetSystemStatus  task_schedule.o
    0x08003954   0x00000030   Code   RO         3113    i.SCHEDULE_TaskInit  task_schedule.o
    0x08003984   0x0000000c   Code   RO         3488    i.SPEED_GetCanBusStatus  can_speed.o
    0x08003990   0x0000000c   Code   RO         3489    i.SPEED_GetCanSpeed  can_speed.o
    0x0800399c   0x0000000c   Code   RO         3492    i.SPEED_SAE1939_Resolve  can_speed.o
    0x080039a8   0x0000000c   Code   RO         3493    i.SPEED_SetCanBusStatus  can_speed.o
    0x080039b4   0x00000054   Code   RO         3494    i.SPEED_UartSend    can_speed.o
    0x08003a08   0x00000002   Code   RO            6    i.SVC_Handler       stm32f10x_it.o
    0x08003a0a   0x00000008   Code   RO          116    i.SetSysClock       system_stm32f10x.o
    0x08003a12   0x00000002   PAD
    0x08003a14   0x000000e0   Code   RO          117    i.SetSysClockTo72   system_stm32f10x.o
    0x08003af4   0x00000028   Code   RO         1470    i.SysTick_CLKSourceConfig  misc.o
    0x08003b1c   0x0000001c   Code   RO         1287    i.SysTick_Handler   delay.o
    0x08003b38   0x00000060   Code   RO          119    i.SystemInit        system_stm32f10x.o
    0x08003b98   0x00000034   Code   RO         1075    i.TIM4_IRQHandler   usart2.o
    0x08003bcc   0x00000060   Code   RO         1076    i.TIM4_Init         usart2.o
    0x08003c2c   0x00000028   Code   RO         1077    i.TIM4_Set          usart2.o
    0x08003c54   0x00000006   Code   RO         1962    i.TIM_ClearITPendingBit  stm32f10x_tim.o
    0x08003c5a   0x00000018   Code   RO         1967    i.TIM_Cmd           stm32f10x_tim.o
    0x08003c72   0x00000022   Code   RO         1988    i.TIM_GetITStatus   stm32f10x_tim.o
    0x08003c94   0x00000012   Code   RO         1992    i.TIM_ITConfig      stm32f10x_tim.o
    0x08003ca6   0x00000004   Code   RO         2032    i.TIM_SetCounter    stm32f10x_tim.o
    0x08003caa   0x00000002   PAD
    0x08003cac   0x000000a4   Code   RO         2038    i.TIM_TimeBaseInit  stm32f10x_tim.o
    0x08003d50   0x00000044   Code   RO         3152    i.UARTParse_StartParseOne  task_uart_parse.o
    0x08003d94   0x00000068   Code   RO         3153    i.UARTParse_TaskInit  task_uart_parse.o
    0x08003dfc   0x00000020   Code   RO         3186    i.UARTRead_StartReadOne  task_uart_read.o
    0x08003e1c   0x00000054   Code   RO         3187    i.UARTRead_TaskInit  task_uart_read.o
    0x08003e70   0x00000060   Code   RO         3188    i.UARTRead_TaskPause  task_uart_read.o
    0x08003ed0   0x00000060   Code   RO         3189    i.UARTRead_TaskStart  task_uart_read.o
    0x08003f30   0x00000054   Code   RO         3228    i.UARTSend_TaskInit  task_uart_send.o
    0x08003f84   0x00000060   Code   RO         3229    i.UARTSend_TaskPause  task_uart_send.o
    0x08003fe4   0x00000060   Code   RO         3230    i.UARTSend_TaskStart  task_uart_send.o
    0x08004044   0x00000048   Code   RO         1078    i.UART_DMA_Config   usart2.o
    0x0800408c   0x00000020   Code   RO         1079    i.UART_DMA_Enable   usart2.o
    0x080040ac   0x00000050   Code   RO         3676    i.UART_Detectcrc8   uart_detect.o
    0x080040fc   0x00000050   Code   RO         3677    i.UART_DetectvaildMsgtype  uart_detect.o
    0x0800414c   0x00000030   Code   RO         3678    i.UART_DetectvaildSync  uart_detect.o
    0x0800417c   0x00000026   Code   RO         3706    i.UART_ENCODE_GetSend  uart_encode.o
    0x080041a2   0x00000002   PAD
    0x080041a4   0x000000a4   Code   RO         1365    i.UART_Init         usart.o
    0x08004248   0x00000030   Code   RO         1080    i.UART_SEND_DATA    usart2.o
    0x08004278   0x00000010   Code   RO         3281    i.UART_TaskInit     task_uart.o
    0x08004288   0x00000022   Code   RO         3282    i.UART_TaskPause    task_uart.o
    0x080042aa   0x0000001c   Code   RO         3283    i.UART_TaskStart    task_uart.o
    0x080042c6   0x00000002   PAD
    0x080042c8   0x00000090   Code   RO         1366    i.USART1_IRQHandler  usart.o
    0x08004358   0x00000078   Code   RO         1081    i.USART2_IRQHandler  usart2.o
    0x080043d0   0x000000d8   Code   RO         1082    i.USART2_Init       usart2.o
    0x080044a8   0x00000018   Code   RO         1775    i.USART_Cmd         stm32f10x_usart.o
    0x080044c0   0x00000012   Code   RO         1776    i.USART_DMACmd      stm32f10x_usart.o
    0x080044d2   0x00000002   PAD
    0x080044d4   0x0000009c   Code   RO         1777    i.USART_DeInit      stm32f10x_usart.o
    0x08004570   0x00000054   Code   RO         1779    i.USART_GetITStatus  stm32f10x_usart.o
    0x080045c4   0x0000004a   Code   RO         1781    i.USART_ITConfig    stm32f10x_usart.o
    0x0800460e   0x00000002   PAD
    0x08004610   0x000000d8   Code   RO         1782    i.USART_Init        stm32f10x_usart.o
    0x080046e8   0x0000000a   Code   RO         1789    i.USART_ReceiveData  stm32f10x_usart.o
    0x080046f2   0x00000002   PAD
    0x080046f4   0x0000002c   Code   RO         1007    i.USB_LP_CAN1_RX0_IRQHandler  can.o
    0x08004720   0x00000004   Code   RO            7    i.UsageFault_Handler  stm32f10x_it.o
    0x08004724   0x0000000c   Code   RO         3005    i.WWDG_ClearFlag    stm32f10x_wwdg.o
    0x08004730   0x00000024   Code   RO         1174    i.WWDG_IRQHandler   wwdg.o
    0x08004754   0x00000010   Code   RO         3010    i.WWDG_SetCounter   stm32f10x_wwdg.o
    0x08004764   0x0000000e   Code   RO         3845    i._is_digit         c_w.l(__printf_wp.o)
    0x08004772   0x00000006   Code   RO         1367    i._sys_exit         usart.o
    0x08004778   0x00000058   Code   RO         3778    i.canconvertuart    common_convert.o
    0x080047d0   0x000000d4   Code   RO         3373    i.canreadTask       task_can_read.o
    0x080048a4   0x00000024   Code   RO         1406    i.crc8_c1           crc8.o
    0x080048c8   0x00000024   Code   RO         1407    i.crc8_c2           crc8.o
    0x080048ec   0x0000001a   Code   RO         1408    i.crc8_creator      crc8.o
    0x08004906   0x0000001a   Code   RO         1409    i.crc8_detector     crc8.o
    0x08004920   0x0000003c   Code   RO         1410    i.crc8_populate_lsb  crc8.o
    0x0800495c   0x0000003c   Code   RO         1411    i.crc8_populate_msb  crc8.o
    0x08004998   0x00000030   Code   RO         1412    i.crcInit           crc8.o
    0x080049c8   0x0000005c   Code   RO         1288    i.delay_init        delay.o
    0x08004a24   0x000000d0   Code   RO         3114    i.displaystatus     task_schedule.o
    0x08004af4   0x00000044   Code   RO         3548    i.entry_sleep_mode  sleepwakeup.o
    0x08004b38   0x00000094   Code   RO         1214    i.exti_Init         frameware.o
    0x08004bcc   0x0000003e   Code   RO         1215    i.exti_release      frameware.o
    0x08004c0a   0x00000002   PAD
    0x08004c0c   0x0000001c   Code   RO         1368    i.fputc             usart.o
    0x08004c28   0x00000040   Code   RO         3060    i.main              main.o
    0x08004c68   0x00000044   Code   RO         3115    i.schedule_indicate_task  task_schedule.o
    0x08004cac   0x00000078   Code   RO         1217    i.setGPIOModeToAllPins  frameware.o
    0x08004d24   0x00000070   Code   RO         3061    i.start_task        main.o
    0x08004d94   0x00000044   Code   RO         3549    i.switchoffclk      sleepwakeup.o
    0x08004dd8   0x00000022   Code   RO         3550    i.sys_mode_entry    sleepwakeup.o
    0x08004dfa   0x00000014   Code   RO         3552    i.sys_stop_mode     sleepwakeup.o
    0x08004e0e   0x00000002   PAD
    0x08004e10   0x00000038   Code   RO         1218    i.sys_switch        frameware.o
    0x08004e48   0x000000c4   Code   RO         3154    i.uart_parse_task   task_uart_parse.o
    0x08004f0c   0x00000060   Code   RO         3190    i.uart_read_task    task_uart_read.o
    0x08004f6c   0x00000084   Code   RO         3231    i.uart_send_task    task_uart_send.o
    0x08004ff0   0x00000040   Code   RO         3779    i.uartconvertcan    common_convert.o
    0x08005030   0x00000100   Data   RO          198    .constdata          os_core.o
    0x08005130   0x00000009   Data   RO         1009    .constdata          can.o
    0x08005139   0x00000012   Data   RO         1085    .constdata          usart2.o
    0x0800514b   0x00000015   Data   RO         1219    .constdata          frameware.o
    0x08005160   0x0000002b   Data   RO         3156    .constdata          task_uart_parse.o
    0x0800518b   0x00000038   Data   RO         3192    .constdata          task_uart_read.o
    0x080051c3   0x00000038   Data   RO         3233    .constdata          task_uart_send.o
    0x080051fb   0x00000011   Data   RO         3316    .constdata          task_can_send.o
    0x0800520c   0x00000011   Data   RO         3375    .constdata          task_can_read.o
    0x0800521d   0x00000011   Data   RO         3553    .constdata          sleepwakeup.o
    0x0800522e   0x00000012   Data   RO         3592    .constdata          can_queue_read.o
    0x08005240   0x00000012   Data   RO         3642    .constdata          can_queue_send.o
    0x08005252   0x0000002d   Data   RO         3679    .constdata          uart_detect.o
    0x0800527f   0x00000048   Data   RO         3744    .constdata          uart_ringbuf.o
    0x080052c7   0x00000028   Data   RO         3833    .constdata          c_w.l(_printf_hex_int_ll_ptr.o)
    0x080052ef   0x00000011   Data   RO         3853    .constdata          c_w.l(__printf_flags_ss_wp.o)
    0x08005300   0x00000020   Data   RO         4131    Region$$Table       anon$$obj.o


    Execution Region RW_IRAM1 (Base: 0x20000000, Size: 0x00002b20, Max: 0x00005000, ABSOLUTE, COMPRESSED[0x00000054])

    Base Addr    Size         Type   Attr      Idx    E Section Name        Object

    0x20000000   0x00000014   Data   RW          120    .data               system_stm32f10x.o
    0x20000014   0x0000005c   Data   RW          199    .data               os_core.o
    0x20000070   0x00000006   Data   RW          928    .data               os_cpu_c.o
    0x20000076   0x00000002   Data   RW         1086    .data               usart2.o
    0x20000078   0x00000004   Data   RW         1294    .data               delay.o
    0x2000007c   0x00000006   Data   RW         1370    .data               usart.o
    0x20000082   0x00000014   Data   RW         2531    .data               stm32f10x_rcc.o
    0x20000096   0x00000004   Data   RW         3064    .data               main.o
    0x2000009a   0x00000008   Data   RW         3117    .data               task_schedule.o
    0x200000a2   0x00000002   PAD
    0x200000a4   0x00000088   Data   RW         3157    .data               task_uart_parse.o
    0x2000012c   0x0000000c   Data   RW         3193    .data               task_uart_read.o
    0x20000138   0x00000006   Data   RW         3234    .data               task_uart_send.o
    0x2000013e   0x00000002   PAD
    0x20000140   0x00000010   Data   RW         3317    .data               task_can_send.o
    0x20000150   0x00000010   Data   RW         3376    .data               task_can_read.o
    0x20000160   0x00000019   Data   RW         3427    .data               task_can.o
    0x20000179   0x00000001   PAD
    0x2000017a   0x00000013   Data   RW         3495    .data               can_speed.o
    0x2000018d   0x00000003   PAD
    0x20000190   0x00000004   Data   RW         3593    .data               can_queue_read.o
    0x20000194   0x00000004   Data   RW         3643    .data               can_queue_send.o
    0x20000198   0x00000003   Data   RW         3708    .data               uart_encode.o
    0x2000019b   0x00000001   PAD
    0x2000019c   0x00000004   Data   RW         3745    .data               uart_ringbuf.o
    0x200001a0   0x00000f7c   Zero   RW          197    .bss                os_core.o
    0x2000111c   0x00000004   PAD
    0x20001120   0x00000190   Zero   RW         1084    .bss                usart2.o
    0x200012b0   0x000000c8   Zero   RW         1369    .bss                usart.o
    0x20001378   0x00000100   Zero   RW         1413    .bss                crc8.o
    0x20001478   0x00000580   Zero   RW         3062    .bss                main.o
    0x200019f8   0x00000100   Zero   RW         3116    .bss                task_schedule.o
    0x20001af8   0x00000314   Zero   RW         3155    .bss                task_uart_parse.o
    0x20001e0c   0x00000100   Zero   RW         3191    .bss                task_uart_read.o
    0x20001f0c   0x00000180   Zero   RW         3232    .bss                task_uart_send.o
    0x2000208c   0x00000200   Zero   RW         3315    .bss                task_can_send.o
    0x2000228c   0x00000114   Zero   RW         3374    .bss                task_can_read.o
    0x200023a0   0x000000a0   Zero   RW         3591    .bss                can_queue_read.o
    0x20002440   0x00000080   Zero   RW         3641    .bss                can_queue_send.o
    0x200024c0   0x00000060   Zero   RW         4005    .bss                c_w.l(libspace.o)
    0x20002520   0x00000200   Zero   RW          162    HEAP                startup_stm32f10x_md.o
    0x20002720   0x00000400   Zero   RW          161    STACK               startup_stm32f10x_md.o


==============================================================================

Image component sizes


      Code (inc. data)   RO Data    RW Data    ZI Data      Debug   Object Name

       752        146          9          0          0       4667   can.o
       316         64         18          4        160       3494   can_queue_read.o
       300         78         18          4        128       2947   can_queue_send.o
       132         32          0         19          0       3201   can_speed.o
       152          0          0          0          0       1558   common_convert.o
         0          0          0          0          0         32   core_cm3.o
       292         12          0          0        256       4641   crc8.o
       120         20          0          4          0       1099   delay.o
       612        102         21          0          0       3768   frameware.o
        60         12          0          0          0        920   keyacc.o
       132         14          0          0          0        495   led.o
       176         34          0          4       1408       1931   main.o
       192         30          0          0          0       2347   misc.o
      2268        410        256         92       3964      22773   os_core.o
       180         36          0          0          0        308   os_cpu_a.o
       214         10          0          6          0      13412   os_cpu_c.o
        88         14          0          0          0       8710   os_flag.o
      1048         72          0          0          0       3624   os_mutex.o
        80          8          0          0          0        531   os_q.o
       400         22          0          0          0       2258   os_sem.o
       802         70          0          0          0       4912   os_task.o
       216         30          0          0          0       1288   os_time.o
       588         98          0          0          0       3603   os_tmr.o
       190         36         17          0          0       1812   sleepwakeup.o
        64         26        236          0       1536        776   startup_stm32f10x_md.o
      1180         12          0          0          0       5010   stm32f10x_can.o
       428          8          0          0          0       4240   stm32f10x_dma.o
       200         18          0          0          0       1896   stm32f10x_exti.o
       508         10          0          0          0       4235   stm32f10x_gpio.o
        22          0          0          0          0     274135   stm32f10x_it.o
        64         10          0          0          0        584   stm32f10x_pwr.o
       372         50          0         20          0       5776   stm32f10x_rcc.o
       250         42          0          0          0       3731   stm32f10x_tim.o
       582         28          0          0          0       5736   stm32f10x_usart.o
        28         10          0          0          0        875   stm32f10x_wwdg.o
       328         28          0         20          0       2041   system_stm32f10x.o
       226         64          0         25          0       3812   task_can.o
       620        202         17         16        276       4220   task_can_read.o
       592        224         17         16        512       5939   task_can_send.o
       336         48          0          8        256       2936   task_schedule.o
        78          0          0          0          0       1458   task_uart.o
       368         78         43        136        788       3089   task_uart_parse.o
       404        104         56         12        256       3747   task_uart_read.o
       408        116         56          6        384       4179   task_uart_send.o
       208         62         45          0          0       2015   uart_detect.o
        58          4          0          3          0       2520   uart_encode.o
       652        180         72          4          0       3569   uart_ringbuf.o
       342         28          0          6        200       4060   usart.o
       676         80         18          2        400       5380   usart2.o
        36          6          0          0          0        434   wwdg.o

    ----------------------------------------------------------------------
     18386       2788        931        416      10528     450724   Object Totals
         0          0         32          0          0          0   (incl. Generated)
        46          0          0          9          4          0   (incl. Padding)

    ----------------------------------------------------------------------

      Code (inc. data)   RO Data    RW Data    ZI Data      Debug   Library Member Name

        24          4          0          0          0         84   __2printf.o
        90          0          0          0          0          0   __dczerorl2.o
         8          0          0          0          0         68   __main.o
       392          4         17          0          0         92   __printf_flags_ss_wp.o
        14          0          0          0          0         68   __printf_wp.o
         0          0          0          0          0          0   __rtentry.o
        12          0          0          0          0          0   __rtentry2.o
         6          0          0          0          0          0   __rtentry4.o
        52          8          0          0          0          0   __scatter.o
        28          0          0          0          0          0   __scatter_zi.o
        44          0          0          0          0        108   _printf_char.o
        48          6          0          0          0         96   _printf_char_common.o
        36          4          0          0          0         80   _printf_char_file.o
         6          0          0          0          0          0   _printf_d.o
       120         16          0          0          0         92   _printf_dec.o
       148          4         40          0          0        160   _printf_hex_int_ll_ptr.o
       178          0          0          0          0         88   _printf_intcommon.o
        78          0          0          0          0        108   _printf_pad.o
         0          0          0          0          0          0   _printf_percent.o
         4          0          0          0          0          0   _printf_percent_end.o
         6          0          0          0          0          0   _printf_s.o
        82          0          0          0          0         80   _printf_str.o
         6          0          0          0          0          0   _printf_x.o
        12          0          0          0          0         72   exit.o
         8          0          0          0          0         68   ferror.o
         6          0          0          0          0        152   heapauxi.o
         2          0          0          0          0          0   libinit.o
         2          0          0          0          0          0   libinit2.o
         2          0          0          0          0          0   libshutdown.o
         2          0          0          0          0          0   libshutdown2.o
         8          4          0          0         96         68   libspace.o
        68          0          0          0          0         68   rt_memclr.o
        78          0          0          0          0         80   rt_memclr_w.o
       138          0          0          0          0         68   rt_memcpy_v6.o
       100          0          0          0          0         80   rt_memcpy_w.o
         2          0          0          0          0          0   rtexit.o
        10          0          0          0          0          0   rtexit2.o
        74          0          0          0          0         80   sys_stackheap_outer.o
         2          0          0          0          0         68   use_no_semi.o
         2          0          0          0          0         68   use_no_semi_2.o

    ----------------------------------------------------------------------
      1906         50         57          0         96       1996   Library Totals
         8          0          0          0          0          0   (incl. Padding)

    ----------------------------------------------------------------------

      Code (inc. data)   RO Data    RW Data    ZI Data      Debug   Library Name

      1898         50         57          0         96       1996   c_w.l

    ----------------------------------------------------------------------
      1906         50         57          0         96       1996   Library Totals

    ----------------------------------------------------------------------

==============================================================================


      Code (inc. data)   RO Data    RW Data    ZI Data      Debug   

     20292       2838        988        416      10624     440704   Grand Totals
     20292       2838        988         84      10624     440704   ELF Image Totals (compressed)
     20292       2838        988         84          0          0   ROM Totals

==============================================================================

    Total RO  Size (Code + RO Data)                21280 (  20.78kB)
    Total RW  Size (RW Data + ZI Data)             11040 (  10.78kB)
    Total ROM Size (Code + RO Data + RW Data)      21364 (  20.86kB)

==============================================================================

