Component: ARM Compiler 5.05 update 1 (build 106) Tool: armlink [4d0efa]

==============================================================================

Section Cross References

    system_stm32f10x.o(i.SetSysClock) refers to system_stm32f10x.o(i.SetSysClockTo72) for SetSysClockTo72
    system_stm32f10x.o(i.SystemCoreClockUpdate) refers to system_stm32f10x.o(.data) for SystemCoreClock
    system_stm32f10x.o(i.SystemInit) refers to system_stm32f10x.o(i.SetSysClock) for SetSysClock
    startup_stm32f10x_md.o(STACK) refers (Special) to heapauxi.o(.text) for __use_two_region_memory
    startup_stm32f10x_md.o(HEAP) refers (Special) to heapauxi.o(.text) for __use_two_region_memory
    startup_stm32f10x_md.o(RESET) refers (Special) to heapauxi.o(.text) for __use_two_region_memory
    startup_stm32f10x_md.o(RESET) refers to startup_stm32f10x_md.o(STACK) for __initial_sp
    startup_stm32f10x_md.o(RESET) refers to startup_stm32f10x_md.o(.text) for Reset_Handler
    startup_stm32f10x_md.o(RESET) refers to stm32f10x_it.o(i.NMI_Handler) for NMI_Handler
    startup_stm32f10x_md.o(RESET) refers to stm32f10x_it.o(i.HardFault_Handler) for HardFault_Handler
    startup_stm32f10x_md.o(RESET) refers to stm32f10x_it.o(i.MemManage_Handler) for MemManage_Handler
    startup_stm32f10x_md.o(RESET) refers to stm32f10x_it.o(i.BusFault_Handler) for BusFault_Handler
    startup_stm32f10x_md.o(RESET) refers to stm32f10x_it.o(i.UsageFault_Handler) for UsageFault_Handler
    startup_stm32f10x_md.o(RESET) refers to stm32f10x_it.o(i.SVC_Handler) for SVC_Handler
    startup_stm32f10x_md.o(RESET) refers to stm32f10x_it.o(i.DebugMon_Handler) for DebugMon_Handler
    startup_stm32f10x_md.o(RESET) refers to os_cpu_a.o(.text) for PendSV_Handler
    startup_stm32f10x_md.o(RESET) refers to delay.o(i.SysTick_Handler) for SysTick_Handler
    startup_stm32f10x_md.o(RESET) refers to can.o(i.USB_LP_CAN1_RX0_IRQHandler) for USB_LP_CAN1_RX0_IRQHandler
    startup_stm32f10x_md.o(RESET) refers to usart2.o(i.TIM4_IRQHandler) for TIM4_IRQHandler
    startup_stm32f10x_md.o(RESET) refers to usart.o(i.USART1_IRQHandler) for USART1_IRQHandler
    startup_stm32f10x_md.o(RESET) refers to usart2.o(i.USART2_IRQHandler) for USART2_IRQHandler
    startup_stm32f10x_md.o(.text) refers (Special) to heapauxi.o(.text) for __use_two_region_memory
    startup_stm32f10x_md.o(.text) refers to system_stm32f10x.o(i.SystemInit) for SystemInit
    startup_stm32f10x_md.o(.text) refers to __main.o(!!!main) for __main
    startup_stm32f10x_md.o(.text) refers to startup_stm32f10x_md.o(HEAP) for Heap_Mem
    startup_stm32f10x_md.o(.text) refers to startup_stm32f10x_md.o(STACK) for Stack_Mem
    os_core.o(i.OSInit) refers to os_cpu_c.o(i.OSInitHookBegin) for OSInitHookBegin
    os_core.o(i.OSInit) refers to os_core.o(i.OS_InitMisc) for OS_InitMisc
    os_core.o(i.OSInit) refers to os_core.o(i.OS_InitRdyList) for OS_InitRdyList
    os_core.o(i.OSInit) refers to os_core.o(i.OS_InitTCBList) for OS_InitTCBList
    os_core.o(i.OSInit) refers to os_core.o(i.OS_InitEventList) for OS_InitEventList
    os_core.o(i.OSInit) refers to os_flag.o(i.OS_FlagInit) for OS_FlagInit
    os_core.o(i.OSInit) refers to os_q.o(i.OS_QInit) for OS_QInit
    os_core.o(i.OSInit) refers to os_core.o(i.OS_InitTaskIdle) for OS_InitTaskIdle
    os_core.o(i.OSInit) refers to os_core.o(i.OS_InitTaskStat) for OS_InitTaskStat
    os_core.o(i.OSInit) refers to os_tmr.o(i.OSTmr_Init) for OSTmr_Init
    os_core.o(i.OSInit) refers to os_cpu_c.o(i.OSInitHookEnd) for OSInitHookEnd
    os_core.o(i.OSIntEnter) refers to os_core.o(.data) for OSRunning
    os_core.o(i.OSIntExit) refers to os_cpu_a.o(.text) for OS_CPU_SR_Save
    os_core.o(i.OSIntExit) refers to os_core.o(i.OS_SchedNew) for OS_SchedNew
    os_core.o(i.OSIntExit) refers to os_core.o(.data) for OSRunning
    os_core.o(i.OSIntExit) refers to os_core.o(.bss) for OSTCBPrioTbl
    os_core.o(i.OSSchedLock) refers to os_cpu_a.o(.text) for OS_CPU_SR_Save
    os_core.o(i.OSSchedLock) refers to os_core.o(.data) for OSRunning
    os_core.o(i.OSSchedUnlock) refers to os_cpu_a.o(.text) for OS_CPU_SR_Save
    os_core.o(i.OSSchedUnlock) refers to os_core.o(i.OS_Sched) for OS_Sched
    os_core.o(i.OSSchedUnlock) refers to os_core.o(.data) for OSRunning
    os_core.o(i.OSStart) refers to os_core.o(i.OS_SchedNew) for OS_SchedNew
    os_core.o(i.OSStart) refers to os_cpu_a.o(.text) for OSStartHighRdy
    os_core.o(i.OSStart) refers to os_core.o(.data) for OSRunning
    os_core.o(i.OSStart) refers to os_core.o(.bss) for OSTCBPrioTbl
    os_core.o(i.OSStatInit) refers to os_time.o(i.OSTimeDly) for OSTimeDly
    os_core.o(i.OSStatInit) refers to os_cpu_a.o(.text) for OS_CPU_SR_Save
    os_core.o(i.OSStatInit) refers to os_core.o(.data) for OSIdleCtr
    os_core.o(i.OSTimeTick) refers to os_cpu_c.o(i.OSTimeTickHook) for OSTimeTickHook
    os_core.o(i.OSTimeTick) refers to os_cpu_a.o(.text) for OS_CPU_SR_Save
    os_core.o(i.OSTimeTick) refers to os_core.o(.data) for OSTime
[...]
    .ARM.Collect$$libinit$$0000001D          0x0800016c   Section        0  libinit2.o(.ARM.Collect$$libinit$$0000001D)
    .ARM.Collect$$libinit$$0000001F          0x0800016c   Section        0  libinit2.o(.ARM.Collect$$libinit$$0000001F)
    .ARM.Collect$$libinit$$00000021          0x0800016c   Section        0  libinit2.o(.ARM.Collect$$libinit$$00000021)
    .ARM.Collect$$libinit$$00000023          0x0800016c   Section        0  libinit2.o(.ARM.Collect$$libinit$$00000023)
    .ARM.Collect$$libinit$$00000025          0x0800016c   Section        0  libinit2.o(.ARM.Collect$$libinit$$00000025)
    .ARM.Collect$$libinit$$0000002C          0x0800016c   Section        0  libinit2.o(.ARM.Collect$$libinit$$0000002C)
    .ARM.Collect$$libinit$$0000002E          0x0800016c   Section        0  libinit2.o(.ARM.Collect$$libinit$$0000002E)
    .ARM.Collect$$libinit$$00000030          0x0800016c   Section        0  libinit2.o(.ARM.Collect$$libinit$$00000030)
    .ARM.Collect$$libinit$$00000032          0x0800016c   Section        0  libinit2.o(.ARM.Collect$$libinit$$00000032)
    .ARM.Collect$$libinit$$00000033          0x0800016c   Section        2  libinit2.o(.ARM.Collect$$libinit$$00000033)
    .ARM.Collect$$libshutdown$$00000000      0x0800016e   Section        2  libshutdown.o(.ARM.Collect$$libshutdown$$00000000)
    .ARM.Collect$$libshutdown$$00000003      0x08000170   Section        0  libshutdown2.o(.ARM.Collect$$libshutdown$$00000003)
    .ARM.Collect$$libshutdown$$00000006      0x08000170   Section        0  libshutdown2.o(.ARM.Collect$$libshutdown$$00000006)
    .ARM.Collect$$libshutdown$$00000009      0x08000170   Section        0  libshutdown2.o(.ARM.Collect$$libshutdown$$00000009)
    .ARM.Collect$$libshutdown$$0000000B      0x08000170   Section        0  libshutdown2.o(.ARM.Collect$$libshutdown$$0000000B)
    .ARM.Collect$$libshutdown$$0000000E      0x08000170   Section        0  libshutdown2.o(.ARM.Collect$$libshutdown$$0000000E)
    .ARM.Collect$$libshutdown$$0000000F      0x08000170   Section        2  libshutdown2.o(.ARM.Collect$$libshutdown$$0000000F)
    .ARM.Collect$$rtentry$$00000000          0x08000172   Section        0  __rtentry.o(.ARM.Collect$$rtentry$$00000000)
    .ARM.Collect$$rtentry$$00000002          0x08000172   Section        0  __rtentry2.o(.ARM.Collect$$rtentry$$00000002)
    .ARM.Collect$$rtentry$$00000004          0x08000172   Section        6  __rtentry4.o(.ARM.Collect$$rtentry$$00000004)
    .ARM.Collect$$rtentry$$00000009          0x08000178   Section        0  __rtentry2.o(.ARM.Collect$$rtentry$$00000009)
    .ARM.Collect$$rtentry$$0000000A          0x08000178   Section        4  __rtentry2.o(.ARM.Collect$$rtentry$$0000000A)
    .ARM.Collect$$rtentry$$0000000C          0x0800017c   Section        0  __rtentry2.o(.ARM.Collect$$rtentry$$0000000C)
    .ARM.Collect$$rtentry$$0000000D          0x0800017c   Section        8  __rtentry2.o(.ARM.Collect$$rtentry$$0000000D)
    .ARM.Collect$$rtexit$$00000000           0x08000184   Section        2  rtexit.o(.ARM.Collect$$rtexit$$00000000)
    .ARM.Collect$$rtexit$$00000002           0x08000186   Section        0  rtexit2.o(.ARM.Collect$$rtexit$$00000002)
    .ARM.Collect$$rtexit$$00000003           0x08000186   Section        4  rtexit2.o(.ARM.Collect$$rtexit$$00000003)
    .ARM.Collect$$rtexit$$00000004           0x0800018a   Section        6  rtexit2.o(.ARM.Collect$$rtexit$$00000004)
    .text                                    0x08000190   Section       64  startup_stm32f10x_md.o(.text)
    .text                                    0x080001d0   Section      180  os_cpu_a.o(.text)
    .text                                    0x08000284   Section        2  use_no_semi_2.o(.text)
    .text                                    0x08000288   Section        0  __2printf.o(.text)
    .text                                    0x080002a0   Section        0  _printf_pad.o(.text)
    .text                                    0x080002f0   Section        0  _printf_hex_int_ll_ptr.o(.text)
    _printf_hex_common                       0x080002f1   Thumb Code     0  _printf_hex_int_ll_ptr.o(.text)
    .text                                    0x08000384   Section        0  __printf_flags_ss_wp.o(.text)
    .text                                    0x0800050c   Section      138  rt_memcpy_v6.o(.text)
    .text                                    0x08000596   Section      100  rt_memcpy_w.o(.text)
    .text                                    0x080005fa   Section       68  rt_memclr.o(.text)
    .text                                    0x0800063e   Section       78  rt_memclr_w.o(.text)
    .text                                    0x0800068c   Section        0  heapauxi.o(.text)
    .text                                    0x08000692   Section        2  use_no_semi.o(.text)
    .text                                    0x08000694   Section        0  _printf_intcommon.o(.text)
    .text                                    0x08000748   Section        0  _printf_char_common.o(.text)
    _printf_input_char                       0x08000749   Thumb Code    10  _printf_char_common.o(.text)
    .text                                    0x08000778   Section        0  _printf_char_file.o(.text)
    .text                                    0x0800079c   Section        0  ferror.o(.text)
    .text                                    0x080007a4   Section       74  sys_stackheap_outer.o(.text)
    .text                                    0x080007ee   Section        0  exit.o(.text)
    .text                                    0x080007fc   Section        8  libspace.o(.text)
    i.BusFault_Handler                       0x08000804   Section        0  stm32f10x_it.o(i.BusFault_Handler)
    i.CAN_DeInit                             0x08000808   Section        0  stm32f10x_can.o(i.CAN_DeInit)
    i.CAN_FILTERINIT                         0x08000840   Section        0  can.o(i.CAN_FILTERINIT)
    i.CAN_FilterInit                         0x0800094c   Section        0  stm32f10x_can.o(i.CAN_FilterInit)
    i.CAN_GPIO_Config                        0x08000a54   Section        0  can.o(i.CAN_GPIO_Config)
    i.CAN_INIT                               0x08000aa0   Section        0  can.o(i.CAN_INIT)
    i.CAN_ITConfig                           0x08000afc   Section        0  stm32f10x_can.o(i.CAN_ITConfig)
    i.CAN_Init                               0x08000b0e   Section        0  stm32f10x_can.o(i.CAN_Init)
    i.CAN_NVIC_Configuration                 0x08000c22   Section        0  can.o(i.CAN_NVIC_Configuration)
    i.CAN_Receive                            0x08000c4c   Section        0  stm32f10x_can.o(i.CAN_Receive)
    i.CAN_StructInit                         0x08000d3c   Section        0  stm32f10x_can.o(i.CAN_StructInit)
    i.CAN_Transmit                           0x08000d5c   Section        0  stm32f10x_can.o(i.CAN_Transmit)
    i.DMA_DeInit                             0x08000e84   Section        0  stm32f10x_dma.o(i.DMA_DeInit)
    i.DMA_Init                               0x08000fd0   Section        0  stm32f10x_dma.o(i.DMA_Init)
    i.DebugMon_Handler                       0x0800100c   Section        0  stm32f10x_it.o(i.DebugMon_Handler)
    i.GPIO_Init                              0x0800100e   Section        0  stm32f10x_gpio.o(i.GPIO_Init)
    i.GPIO_SetBits                           0x08001124   Section        0  stm32f10x_gpio.o(i.GPIO_SetBits)
    i.HardFault_Handler                      0x08001128   Section        0  stm32f10x_it.o(i.HardFault_Handler)
    i.LED_Init                               0x0800112c   Section        0  led.o(i.LED_Init)
    i.MemManage_Handler                      0x080011b0   Section        0  stm32f10x_it.o(i.MemManage_Handler)
    i.NMI_Handler                            0x080011b4   Section        0  stm32f10x_it.o(i.NMI_Handler)
    i.NVIC_Init                              0x080011b8   Section        0  misc.o(i.NVIC_Init)
    i.NVIC_PriorityGroupConfig               0x08001228   Section        0  misc.o(i.NVIC_PriorityGroupConfig)
    i.NVIC_SetVectorTable                    0x0800123c   Section        0  misc.o(i.NVIC_SetVectorTable)
    i.OSInit                                 0x08001250   Section        0  os_core.o(i.OSInit)
    i.OSInitHookBegin                        0x08001280   Section        0  os_cpu_c.o(i.OSInitHookBegin)
    i.OSInitHookEnd                          0x0800128c   Section        0  os_cpu_c.o(i.OSInitHookEnd)
    i.OSIntEnter                             0x08001290   Section        0  os_core.o(i.OSIntEnter)
    i.OSIntExit                              0x080012b4   Section        0  os_core.o(i.OSIntExit)
    i.OSSchedLock                            0x08001344   Section        0  os_core.o(i.OSSchedLock)
    i.OSSchedUnlock                          0x08001384   Section        0  os_core.o(i.OSSchedUnlock)
    i.OSSemCreate                            0x080013e4   Section        0  os_sem.o(i.OSSemCreate)
    i.OSSemPend                              0x08001430   Section        0  os_sem.o(i.OSSemPend)
    i.OSSemPost                              0x0800151c   Section        0  os_sem.o(i.OSSemPost)
    i.OSStart                                0x08001574   Section        0  os_core.o(i.OSStart)
    i.OSTCBInitHook                          0x080015bc   Section        0  os_cpu_c.o(i.OSTCBInitHook)
    i.OSTaskCreate                           0x080015c0   Section        0  os_task.o(i.OSTaskCreate)
    i.OSTaskCreateExt                        0x08001660   Section        0  os_task.o(i.OSTaskCreateExt)
    i.OSTaskCreateHook                       0x08001718   Section        0  os_cpu_c.o(i.OSTaskCreateHook)
    i.OSTaskIdleHook                         0x0800171a   Section        0  os_cpu_c.o(i.OSTaskIdleHook)
    i.OSTaskNameSet                          0x0800171c   Section        0  os_task.o(i.OSTaskNameSet)
    i.OSTaskStatHook                         0x0800178c   Section        0  os_cpu_c.o(i.OSTaskStatHook)
    i.OSTaskStkChk                           0x08001790   Section        0  os_task.o(i.OSTaskStkChk)
    i.OSTaskStkInit                          0x0800181c   Section        0  os_cpu_c.o(i.OSTaskStkInit)
    i.OSTaskSuspend                          0x080018b8   Section        0  os_task.o(i.OSTaskSuspend)
    i.OSTaskSwHook                           0x08001960   Section        0  os_cpu_c.o(i.OSTaskSwHook)
    i.OSTimeDly                              0x08001964   Section        0  os_time.o(i.OSTimeDly)
    i.OSTimeDlyHMSM                          0x080019dc   Section        0  os_time.o(i.OSTimeDlyHMSM)
    i.OSTimeTick                             0x08001a3c   Section        0  os_core.o(i.OSTimeTick)
    i.OSTimeTickHook                         0x08001b28   Section        0  os_cpu_c.o(i.OSTimeTickHook)
    i.OSTmrCreate                            0x08001b4c   Section        0  os_tmr.o(i.OSTmrCreate)
    i.OSTmrSignal                            0x08001bb0   Section        0  os_tmr.o(i.OSTmrSignal)
    i.OSTmrStart                             0x08001bc4   Section        0  os_tmr.o(i.OSTmrStart)
    i.OSTmr_Alloc                            0x08001c48   Section        0  os_tmr.o(i.OSTmr_Alloc)
    OSTmr_Alloc                              0x08001c49   Thumb Code    50  os_tmr.o(i.OSTmr_Alloc)
    i.OSTmr_Init                             0x08001c88   Section        0  os_tmr.o(i.OSTmr_Init)
    i.OSTmr_InitTask                         0x08001d40   Section        0  os_tmr.o(i.OSTmr_InitTask)
    OSTmr_InitTask                           0x08001d41   Thumb Code    50  os_tmr.o(i.OSTmr_InitTask)
    i.OSTmr_Link                             0x08001d90   Section        0  os_tmr.o(i.OSTmr_Link)
    OSTmr_Link                               0x08001d91   Thumb Code   100  os_tmr.o(i.OSTmr_Link)
    i.OSTmr_Task                             0x08001dfc   Section        0  os_tmr.o(i.OSTmr_Task)
    OSTmr_Task                               0x08001dfd   Thumb Code   114  os_tmr.o(i.OSTmr_Task)
    i.OSTmr_Unlink                           0x08001e7c   Section        0  os_tmr.o(i.OSTmr_Unlink)
    OSTmr_Unlink                             0x08001e7d   Thumb Code    62  os_tmr.o(i.OSTmr_Unlink)
    i.OS_EventTaskRdy                        0x08001ec0   Section        0  os_core.o(i.OS_EventTaskRdy)
    i.OS_EventTaskRemove                     0x08001f44   Section        0  os_core.o(i.OS_EventTaskRemove)
    i.OS_EventTaskWait                       0x08001f70   Section        0  os_core.o(i.OS_EventTaskWait)
    i.OS_EventWaitListInit                   0x08001fec   Section        0  os_core.o(i.OS_EventWaitListInit)
    i.OS_FlagInit                            0x08002008   Section        0  os_flag.o(i.OS_FlagInit)
    i.OS_InitEventList                       0x08002060   Section        0  os_core.o(i.OS_InitEventList)
    OS_InitEventList                         0x08002061   Thumb Code    74  os_core.o(i.OS_InitEventList)
    i.OS_InitMisc                            0x080020b4   Section        0  os_core.o(i.OS_InitMisc)
    OS_InitMisc                              0x080020b5   Thumb Code    44  os_core.o(i.OS_InitMisc)
    i.OS_InitRdyList                         0x08002108   Section        0  os_core.o(i.OS_InitRdyList)
    OS_InitRdyList                           0x08002109   Thumb Code    44  os_core.o(i.OS_InitRdyList)
    i.OS_InitTCBList                         0x0800214c   Section        0  os_core.o(i.OS_InitTCBList)
    OS_InitTCBList                           0x0800214d   Thumb Code   106  os_core.o(i.OS_InitTCBList)
    i.OS_InitTaskIdle                        0x080021cc   Section        0  os_core.o(i.OS_InitTaskIdle)
    OS_InitTaskIdle                          0x080021cd   Thumb Code    50  os_core.o(i.OS_InitTaskIdle)
    i.OS_InitTaskStat                        0x0800221c   Section        0  os_core.o(i.OS_InitTaskStat)
    OS_InitTaskStat                          0x0800221d   Thumb Code    50  os_core.o(i.OS_InitTaskStat)
    i.OS_MemClr                              0x0800226c   Section        0  os_core.o(i.OS_MemClr)
    i.OS_QInit                               0x08002280   Section        0  os_q.o(i.OS_QInit)
    i.OS_Sched                               0x080022d0   Section        0  os_core.o(i.OS_Sched)
    i.OS_SchedNew                            0x08002344   Section        0  os_core.o(i.OS_SchedNew)
    OS_SchedNew                              0x08002345   Thumb Code    26  os_core.o(i.OS_SchedNew)
    i.OS_TCBInit                             0x08002370   Section        0  os_core.o(i.OS_TCBInit)
    i.OS_TaskIdle                            0x080024a4   Section        0  os_core.o(i.OS_TaskIdle)
    i.OS_TaskStat                            0x080024cc   Section        0  os_core.o(i.OS_TaskStat)
    i.OS_TaskStatStkChk                      0x08002554   Section        0  os_core.o(i.OS_TaskStatStkChk)
    i.OS_TaskStkClr                          0x08002590   Section        0  os_task.o(i.OS_TaskStkClr)
    i.RCC_AHBPeriphClockCmd                  0x080025ac   Section        0  stm32f10x_rcc.o(i.RCC_AHBPeriphClockCmd)
    i.RCC_APB1PeriphClockCmd                 0x080025cc   Section        0  stm32f10x_rcc.o(i.RCC_APB1PeriphClockCmd)
    i.RCC_APB1PeriphResetCmd                 0x080025ec   Section        0  stm32f10x_rcc.o(i.RCC_APB1PeriphResetCmd)
    i.RCC_APB2PeriphClockCmd                 0x0800260c   Section        0  stm32f10x_rcc.o(i.RCC_APB2PeriphClockCmd)
    i.RCC_APB2PeriphResetCmd                 0x0800262c   Section        0  stm32f10x_rcc.o(i.RCC_APB2PeriphResetCmd)
    i.RCC_GetClocksFreq                      0x0800264c   Section        0  stm32f10x_rcc.o(i.RCC_GetClocksFreq)
    i.SVC_Handler                            0x08002720   Section        0  stm32f10x_it.o(i.SVC_Handler)
    i.SetSysClock                            0x08002722   Section        0  system_stm32f10x.o(i.SetSysClock)
    SetSysClock                              0x08002723   Thumb Code     8  system_stm32f10x.o(i.SetSysClock)
    i.SetSysClockTo72                        0x0800272c   Section        0  system_stm32f10x.o(i.SetSysClockTo72)
    SetSysClockTo72                          0x0800272d   Thumb Code   214  system_stm32f10x.o(i.SetSysClockTo72)
    i.SysTick_CLKSourceConfig                0x0800280c   Section        0  misc.o(i.SysTick_CLKSourceConfig)
    i.SysTick_Handler                        0x08002834   Section        0  delay.o(i.SysTick_Handler)
    i.SystemInit                             0x08002850   Section        0  system_stm32f10x.o(i.SystemInit)
    i.TIM4_IRQHandler                        0x080028b0   Section        0  usart2.o(i.TIM4_IRQHandler)
    i.TIM4_Init                              0x080028e0   Section        0  usart2.o(i.TIM4_Init)
    i.TIM4_Set                               0x08002938   Section        0  usart2.o(i.TIM4_Set)
    i.TIM_ClearITPendingBit                  0x08002960   Section        0  stm32f10x_tim.o(i.TIM_ClearITPendingBit)
    i.TIM_Cmd                                0x08002966   Section        0  stm32f10x_tim.o(i.TIM_Cmd)
    i.TIM_GetITStatus                        0x0800297e   Section        0  stm32f10x_tim.o(i.TIM_GetITStatus)
    i.TIM_ITConfig                           0x080029a0   Section        0  stm32f10x_tim.o(i.TIM_ITConfig)
    i.TIM_SetCounter                         0x080029b2   Section        0  stm32f10x_tim.o(i.TIM_SetCounter)
    i.TIM_TimeBaseInit                       0x080029b8   Section        0  stm32f10x_tim.o(i.TIM_TimeBaseInit)
    i.UART_DMA_Config                        0x08002a5c   Section        0  usart2.o(i.UART_DMA_Config)
    i.USART1_IRQHandler                      0x08002aa4   Section        0  usart.o(i.USART1_IRQHandler)
    i.USART2_IRQHandler                      0x08002b34   Section        0  usart2.o(i.USART2_IRQHandler)
    i.USART2_Init                            0x08002b98   Section        0  usart2.o(i.USART2_Init)
    i.USART_Cmd                              0x08002c78   Section        0  stm32f10x_usart.o(i.USART_Cmd)
    i.USART_DMACmd                           0x08002c90   Section        0  stm32f10x_usart.o(i.USART_DMACmd)
    i.USART_DeInit                           0x08002ca4   Section        0  stm32f10x_usart.o(i.USART_DeInit)
    i.USART_GetITStatus                      0x08002d40   Section        0  stm32f10x_usart.o(i.USART_GetITStatus)
    i.USART_ITConfig                         0x08002d94   Section        0  stm32f10x_usart.o(i.USART_ITConfig)
    i.USART_Init                             0x08002de0   Section        0  stm32f10x_usart.o(i.USART_Init)
    i.USART_ReceiveData                      0x08002eb8   Section        0  stm32f10x_usart.o(i.USART_ReceiveData)
    i.USB_LP_CAN1_RX0_IRQHandler             0x08002ec4   Section        0  can.o(i.USB_LP_CAN1_RX0_IRQHandler)
    i.UsageFault_Handler                     0x08002ef8   Section        0  stm32f10x_it.o(i.UsageFault_Handler)
    i._is_digit                              0x08002efc   Section        0  __printf_wp.o(i._is_digit)
    i._sys_exit                              0x08002f0a   Section        0  usart.o(i._sys_exit)
    i.can_resolve_speed                      0x08002f10   Section        0  can_speed.o(i.can_resolve_speed)
    i.can_sae_task                           0x08002f28   Section        0  can_task.o(i.can_sae_task)
    i.can_send_speed                         0x08002fb8   Section        0  can_speed.o(i.can_send_speed)
    i.can_task_init                          0x08002ff4   Section        0  can_task.o(i.can_task_init)
    i.can_tx                                 0x0800301c   Section        0  can.o(i.can_tx)
    i.crc8                                   0x08003058   Section        0  crc8.o(i.crc8)
    i.crc8_creator                           0x0800307c   Section        0  crc8.o(i.crc8_creator)
    i.crc8_populate_lsb                      0x08003096   Section        0  crc8.o(i.crc8_populate_lsb)
    i.crc8_populate_msb                      0x080030d2   Section        0  crc8.o(i.crc8_populate_msb)
    i.crcInit                                0x08003110   Section        0  crc8.o(i.crcInit)
    i.delay_init                             0x0800314c   Section        0  delay.o(i.delay_init)
    i.delay_ms                               0x080031a8   Section        0  delay.o(i.delay_ms)
    i.delay_osschedlock                      0x080031f8   Section        0  delay.o(i.delay_osschedlock)
    i.delay_osschedunlock                    0x08003200   Section        0  delay.o(i.delay_osschedunlock)
    i.delay_ostimedly                        0x08003208   Section        0  delay.o(i.delay_ostimedly)
    i.delay_us                               0x08003214   Section        0  delay.o(i.delay_us)
    i.fputc                                  0x08003270   Section        0  usart.o(i.fputc)
    i.get_can_speed                          0x0800328c   Section        0  can_speed.o(i.get_can_speed)
    i.main                                   0x08003298   Section        0  main.o(i.main)
    i.resolve_can_message                    0x08003300   Section        0  can_task.o(i.resolve_can_message)
    i.schedule_indicate_task                 0x08003330   Section        0  schedule_task.o(i.schedule_indicate_task)
    i.set_canbus_curmode                     0x08003428   Section        0  schedule_task.o(i.set_canbus_curmode)
    i.set_canbus_datamode                    0x08003434   Section        0  schedule_task.o(i.set_canbus_datamode)
    i.set_system_status                      0x08003440   Section        0  schedule_task.o(i.set_system_status)
    i.speed_send_task                        0x0800344c   Section        0  speed_send_task.o(i.speed_send_task)
    i.start_task                             0x08003468   Section        0  main.o(i.start_task)
    i.sys_switch                             0x080034c4   Section        0  main.o(i.sys_switch)
    i.uart_init                              0x080034fc   Section        0  usart.o(i.uart_init)
    i.uart_send_speed                        0x0800359c   Section        0  can_speed.o(i.uart_send_speed)
    .constdata                               0x080035f0   Section      256  os_core.o(.constdata)
    .constdata                               0x080036f0   Section       40  _printf_hex_int_ll_ptr.o(.constdata)
    uc_hextab                                0x080036f0   Data          20  _printf_hex_int_ll_ptr.o(.constdata)
    lc_hextab                                0x08003704   Data          20  _printf_hex_int_ll_ptr.o(.constdata)
    .constdata                               0x08003718   Section       17  __printf_flags_ss_wp.o(.constdata)
    maptable                                 0x08003718   Data          17  __printf_flags_ss_wp.o(.constdata)
    .data                                    0x20000000   Section       20  system_stm32f10x.o(.data)
    .data                                    0x20000014   Section       92  os_core.o(.data)
    .data                                    0x20000070   Section        6  os_cpu_c.o(.data)
    OSTmrCtr                                 0x20000074   Data           2  os_cpu_c.o(.data)
    .data                                    0x20000076   Section        2  usart2.o(.data)
    .data                                    0x20000078   Section        4  delay.o(.data)
    fac_us                                   0x20000078   Data           1  delay.o(.data)
    fac_ms                                   0x2000007a   Data           2  delay.o(.data)
    .data                                    0x2000007c   Section        6  usart.o(.data)
    .data                                    0x20000084   Section        4  crc8.o(.data)
    .data                                    0x20000088   Section       20  stm32f10x_rcc.o(.data)
    APBAHBPrescTable                         0x20000088   Data          16  stm32f10x_rcc.o(.data)
    ADCPrescTable                            0x20000098   Data           4  stm32f10x_rcc.o(.data)
    .data                                    0x2000009c   Section       12  main.o(.data)
    .data                                    0x200000a8   Section       18  can_speed.o(.data)
    buf                                      0x200000a8   Data           8  can_speed.o(.data)
    request_buf                              0x200000b0   Data           8  can_speed.o(.data)
    .data                                    0x200000bc   Section       11  schedule_task.o(.data)
    .data                                    0x200000c8   Section        5  can_task.o(.data)
    g_sem_can                                0x200000c8   Data           4  can_task.o(.data)
    .bss                                     0x200000d0   Section     3904  os_core.o(.bss)
    .bss                                     0x20001010   Section      400  usart2.o(.bss)
    .bss                                     0x200011a0   Section      200  usart.o(.bss)
    .bss                                     0x20001268   Section      256  crc8.o(.bss)
    crc_table                                0x20001268   Data         256  crc8.o(.bss)
    .bss                                     0x20001368   Section      256  main.o(.bss)
    .bss                                     0x20001468   Section      256  schedule_task.o(.bss)
    .bss                                     0x20001568   Section      532  can_task.o(.bss)
    g_RxMsg                                  0x20001768   Data          20  can_task.o(.bss)
    .bss                                     0x2000177c   Section       96  libspace.o(.bss)
    HEAP                                     0x200017e0   Section      512  startup_stm32f10x_md.o(HEAP)
    Heap_Mem                                 0x200017e0   Data         512  startup_stm32f10x_md.o(HEAP)
    STACK                                    0x200019e0   Section     1024  startup_stm32f10x_md.o(STACK)
    Stack_Mem                                0x200019e0   Data        1024  startup_stm32f10x_md.o(STACK)
    __initial_sp                             0x20001de0   Data           0  startup_stm32f10x_md.o(STACK)

    Global Symbols

    Symbol Name                              Value     Ov Type        Size  Object(Section)

    BuildAttributes$$THM_ISAv4$P$D$K$B$S$PE$A:L22UL41UL21$X:L11$S22US41US21$IEEE1$IW$USESV6$~STKCKD$USESV7$~SHL$OTIME$ROPI$IEEEJ$EBA8$UX$STANDARDLIB$REQ8$PRES8$EABIv2 0x00000000   Number         0  anon$$obj.o ABSOLUTE
    __ARM_use_no_argv                        0x00000000   Number         0  main.o ABSOLUTE
    _printf_flags                            0x00000000   Number         0  printf_stubs.o ABSOLUTE
    _printf_return_value                     0x00000000   Number         0  printf_stubs.o ABSOLUTE
    _printf_sizespec                         0x00000000   Number         0  printf_stubs.o ABSOLUTE
    _printf_widthprec                        0x00000000   Number         0  printf_stubs.o ABSOLUTE
    __ARM_exceptions_init                     - Undefined Weak Reference
    __alloca_initialize                       - Undefined Weak Reference
    __arm_preinit_                            - Undefined Weak Reference
    __cpp_initialize__aeabi_                  - Undefined Weak Reference
    __cxa_finalize                            - Undefined Weak Reference
    __sigvec_lookup                           - Undefined Weak Reference
    _atexit_init                              - Undefined Weak Reference
    _call_atexit_fns                          - Undefined Weak Reference
    _clock_init                               - Undefined Weak Reference
    _fp_trap_init                             - Undefined Weak Reference
    _fp_trap_shutdown                         - Undefined Weak Reference
    _get_lc_collate                           - Undefined Weak Reference
    _get_lc_monetary                          - Undefined Weak Reference
    _get_lc_time                              - Undefined Weak Reference
    _getenv_init                              - Undefined Weak Reference
    _handle_redirection                       - Undefined Weak Reference
    _init_alloc                               - Undefined Weak Reference
    _init_user_alloc                          - Undefined Weak Reference
    _initio                                   - Undefined Weak Reference
    _mutex_acquire                            - Undefined Weak Reference
    _mutex_release                            - Undefined Weak Reference
    _printf_fp_hex                            - Undefined Weak Reference
    _printf_mbtowc                            - Undefined Weak Reference
    _printf_wc                                - Undefined Weak Reference
    _rand_init                                - Undefined Weak Reference
    _signal_finish                            - Undefined Weak Reference
    _signal_init                              - Undefined Weak Reference
    _terminate_alloc                          - Undefined Weak Reference
    _terminate_user_alloc                     - Undefined Weak Reference
    _terminateio                              - Undefined Weak Reference
    __Vectors_Size                           0x000000ec   Number         0  startup_stm32f10x_md.o ABSOLUTE
    __Vectors                                0x08000000   Data           4  startup_stm32f10x_md.o(RESET)
    __Vectors_End                            0x080000ec   Data           0  startup_stm32f10x_md.o(RESET)
    __main                                   0x080000ed   Thumb Code     8  __main.o(!!!main)
    __scatterload                            0x080000f5   Thumb Code     0  __scatter.o(!!!scatter)
    __scatterload_rt2                        0x080000f5   Thumb Code    44  __scatter.o(!!!scatter)
    __scatterload_rt2_thumb_only             0x080000f5   Thumb Code     0  __scatter.o(!!!scatter)
    __scatterload_null                       0x08000103   Thumb Code     0  __scatter.o(!!!scatter)
    __scatterload_copy                       0x08000129   Thumb Code    26  __scatter_copy.o(!!handler_copy)
    __scatterload_zeroinit                   0x08000145   Thumb Code    28  __scatter_zi.o(!!handler_zi)
    _printf_percent                          0x08000161   Thumb Code     0  _printf_percent.o(.ARM.Collect$$_printf_percent$$00000000)
    _printf_x                                0x08000161   Thumb Code     0  _printf_x.o(.ARM.Collect$$_printf_percent$$0000000C)
    _printf_percent_end                      0x08000167   Thumb Code     0  _printf_percent_end.o(.ARM.Collect$$_printf_percent$$00000017)
    __rt_lib_init                            0x0800016b   Thumb Code     0  libinit.o(.ARM.Collect$$libinit$$00000000)
    __rt_lib_init_alloca_1                   0x0800016d   Thumb Code     0  libinit2.o(.ARM.Collect$$libinit$$0000002E)
    __rt_lib_init_argv_1                     0x0800016d   Thumb Code     0  libinit2.o(.ARM.Collect$$libinit$$0000002C)
    __rt_lib_init_atexit_1                   0x0800016d   Thumb Code     0  libinit2.o(.ARM.Collect$$libinit$$0000001B)
    __rt_lib_init_clock_1                    0x0800016d   Thumb Code     0  libinit2.o(.ARM.Collect$$libinit$$00000021)
    __rt_lib_init_cpp_1                      0x0800016d   Thumb Code     0  libinit2.o(.ARM.Collect$$libinit$$00000032)
    __rt_lib_init_exceptions_1               0x0800016d   Thumb Code     0  libinit2.o(.ARM.Collect$$libinit$$00000030)
    __rt_lib_init_fp_1                       0x0800016d   Thumb Code     0  libinit2.o(.ARM.Collect$$libinit$$00000002)
    __rt_lib_init_fp_trap_1                  0x0800016d   Thumb Code     0  libinit2.o(.ARM.Collect$$libinit$$0000001F)
    __rt_lib_init_getenv_1                   0x0800016d   Thumb Code     0  libinit2.o(.ARM.Collect$$libinit$$00000023)
    __rt_lib_init_heap_1                     0x0800016d   Thumb Code     0  libinit2.o(.ARM.Collect$$libinit$$0000000A)
    __rt_lib_init_lc_collate_1               0x0800016d   Thumb Code     0  libinit2.o(.ARM.Collect$$libinit$$00000011)
    __rt_lib_init_lc_ctype_1                 0x0800016d   Thumb Code     0  libinit2.o(.ARM.Collect$$libinit$$00000013)
    __rt_lib_init_lc_monetary_1              0x0800016d   Thumb Code     0  libinit2.o(.ARM.Collect$$libinit$$00000015)
    __rt_lib_init_lc_numeric_1               0x0800016d   Thumb Code     0  libinit2.o(.ARM.Collect$$libinit$$00000017)
    __rt_lib_init_lc_time_1                  0x0800016d   Thumb Code     0  libinit2.o(.ARM.Collect$$libinit$$00000019)
    __rt_lib_init_preinit_1                  0x0800016d   Thumb Code     0  libinit2.o(.ARM.Collect$$libinit$$00000004)
    __rt_lib_init_rand_1                     0x0800016d   Thumb Code     0  libinit2.o(.ARM.Collect$$libinit$$0000000E)
    __rt_lib_init_return                     0x0800016d   Thumb Code     0  libinit2.o(.ARM.Collect$$libinit$$00000033)
    __rt_lib_init_signal_1                   0x0800016d   Thumb Code     0  libinit2.o(.ARM.Collect$$libinit$$0000001D)
    __rt_lib_init_stdio_1                    0x0800016d   Thumb Code     0  libinit2.o(.ARM.Collect$$libinit$$00000025)
    __rt_lib_init_user_alloc_1               0x0800016d   Thumb Code     0  libinit2.o(.ARM.Collect$$libinit$$0000000C)
    __rt_lib_shutdown                        0x0800016f   Thumb Code     0  libshutdown.o(.ARM.Collect$$libshutdown$$00000000)
    __rt_lib_shutdown_fp_trap_1              0x08000171   Thumb Code     0  libshutdown2.o(.ARM.Collect$$libshutdown$$00000006)
    __rt_lib_shutdown_heap_1                 0x08000171   Thumb Code     0  libshutdown2.o(.ARM.Collect$$libshutdown$$0000000E)
    __rt_lib_shutdown_return                 0x08000171   Thumb Code     0  libshutdown2.o(.ARM.Collect$$libshutdown$$0000000F)
    __rt_lib_shutdown_signal_1               0x08000171   Thumb Code     0  libshutdown2.o(.ARM.Collect$$libshutdown$$00000009)
    __rt_lib_shutdown_stdio_1                0x08000171   Thumb Code     0  libshutdown2.o(.ARM.Collect$$libshutdown$$00000003)
    __rt_lib_shutdown_user_alloc_1           0x08000171   Thumb Code     0  libshutdown2.o(.ARM.Collect$$libshutdown$$0000000B)
    __rt_entry                               0x08000173   Thumb Code     0  __rtentry.o(.ARM.Collect$$rtentry$$00000000)
    __rt_entry_presh_1                       0x08000173   Thumb Code     0  __rtentry2.o(.ARM.Collect$$rtentry$$00000002)
    __rt_entry_sh                            0x08000173   Thumb Code     0  __rtentry4.o(.ARM.Collect$$rtentry$$00000004)
    __rt_entry_li                            0x08000179   Thumb Code     0  __rtentry2.o(.ARM.Collect$$rtentry$$0000000A)
    __rt_entry_postsh_1                      0x08000179   Thumb Code     0  __rtentry2.o(.ARM.Collect$$rtentry$$00000009)
    __rt_entry_main                          0x0800017d   Thumb Code     0  __rtentry2.o(.ARM.Collect$$rtentry$$0000000D)
    __rt_entry_postli_1                      0x0800017d   Thumb Code     0  __rtentry2.o(.ARM.Collect$$rtentry$$0000000C)
    __rt_exit                                0x08000185   Thumb Code     0  rtexit.o(.ARM.Collect$$rtexit$$00000000)
    __rt_exit_ls                             0x08000187   Thumb Code     0  rtexit2.o(.ARM.Collect$$rtexit$$00000003)
    __rt_exit_prels_1                        0x08000187   Thumb Code     0  rtexit2.o(.ARM.Collect$$rtexit$$00000002)
    __rt_exit_exit                           0x0800018b   Thumb Code     0  rtexit2.o(.ARM.Collect$$rtexit$$00000004)
    Reset_Handler                            0x08000191   Thumb Code     8  startup_stm32f10x_md.o(.text)
    ADC1_2_IRQHandler                        0x080001ab   Thumb Code     0  startup_stm32f10x_md.o(.text)
    CAN1_RX1_IRQHandler                      0x080001ab   Thumb Code     0  startup_stm32f10x_md.o(.text)
    CAN1_SCE_IRQHandler                      0x080001ab   Thumb Code     0  startup_stm32f10x_md.o(.text)
    DMA1_Channel1_IRQHandler                 0x080001ab   Thumb Code     0  startup_stm32f10x_md.o(.text)
    DMA1_Channel2_IRQHandler                 0x080001ab   Thumb Code     0  startup_stm32f10x_md.o(.text)
    DMA1_Channel3_IRQHandler                 0x080001ab   Thumb Code     0  startup_stm32f10x_md.o(.text)
    DMA1_Channel4_IRQHandler                 0x080001ab   Thumb Code     0  startup_stm32f10x_md.o(.text)
    DMA1_Channel5_IRQHandler                 0x080001ab   Thumb Code     0  startup_stm32f10x_md.o(.text)
    DMA1_Channel6_IRQHandler                 0x080001ab   Thumb Code     0  startup_stm32f10x_md.o(.text)
    DMA1_Channel7_IRQHandler                 0x080001ab   Thumb Code     0  startup_stm32f10x_md.o(.text)
    EXTI0_IRQHandler                         0x080001ab   Thumb Code     0  startup_stm32f10x_md.o(.text)
    EXTI15_10_IRQHandler                     0x080001ab   Thumb Code     0  startup_stm32f10x_md.o(.text)
    EXTI1_IRQHandler                         0x080001ab   Thumb Code     0  startup_stm32f10x_md.o(.text)
    EXTI2_IRQHandler                         0x080001ab   Thumb Code     0  startup_stm32f10x_md.o(.text)
    EXTI3_IRQHandler                         0x080001ab   Thumb Code     0  startup_stm32f10x_md.o(.text)
    EXTI4_IRQHandler                         0x080001ab   Thumb Code     0  startup_stm32f10x_md.o(.text)
    EXTI9_5_IRQHandler                       0x080001ab   Thumb Code     0  startup_stm32f10x_md.o(.text)
    FLASH_IRQHandler                         0x080001ab   Thumb Code     0  startup_stm32f10x_md.o(.text)
    I2C1_ER_IRQHandler                       0x080001ab   Thumb Code     0  startup_stm32f10x_md.o(.text)
    I2C1_EV_IRQHandler                       0x080001ab   Thumb Code     0  startup_stm32f10x_md.o(.text)
    I2C2_ER_IRQHandler                       0x080001ab   Thumb Code     0  startup_stm32f10x_md.o(.text)
    I2C2_EV_IRQHandler                       0x080001ab   Thumb Code     0  startup_stm32f10x_md.o(.text)
    PVD_IRQHandler                           0x080001ab   Thumb Code     0  startup_stm32f10x_md.o(.text)
    RCC_IRQHandler                           0x080001ab   Thumb Code     0  startup_stm32f10x_md.o(.text)
    RTCAlarm_IRQHandler                      0x080001ab   Thumb Code     0  startup_stm32f10x_md.o(.text)
    RTC_IRQHandler                           0x080001ab   Thumb Code     0  startup_stm32f10x_md.o(.text)
    SPI1_IRQHandler                          0x080001ab   Thumb Code     0  startup_stm32f10x_md.o(.text)
    SPI2_IRQHandler                          0x080001ab   Thumb Code     0  startup_stm32f10x_md.o(.text)
    TAMPER_IRQHandler                        0x080001ab   Thumb Code     0  startup_stm32f10x_md.o(.text)
    TIM1_BRK_IRQHandler                      0x080001ab   Thumb Code     0  startup_stm32f10x_md.o(.text)
    TIM1_CC_IRQHandler                       0x080001ab   Thumb Code     0  startup_stm32f10x_md.o(.text)
    TIM1_TRG_COM_IRQHandler                  0x080001ab   Thumb Code     0  startup_stm32f10x_md.o(.text)
    TIM1_UP_IRQHandler                       0x080001ab   Thumb Code     0  startup_stm32f10x_md.o(.text)
    TIM2_IRQHandler                          0x080001ab   Thumb Code     0  startup_stm32f10x_md.o(.text)
    TIM3_IRQHandler                          0x080001ab   Thumb Code     0  startup_stm32f10x_md.o(.text)
    USART3_IRQHandler                        0x080001ab   Thumb Code     0  startup_stm32f10x_md.o(.text)
    USBWakeUp_IRQHandler                     0x080001ab   Thumb Code     0  startup_stm32f10x_md.o(.text)
    USB_HP_CAN1_TX_IRQHandler                0x080001ab   Thumb Code     0  startup_stm32f10x_md.o(.text)
    WWDG_IRQHandler                          0x080001ab   Thumb Code     0  startup_stm32f10x_md.o(.text)
    __user_initial_stackheap                 0x080001ad   Thumb Code     0  startup_stm32f10x_md.o(.text)
    OS_CPU_SR_Save                           0x080001d1   Thumb Code     0  os_cpu_a.o(.text)
    OS_CPU_SR_Restore                        0x080001d9   Thumb Code     0  os_cpu_a.o(.text)
    OSStartHighRdy                           0x080001df   Thumb Code     0  os_cpu_a.o(.text)
    OSCtxSw                                  0x08000201   Thumb Code     0  os_cpu_a.o(.text)
    OSIntCtxSw                               0x0800020f   Thumb Code     0  os_cpu_a.o(.text)
    PendSV_Handler                           0x0800021f   Thumb Code     0  os_cpu_a.o(.text)
    __use_no_semihosting                     0x08000285   Thumb Code     2  use_no_semi_2.o(.text)
    __2printf                                0x08000289   Thumb Code    20  __2printf.o(.text)
    _printf_pre_padding                      0x080002a1   Thumb Code    44  _printf_pad.o(.text)
    _printf_post_padding                     0x080002cd   Thumb Code    34  _printf_pad.o(.text)
    _printf_longlong_hex                     0x080002f1   Thumb Code    86  _printf_hex_int_ll_ptr.o(.text)
    _printf_int_hex                          0x08000347   Thumb Code    28  _printf_hex_int_ll_ptr.o(.text)
    _printf_ll_hex                           0x08000363   Thumb Code    12  _printf_hex_int_ll_ptr.o(.text)
    _printf_hex_ptr                          0x0800036f   Thumb Code    18  _printf_hex_int_ll_ptr.o(.text)
    __printf                                 0x08000385   Thumb Code   388  __printf_flags_ss_wp.o(.text)
    __aeabi_memcpy                           0x0800050d   Thumb Code     0  rt_memcpy_v6.o(.text)
    __rt_memcpy                              0x0800050d   Thumb Code   138  rt_memcpy_v6.o(.text)
    _memcpy_lastbytes                        0x08000573   Thumb Code     0  rt_memcpy_v6.o(.text)
    __aeabi_memcpy4                          0x08000597   Thumb Code     0  rt_memcpy_w.o(.text)
    __aeabi_memcpy8                          0x08000597   Thumb Code     0  rt_memcpy_w.o(.text)
    __rt_memcpy_w                            0x08000597   Thumb Code   100  rt_memcpy_w.o(.text)
    _memcpy_lastbytes_aligned                0x080005df   Thumb Code     0  rt_memcpy_w.o(.text)
    __aeabi_memclr                           0x080005fb   Thumb Code     0  rt_memclr.o(.text)
    __rt_memclr                              0x080005fb   Thumb Code    68  rt_memclr.o(.text)
    _memset                                  0x080005ff   Thumb Code     0  rt_memclr.o(.text)
    __aeabi_memclr4                          0x0800063f   Thumb Code     0  rt_memclr_w.o(.text)
    __aeabi_memclr8                          0x0800063f   Thumb Code     0  rt_memclr_w.o(.text)
    __rt_memclr_w                            0x0800063f   Thumb Code    78  rt_memclr_w.o(.text)
    _memset_w                                0x08000643   Thumb Code     0  rt_memclr_w.o(.text)
    __use_two_region_memory                  0x0800068d   Thumb Code     2  heapauxi.o(.text)
    __rt_heap_escrow$2region                 0x0800068f   Thumb Code     2  heapauxi.o(.text)
    __rt_heap_expand$2region                 0x08000691   Thumb Code     2  heapauxi.o(.text)
    __I$use$semihosting                      0x08000693   Thumb Code     0  use_no_semi.o(.text)
    __use_no_semihosting_swi                 0x08000693   Thumb Code     2  use_no_semi.o(.text)
    _printf_int_common                       0x08000695   Thumb Code   178  _printf_intcommon.o(.text)
    _printf_char_common                      0x08000753   Thumb Code    32  _printf_char_common.o(.text)
    _printf_char_file                        0x08000779   Thumb Code    32  _printf_char_file.o(.text)
    ferror                                   0x0800079d   Thumb Code     8  ferror.o(.text)
    __user_setup_stackheap                   0x080007a5   Thumb Code    74  sys_stackheap_outer.o(.text)
    exit                                     0x080007ef   Thumb Code    12  exit.o(.text)
    __user_libspace                          0x080007fd   Thumb Code     8  libspace.o(.text)
    __user_perproc_libspace                  0x080007fd   Thumb Code     0  libspace.o(.text)
    __user_perthread_libspace                0x080007fd   Thumb Code     0  libspace.o(.text)
    BusFault_Handler                         0x08000805   Thumb Code     4  stm32f10x_it.o(i.BusFault_Handler)
    CAN_DeInit                               0x08000809   Thumb Code    50  stm32f10x_can.o(i.CAN_DeInit)
    CAN_FILTERINIT                           0x08000841   Thumb Code   208  can.o(i.CAN_FILTERINIT)
    CAN_FilterInit                           0x0800094d   Thumb Code   258  stm32f10x_can.o(i.CAN_FilterInit)
    CAN_GPIO_Config                          0x08000a55   Thumb Code    70  can.o(i.CAN_GPIO_Config)
    CAN_INIT                                 0x08000aa1   Thumb Code    88  can.o(i.CAN_INIT)
    CAN_ITConfig                             0x08000afd   Thumb Code    18  stm32f10x_can.o(i.CAN_ITConfig)
    CAN_Init                                 0x08000b0f   Thumb Code   276  stm32f10x_can.o(i.CAN_Init)
    CAN_NVIC_Configuration                   0x08000c23   Thumb Code    42  can.o(i.CAN_NVIC_Configuration)
    CAN_Receive                              0x08000c4d   Thumb Code   240  stm32f10x_can.o(i.CAN_Receive)
    CAN_StructInit                           0x08000d3d   Thumb Code    32  stm32f10x_can.o(i.CAN_StructInit)
    CAN_Transmit                             0x08000d5d   Thumb Code   294  stm32f10x_can.o(i.CAN_Transmit)
    DMA_DeInit                               0x08000e85   Thumb Code   324  stm32f10x_dma.o(i.DMA_DeInit)
    DMA_Init                                 0x08000fd1   Thumb Code    60  stm32f10x_dma.o(i.DMA_Init)
    DebugMon_Handler                         0x0800100d   Thumb Code     2  stm32f10x_it.o(i.DebugMon_Handler)
    GPIO_Init                                0x0800100f   Thumb Code   278  stm32f10x_gpio.o(i.GPIO_Init)
    GPIO_SetBits                             0x08001125   Thumb Code     4  stm32f10x_gpio.o(i.GPIO_SetBits)
    HardFault_Handler                        0x08001129   Thumb Code     4  stm32f10x_it.o(i.HardFault_Handler)
    LED_Init                                 0x0800112d   Thumb Code   118  led.o(i.LED_Init)
    MemManage_Handler                        0x080011b1   Thumb Code     4  stm32f10x_it.o(i.MemManage_Handler)
    NMI_Handler                              0x080011b5   Thumb Code     2  stm32f10x_it.o(i.NMI_Handler)
    NVIC_Init                                0x080011b9   Thumb Code   100  misc.o(i.NVIC_Init)
    NVIC_PriorityGroupConfig                 0x08001229   Thumb Code    10  misc.o(i.NVIC_PriorityGroupConfig)
    NVIC_SetVectorTable                      0x0800123d   Thumb Code    12  misc.o(i.NVIC_SetVectorTable)
    OSInit                                   0x08001251   Thumb Code    48  os_core.o(i.OSInit)
    OSInitHookBegin                          0x08001281   Thumb Code     8  os_cpu_c.o(i.OSInitHookBegin)
    OSInitHookEnd                            0x0800128d   Thumb Code     2  os_cpu_c.o(i.OSInitHookEnd)
    OSIntEnter                               0x08001291   Thumb Code    28  os_core.o(i.OSIntEnter)
    OSIntExit                                0x080012b5   Thumb Code   112  os_core.o(i.OSIntExit)
    OSSchedLock                              0x08001345   Thumb Code    50  os_core.o(i.OSSchedLock)
    OSSchedUnlock                            0x08001385   Thumb Code    82  os_core.o(i.OSSchedUnlock)
    OSSemCreate                              0x080013e5   Thumb Code    68  os_sem.o(i.OSSemCreate)
    OSSemPend                                0x08001431   Thumb Code   222  os_sem.o(i.OSSemPend)
    OSSemPost                                0x0800151d   Thumb Code    88  os_sem.o(i.OSSemPost)
    OSStart                                  0x08001575   Thumb Code    48  os_core.o(i.OSStart)
    OSTCBInitHook                            0x080015bd   Thumb Code     2  os_cpu_c.o(i.OSTCBInitHook)
    OSTaskCreate                             0x080015c1   Thumb Code   148  os_task.o(i.OSTaskCreate)
    OSTaskCreateExt                          0x08001661   Thumb Code   170  os_task.o(i.OSTaskCreateExt)
    OSTaskCreateHook                         0x08001719   Thumb Code     2  os_cpu_c.o(i.OSTaskCreateHook)
    OSTaskIdleHook                           0x0800171b   Thumb Code     2  os_cpu_c.o(i.OSTaskIdleHook)
    OSTaskNameSet                            0x0800171d   Thumb Code    98  os_task.o(i.OSTaskNameSet)
    OSTaskStatHook                           0x0800178d   Thumb Code     2  os_cpu_c.o(i.OSTaskStatHook)
    OSTaskStkChk                             0x08001791   Thumb Code   132  os_task.o(i.OSTaskStkChk)
    OSTaskStkInit                            0x0800181d   Thumb Code   154  os_cpu_c.o(i.OSTaskStkInit)
    OSTaskSuspend                            0x080018b9   Thumb Code   152  os_task.o(i.OSTaskSuspend)
    OSTaskSwHook                             0x08001961   Thumb Code     2  os_cpu_c.o(i.OSTaskSwHook)
    OSTimeDly                                0x08001965   Thumb Code   100  os_time.o(i.OSTimeDly)
    OSTimeDlyHMSM                            0x080019dd   Thumb Code    86  os_time.o(i.OSTimeDlyHMSM)
    OSTimeTick                               0x08001a3d   Thumb Code   210  os_core.o(i.OSTimeTick)
    OSTimeTickHook                           0x08001b29   Thumb Code    30  os_cpu_c.o(i.OSTimeTickHook)
    OSTmrCreate                              0x08001b4d   Thumb Code    96  os_tmr.o(i.OSTmrCreate)
    OSTmrSignal                              0x08001bb1   Thumb Code    16  os_tmr.o(i.OSTmrSignal)
    OSTmrStart                               0x08001bc5   Thumb Code   128  os_tmr.o(i.OSTmrStart)
    OSTmr_Init                               0x08001c89   Thumb Code   148  os_tmr.o(i.OSTmr_Init)
    OS_EventTaskRdy                          0x08001ec1   Thumb Code   114  os_core.o(i.OS_EventTaskRdy)
    OS_EventTaskRemove                       0x08001f45   Thumb Code    42  os_core.o(i.OS_EventTaskRemove)
    OS_EventTaskWait                         0x08001f71   Thumb Code   112  os_core.o(i.OS_EventTaskWait)
    OS_EventWaitListInit                     0x08001fed   Thumb Code    28  os_core.o(i.OS_EventWaitListInit)
    OS_FlagInit                              0x08002009   Thumb Code    74  os_flag.o(i.OS_FlagInit)
    OS_MemClr                                0x0800226d   Thumb Code    18  os_core.o(i.OS_MemClr)
    OS_QInit                                 0x08002281   Thumb Code    72  os_q.o(i.OS_QInit)
    OS_Sched                                 0x080022d1   Thumb Code    88  os_core.o(i.OS_Sched)
    OS_TCBInit                               0x08002371   Thumb Code   278  os_core.o(i.OS_TCBInit)
    OS_TaskIdle                              0x080024a5   Thumb Code    34  os_core.o(i.OS_TaskIdle)
    OS_TaskStat                              0x080024cd   Thumb Code   116  os_core.o(i.OS_TaskStat)
    OS_TaskStatStkChk                        0x08002555   Thumb Code    54  os_core.o(i.OS_TaskStatStkChk)
    OS_TaskStkClr                            0x08002591   Thumb Code    26  os_task.o(i.OS_TaskStkClr)
    RCC_AHBPeriphClockCmd                    0x080025ad   Thumb Code    26  stm32f10x_rcc.o(i.RCC_AHBPeriphClockCmd)
    RCC_APB1PeriphClockCmd                   0x080025cd   Thumb Code    26  stm32f10x_rcc.o(i.RCC_APB1PeriphClockCmd)
    RCC_APB1PeriphResetCmd                   0x080025ed   Thumb Code    26  stm32f10x_rcc.o(i.RCC_APB1PeriphResetCmd)
    RCC_APB2PeriphClockCmd                   0x0800260d   Thumb Code    26  stm32f10x_rcc.o(i.RCC_APB2PeriphClockCmd)
    RCC_APB2PeriphResetCmd                   0x0800262d   Thumb Code    26  stm32f10x_rcc.o(i.RCC_APB2PeriphResetCmd)
    RCC_GetClocksFreq                        0x0800264d   Thumb Code   192  stm32f10x_rcc.o(i.RCC_GetClocksFreq)
    SVC_Handler                              0x08002721   Thumb Code     2  stm32f10x_it.o(i.SVC_Handler)
    SysTick_CLKSourceConfig                  0x0800280d   Thumb Code    40  misc.o(i.SysTick_CLKSourceConfig)
    SysTick_Handler                          0x08002835   Thumb Code    24  delay.o(i.SysTick_Handler)
    SystemInit                               0x08002851   Thumb Code    78  system_stm32f10x.o(i.SystemInit)
    TIM4_IRQHandler                          0x080028b1   Thumb Code    40  usart2.o(i.TIM4_IRQHandler)
    TIM4_Init                                0x080028e1   Thumb Code    82  usart2.o(i.TIM4_Init)
    TIM4_Set                                 0x08002939   Thumb Code    34  usart2.o(i.TIM4_Set)
    TIM_ClearITPendingBit                    0x08002961   Thumb Code     6  stm32f10x_tim.o(i.TIM_ClearITPendingBit)
    TIM_Cmd                                  0x08002967   Thumb Code    24  stm32f10x_tim.o(i.TIM_Cmd)
    TIM_GetITStatus                          0x0800297f   Thumb Code    34  stm32f10x_tim.o(i.TIM_GetITStatus)
    TIM_ITConfig                             0x080029a1   Thumb Code    18  stm32f10x_tim.o(i.TIM_ITConfig)
    TIM_SetCounter                           0x080029b3   Thumb Code     4  stm32f10x_tim.o(i.TIM_SetCounter)
    TIM_TimeBaseInit                         0x080029b9   Thumb Code   122  stm32f10x_tim.o(i.TIM_TimeBaseInit)
    UART_DMA_Config                          0x08002a5d   Thumb Code    72  usart2.o(i.UART_DMA_Config)
    USART1_IRQHandler                        0x08002aa5   Thumb Code   130  usart.o(i.USART1_IRQHandler)
    USART2_IRQHandler                        0x08002b35   Thumb Code    82  usart2.o(i.USART2_IRQHandler)
    USART2_Init                              0x08002b99   Thumb Code   204  usart2.o(i.USART2_Init)
    USART_Cmd                                0x08002c79   Thumb Code    24  stm32f10x_usart.o(i.USART_Cmd)
    USART_DMACmd                             0x08002c91   Thumb Code    18  stm32f10x_usart.o(i.USART_DMACmd)
    USART_DeInit                             0x08002ca5   Thumb Code   134  stm32f10x_usart.o(i.USART_DeInit)
    USART_GetITStatus                        0x08002d41   Thumb Code    84  stm32f10x_usart.o(i.USART_GetITStatus)
    USART_ITConfig                           0x08002d95   Thumb Code    74  stm32f10x_usart.o(i.USART_ITConfig)
    USART_Init                               0x08002de1   Thumb Code   210  stm32f10x_usart.o(i.USART_Init)
    USART_ReceiveData                        0x08002eb9   Thumb Code    10  stm32f10x_usart.o(i.USART_ReceiveData)
    USB_LP_CAN1_RX0_IRQHandler               0x08002ec5   Thumb Code    46  can.o(i.USB_LP_CAN1_RX0_IRQHandler)
    UsageFault_Handler                       0x08002ef9   Thumb Code     4  stm32f10x_it.o(i.UsageFault_Handler)
    _is_digit                                0x08002efd   Thumb Code    14  __printf_wp.o(i._is_digit)
    _sys_exit                                0x08002f0b   Thumb Code     6  usart.o(i._sys_exit)
    can_resolve_speed                        0x08002f11   Thumb Code    20  can_speed.o(i.can_resolve_speed)
    can_sae_task                             0x08002f29   Thumb Code   108  can_task.o(i.can_sae_task)
    can_send_speed                           0x08002fb9   Thumb Code    26  can_speed.o(i.can_send_speed)
    can_task_init                            0x08002ff5   Thumb Code    26  can_task.o(i.can_task_init)
    can_tx                                   0x0800301d   Thumb Code    56  can.o(i.can_tx)
    crc8                                     0x08003059   Thumb Code    30  crc8.o(i.crc8)
    crc8_creator                             0x0800307d   Thumb Code    26  crc8.o(i.crc8_creator)
    crc8_populate_lsb                        0x08003097   Thumb Code    60  crc8.o(i.crc8_populate_lsb)
    crc8_populate_msb                        0x080030d3   Thumb Code    60  crc8.o(i.crc8_populate_msb)
    crcInit                                  0x08003111   Thumb Code    50  crc8.o(i.crcInit)
    delay_init                               0x0800314d   Thumb Code    76  delay.o(i.delay_init)
    delay_ms                                 0x080031a9   Thumb Code    66  delay.o(i.delay_ms)
    delay_osschedlock                        0x080031f9   Thumb Code     8  delay.o(i.delay_osschedlock)
    delay_osschedunlock                      0x08003201   Thumb Code     8  delay.o(i.delay_osschedunlock)
    delay_ostimedly                          0x08003209   Thumb Code    12  delay.o(i.delay_ostimedly)
    delay_us                                 0x08003215   Thumb Code    86  delay.o(i.delay_us)
    fputc                                    0x08003271   Thumb Code    24  usart.o(i.fputc)
    get_can_speed                            0x0800328d   Thumb Code     6  can_speed.o(i.get_can_speed)
    main                                     0x08003299   Thumb Code    92  main.o(i.main)
    resolve_can_message                      0x08003301   Thumb Code    34  can_task.o(i.resolve_can_message)
    schedule_indicate_task                   0x08003331   Thumb Code   210  schedule_task.o(i.schedule_indicate_task)
    set_canbus_curmode                       0x08003429   Thumb Code     6  schedule_task.o(i.set_canbus_curmode)
    set_canbus_datamode                      0x08003435   Thumb Code     6  schedule_task.o(i.set_canbus_datamode)
    set_system_status                        0x08003441   Thumb Code     6  schedule_task.o(i.set_system_status)
    speed_send_task                          0x0800344d   Thumb Code    26  speed_send_task.o(i.speed_send_task)
    start_task                               0x08003469   Thumb Code    66  main.o(i.start_task)
    sys_switch                               0x080034c5   Thumb Code    46  main.o(i.sys_switch)
    uart_init                                0x080034fd   Thumb Code   152  usart.o(i.uart_init)
    uart_send_speed                          0x0800359d   Thumb Code    74  can_speed.o(i.uart_send_speed)
    OSUnMapTbl                               0x080035f0   Data         256  os_core.o(.constdata)
    Region$$Table$$Base                      0x0800372c   Number         0  anon$$obj.o(Region$$Table)
    Region$$Table$$Limit                     0x0800374c   Number         0  anon$$obj.o(Region$$Table)
    SystemCoreClock                          0x20000000   Data           4  system_stm32f10x.o(.data)
    AHBPrescTable                            0x20000004   Data          16  system_stm32f10x.o(.data)
    OSCtxSwCtr                               0x20000014   Data           4  os_core.o(.data)
    OSEventFreeList                          0x20000018   Data           4  os_core.o(.data)
    OSFlagFreeList                           0x2000001c   Data           4  os_core.o(.data)
    OSCPUUsage                               0x20000020   Data           1  os_core.o(.data)
    OSIdleCtrMax                             0x20000024   Data           4  os_core.o(.data)
    OSIdleCtrRun                             0x20000028   Data           4  os_core.o(.data)
    OSStatRdy                                0x2000002c   Data           1  os_core.o(.data)
    OSIntNesting                             0x2000002d   Data           1  os_core.o(.data)
    OSLockNesting                            0x2000002e   Data           1  os_core.o(.data)
    OSPrioCur                                0x2000002f   Data           1  os_core.o(.data)
    OSPrioHighRdy                            0x20000030   Data           1  os_core.o(.data)
    OSRdyGrp                                 0x20000031   Data           1  os_core.o(.data)
    OSRdyTbl                                 0x20000032   Data           8  os_core.o(.data)
    OSRunning                                0x2000003a   Data           1  os_core.o(.data)
    OSTaskCtr                                0x2000003b   Data           1  os_core.o(.data)
    OSIdleCtr                                0x2000003c   Data           4  os_core.o(.data)
    OSTCBCur                                 0x20000040   Data           4  os_core.o(.data)
    OSTCBFreeList                            0x20000044   Data           4  os_core.o(.data)
    OSTCBHighRdy                             0x20000048   Data           4  os_core.o(.data)
    OSTCBList                                0x2000004c   Data           4  os_core.o(.data)
    OSTickStepState                          0x20000050   Data           1  os_core.o(.data)
    OSQFreeList                              0x20000054   Data           4  os_core.o(.data)
    OSTime                                   0x20000058   Data           4  os_core.o(.data)
    OSTmrFree                                0x2000005c   Data           2  os_core.o(.data)
    OSTmrUsed                                0x2000005e   Data           2  os_core.o(.data)
    OSTmrTime                                0x20000060   Data           4  os_core.o(.data)
    OSTmrSem                                 0x20000064   Data           4  os_core.o(.data)
    OSTmrSemSignal                           0x20000068   Data           4  os_core.o(.data)
    OSTmrFreeList                            0x2000006c   Data           4  os_core.o(.data)
    OSInterrputSum                           0x20000070   Data           4  os_cpu_c.o(.data)
    USART2_RX_STA                            0x20000076   Data           2  usart2.o(.data)
    __stdout                                 0x2000007c   Data           4  usart.o(.data)
    USART_RX_STA                             0x20000080   Data           2  usart.o(.data)
    istableInit                              0x20000084   Data           4  crc8.o(.data)
    filter                                   0x2000009c   Data          12  main.o(.data)
    g_speed                                  0x200000b8   Data           2  can_speed.o(.data)
    tmr                                      0x200000bc   Data           4  schedule_task.o(.data)
    tmrname                                  0x200000c0   Data           4  schedule_task.o(.data)
    g_system_state                           0x200000c4   Data           1  schedule_task.o(.data)
    g_cur_mode                               0x200000c5   Data           1  schedule_task.o(.data)
    g_isvaild                                0x200000c6   Data           1  schedule_task.o(.data)
    g_isfinished                             0x200000cc   Data           1  can_task.o(.data)
    OSEventTbl                               0x200000d0   Data         200  os_core.o(.bss)
    OSFlagTbl                                0x20000198   Data          80  os_core.o(.bss)
    OSTaskStatStk                            0x200001e8   Data         512  os_core.o(.bss)
    OSTaskIdleStk                            0x200003e8   Data         512  os_core.o(.bss)
    OSTCBPrioTbl                             0x200005e8   Data         256  os_core.o(.bss)
    OSTCBTbl                                 0x200006e8   Data        1008  os_core.o(.bss)
    OSQTbl                                   0x20000ad8   Data         120  os_core.o(.bss)
    OSTmrTbl                                 0x20000b50   Data         640  os_core.o(.bss)
    OSTmrTaskStk                             0x20000dd0   Data         512  os_core.o(.bss)
    OSTmrWheelTbl                            0x20000fd0   Data          64  os_core.o(.bss)
    USART2_TX_BUF                            0x20001010   Data         200  usart2.o(.bss)
    USART2_RX_BUF                            0x200010d8   Data         200  usart2.o(.bss)
    USART_RX_BUF                             0x200011a0   Data         200  usart.o(.bss)
    START_TASK_STK                           0x20001368   Data         256  main.o(.bss)
    SCHEDULE_INDICATE_TASK_STK               0x20001468   Data         256  schedule_task.o(.bss)
    CAN_SAE_TASK_STK                         0x20001568   Data         512  can_task.o(.bss)
    __libspace_start                         0x2000177c   Data          96  libspace.o(.bss)
    __temporary_stack_top$libspace           0x200017dc   Data           0  libspace.o(.bss)



==============================================================================

Memory Map of the image

  Image Entry point : 0x080000ed

  Load Region LR_IROM1 (Base: 0x08000000, Size: 0x0000381c, Max: 0x00010000, ABSOLUTE)

    Execution Region ER_IROM1 (Base: 0x08000000, Size: 0x0000374c, Max: 0x00010000, ABSOLUTE)

    Base Addr    Size         Type   Attr      Idx    E Section Name        Object

    0x08000000   0x000000ec   Data   RO          139    RESET               startup_stm32f10x_md.o
    0x080000ec   0x00000008   Code   RO         2840  * !!!main             c_w.l(__main.o)
    0x080000f4   0x00000034   Code   RO         3105    !!!scatter          c_w.l(__scatter.o)
    0x08000128   0x0000001a   Code   RO         3107    !!handler_copy      c_w.l(__scatter_copy.o)
    0x08000142   0x00000002   PAD
    0x08000144   0x0000001c   Code   RO         3109    !!handler_zi        c_w.l(__scatter_zi.o)
    0x08000160   0x00000000   Code   RO         2827    .ARM.Collect$$_printf_percent$$00000000  c_w.l(_printf_percent.o)
    0x08000160   0x00000006   Code   RO         2825    .ARM.Collect$$_printf_percent$$0000000C  c_w.l(_printf_x.o)
    0x08000166   0x00000004   Code   RO         2881    .ARM.Collect$$_printf_percent$$00000017  c_w.l(_printf_percent_end.o)
    0x0800016a   0x00000002   Code   RO         2970    .ARM.Collect$$libinit$$00000000  c_w.l(libinit.o)
    0x0800016c   0x00000000   Code   RO         2987    .ARM.Collect$$libinit$$00000002  c_w.l(libinit2.o)
    0x0800016c   0x00000000   Code   RO         2989    .ARM.Collect$$libinit$$00000004  c_w.l(libinit2.o)
    0x0800016c   0x00000000   Code   RO         2992    .ARM.Collect$$libinit$$0000000A  c_w.l(libinit2.o)
    0x0800016c   0x00000000   Code   RO         2994    .ARM.Collect$$libinit$$0000000C  c_w.l(libinit2.o)
    0x0800016c   0x00000000   Code   RO         2996    .ARM.Collect$$libinit$$0000000E  c_w.l(libinit2.o)
    0x0800016c   0x00000000   Code   RO         2999    .ARM.Collect$$libinit$$00000011  c_w.l(libinit2.o)
    0x0800016c   0x00000000   Code   RO         3001    .ARM.Collect$$libinit$$00000013  c_w.l(libinit2.o)
    0x0800016c   0x00000000   Code   RO         3003    .ARM.Collect$$libinit$$00000015  c_w.l(libinit2.o)
    0x0800016c   0x00000000   Code   RO         3005    .ARM.Collect$$libinit$$00000017  c_w.l(libinit2.o)
    0x0800016c   0x00000000   Code   RO         3007    .ARM.Collect$$libinit$$00000019  c_w.l(libinit2.o)
    0x0800016c   0x00000000   Code   RO         3009    .ARM.Collect$$libinit$$0000001B  c_w.l(libinit2.o)
    0x0800016c   0x00000000   Code   RO         3011    .ARM.Collect$$libinit$$0000001D  c_w.l(libinit2.o)
    0x0800016c   0x00000000   Code   RO         3013    .ARM.Collect$$libinit$$0000001F  c_w.l(libinit2.o)
    0x0800016c   0x00000000   Code   RO         3015    .ARM.Collect$$libinit$$00000021  c_w.l(libinit2.o)
    0x0800016c   0x00000000   Code   RO         3017    .ARM.Collect$$libinit$$00000023  c_w.l(libinit2.o)
    0x0800016c   0x00000000   Code   RO         3019    .ARM.Collect$$libinit$$00000025  c_w.l(libinit2.o)
    0x0800016c   0x00000000   Code   RO         3023    .ARM.Collect$$libinit$$0000002C  c_w.l(libinit2.o)
    0x0800016c   0x00000000   Code   RO         3025    .ARM.Collect$$libinit$$0000002E  c_w.l(libinit2.o)
    0x0800016c   0x00000000   Code   RO         3027    .ARM.Collect$$libinit$$00000030  c_w.l(libinit2.o)
    0x0800016c   0x00000000   Code   RO         3029    .ARM.Collect$$libinit$$00000032  c_w.l(libinit2.o)
    0x0800016c   0x00000002   Code   RO         3030    .ARM.Collect$$libinit$$00000033  c_w.l(libinit2.o)
    0x0800016e   0x00000002   Code   RO         3048    .ARM.Collect$$libshutdown$$00000000  c_w.l(libshutdown.o)
    0x08000170   0x00000000   Code   RO         3059    .ARM.Collect$$libshutdown$$00000003  c_w.l(libshutdown2.o)
    0x08000170   0x00000000   Code   RO         3062    .ARM.Collect$$libshutdown$$00000006  c_w.l(libshutdown2.o)
    0x08000170   0x00000000   Code   RO         3065    .ARM.Collect$$libshutdown$$00000009  c_w.l(libshutdown2.o)
    0x08000170   0x00000000   Code   RO         3067    .ARM.Collect$$libshutdown$$0000000B  c_w.l(libshutdown2.o)
    0x08000170   0x00000000   Code   RO         3070    .ARM.Collect$$libshutdown$$0000000E  c_w.l(libshutdown2.o)
    0x08000170   0x00000002   Code   RO         3071    .ARM.Collect$$libshutdown$$0000000F  c_w.l(libshutdown2.o)
    0x08000172   0x00000000   Code   RO         2844    .ARM.Collect$$rtentry$$00000000  c_w.l(__rtentry.o)
    0x08000172   0x00000000   Code   RO         2894    .ARM.Collect$$rtentry$$00000002  c_w.l(__rtentry2.o)
    0x08000172   0x00000006   Code   RO         2906    .ARM.Collect$$rtentry$$00000004  c_w.l(__rtentry4.o)
    0x08000178   0x00000000   Code   RO         2896    .ARM.Collect$$rtentry$$00000009  c_w.l(__rtentry2.o)
    0x08000178   0x00000004   Code   RO         2897    .ARM.Collect$$rtentry$$0000000A  c_w.l(__rtentry2.o)
    0x0800017c   0x00000000   Code   RO         2899    .ARM.Collect$$rtentry$$0000000C  c_w.l(__rtentry2.o)
    0x0800017c   0x00000008   Code   RO         2900    .ARM.Collect$$rtentry$$0000000D  c_w.l(__rtentry2.o)
    0x08000184   0x00000002   Code   RO         2979    .ARM.Collect$$rtexit$$00000000  c_w.l(rtexit.o)
    0x08000186   0x00000000   Code   RO         3032    .ARM.Collect$$rtexit$$00000002  c_w.l(rtexit2.o)
    0x08000186   0x00000004   Code   RO         3033    .ARM.Collect$$rtexit$$00000003  c_w.l(rtexit2.o)
    0x0800018a   0x00000006   Code   RO         3034    .ARM.Collect$$rtexit$$00000004  c_w.l(rtexit2.o)
    0x08000190   0x00000040   Code   RO          140    .text               startup_stm32f10x_md.o
    0x080001d0   0x000000b4   Code   RO          975    .text               os_cpu_a.o
    0x08000284   0x00000002   Code   RO         2770    .text               c_w.l(use_no_semi_2.o)
    0x08000286   0x00000002   PAD
    0x08000288   0x00000018   Code   RO         2774    .text               c_w.l(__2printf.o)
    0x080002a0   0x0000004e   Code   RO         2780    .text               c_w.l(_printf_pad.o)
    0x080002ee   0x00000002   PAD
    0x080002f0   0x00000094   Code   RO         2802    .text               c_w.l(_printf_hex_int_ll_ptr.o)
    0x08000384   0x00000188   Code   RO         2822    .text               c_w.l(__printf_flags_ss_wp.o)
    0x0800050c   0x0000008a   Code   RO         2830    .text               c_w.l(rt_memcpy_v6.o)
    0x08000596   0x00000064   Code   RO         2832    .text               c_w.l(rt_memcpy_w.o)
    0x080005fa   0x00000044   Code   RO         2834    .text               c_w.l(rt_memclr.o)
    0x0800063e   0x0000004e   Code   RO         2836    .text               c_w.l(rt_memclr_w.o)
    0x0800068c   0x00000006   Code   RO         2838    .text               c_w.l(heapauxi.o)
    0x08000692   0x00000002   Code   RO         2842    .text               c_w.l(use_no_semi.o)
    0x08000694   0x000000b2   Code   RO         2849    .text               c_w.l(_printf_intcommon.o)
    0x08000746   0x00000002   PAD
    0x08000748   0x00000030   Code   RO         2853    .text               c_w.l(_printf_char_common.o)
    0x08000778   0x00000024   Code   RO         2857    .text               c_w.l(_printf_char_file.o)
    0x0800079c   0x00000008   Code   RO         2918    .text               c_w.l(ferror.o)
    0x080007a4   0x0000004a   Code   RO         2924    .text               c_w.l(sys_stackheap_outer.o)
    0x080007ee   0x0000000c   Code   RO         2963    .text               c_w.l(exit.o)
    0x080007fa   0x00000002   PAD
    0x080007fc   0x00000008   Code   RO         2976    .text               c_w.l(libspace.o)
    0x08000804   0x00000004   Code   RO            1    i.BusFault_Handler  stm32f10x_it.o
    0x08000808   0x00000038   Code   RO         1331    i.CAN_DeInit        stm32f10x_can.o
    0x08000840   0x0000010c   Code   RO          978    i.CAN_FILTERINIT    can.o
    0x0800094c   0x00000108   Code   RO         1333    i.CAN_FilterInit    stm32f10x_can.o
    0x08000a54   0x0000004c   Code   RO          979    i.CAN_GPIO_Config   can.o
    0x08000aa0   0x0000005c   Code   RO          980    i.CAN_INIT          can.o
    0x08000afc   0x00000012   Code   RO         1339    i.CAN_ITConfig      stm32f10x_can.o
    0x08000b0e   0x00000114   Code   RO         1340    i.CAN_Init          stm32f10x_can.o
    0x08000c22   0x0000002a   Code   RO          981    i.CAN_NVIC_Configuration  can.o
    0x08000c4c   0x000000f0   Code   RO         1343    i.CAN_Receive       stm32f10x_can.o
    0x08000d3c   0x00000020   Code   RO         1346    i.CAN_StructInit    stm32f10x_can.o
    0x08000d5c   0x00000126   Code   RO         1348    i.CAN_Transmit      stm32f10x_can.o
    0x08000e82   0x00000002   PAD
    0x08000e84   0x0000014c   Code   RO         2527    i.DMA_DeInit        stm32f10x_dma.o
    0x08000fd0   0x0000003c   Code   RO         2532    i.DMA_Init          stm32f10x_dma.o
    0x0800100c   0x00000002   Code   RO            2    i.DebugMon_Handler  stm32f10x_it.o
    0x0800100e   0x00000116   Code   RO         1488    i.GPIO_Init         stm32f10x_gpio.o
    0x08001124   0x00000004   Code   RO         1496    i.GPIO_SetBits      stm32f10x_gpio.o
    0x08001128   0x00000004   Code   RO            3    i.HardFault_Handler  stm32f10x_it.o
    0x0800112c   0x00000084   Code   RO         1043    i.LED_Init          led.o
    0x080011b0   0x00000004   Code   RO            4    i.MemManage_Handler  stm32f10x_it.o
    0x080011b4   0x00000002   Code   RO            5    i.NMI_Handler       stm32f10x_it.o
    0x080011b6   0x00000002   PAD
    0x080011b8   0x00000070   Code   RO         1291    i.NVIC_Init         misc.o
    0x08001228   0x00000014   Code   RO         1292    i.NVIC_PriorityGroupConfig  misc.o
    0x0800123c   0x00000014   Code   RO         1293    i.NVIC_SetVectorTable  misc.o
    0x08001250   0x00000030   Code   RO          144    i.OSInit            os_core.o
    0x08001280   0x0000000c   Code   RO          893    i.OSInitHookBegin   os_cpu_c.o
    0x0800128c   0x00000002   Code   RO          894    i.OSInitHookEnd     os_cpu_c.o
    0x0800128e   0x00000002   PAD
    0x08001290   0x00000024   Code   RO          145    i.OSIntEnter        os_core.o
    0x080012b4   0x00000090   Code   RO          146    i.OSIntExit         os_core.o
    0x08001344   0x00000040   Code   RO          147    i.OSSchedLock       os_core.o
    0x08001384   0x00000060   Code   RO          148    i.OSSchedUnlock     os_core.o
    0x080013e4   0x0000004c   Code   RO          618    i.OSSemCreate       os_sem.o
    0x08001430   0x000000ec   Code   RO          620    i.OSSemPend         os_sem.o
    0x0800151c   0x00000058   Code   RO          622    i.OSSemPost         os_sem.o
    0x08001574   0x00000048   Code   RO          149    i.OSStart           os_core.o
    0x080015bc   0x00000002   Code   RO          895    i.OSTCBInitHook     os_cpu_c.o
    0x080015be   0x00000002   PAD
    0x080015c0   0x000000a0   Code   RO          672    i.OSTaskCreate      os_task.o
    0x08001660   0x000000b8   Code   RO          673    i.OSTaskCreateExt   os_task.o
    0x08001718   0x00000002   Code   RO          896    i.OSTaskCreateHook  os_cpu_c.o
    0x0800171a   0x00000002   Code   RO          898    i.OSTaskIdleHook    os_cpu_c.o
    0x0800171c   0x00000070   Code   RO          677    i.OSTaskNameSet     os_task.o
    0x0800178c   0x00000002   Code   RO          900    i.OSTaskStatHook    os_cpu_c.o
    0x0800178e   0x00000002   PAD
    0x08001790   0x0000008c   Code   RO          682    i.OSTaskStkChk      os_task.o
    0x0800181c   0x0000009a   Code   RO          901    i.OSTaskStkInit     os_cpu_c.o
    0x080018b6   0x00000002   PAD
    0x080018b8   0x000000a8   Code   RO          683    i.OSTaskSuspend     os_task.o
    0x08001960   0x00000002   Code   RO          902    i.OSTaskSwHook      os_cpu_c.o
    0x08001962   0x00000002   PAD
    0x08001964   0x00000078   Code   RO          767    i.OSTimeDly         os_time.o
    0x080019dc   0x00000060   Code   RO          768    i.OSTimeDlyHMSM     os_time.o
    0x08001a3c   0x000000ec   Code   RO          151    i.OSTimeTick        os_core.o
    0x08001b28   0x00000024   Code   RO          903    i.OSTimeTickHook    os_cpu_c.o
    0x08001b4c   0x00000064   Code   RO          803    i.OSTmrCreate       os_tmr.o
    0x08001bb0   0x00000014   Code   RO          807    i.OSTmrSignal       os_tmr.o
    0x08001bc4   0x00000084   Code   RO          808    i.OSTmrStart        os_tmr.o
    0x08001c48   0x00000040   Code   RO          811    i.OSTmr_Alloc       os_tmr.o
    0x08001c88   0x000000b8   Code   RO          813    i.OSTmr_Init        os_tmr.o
    0x08001d40   0x00000050   Code   RO          814    i.OSTmr_InitTask    os_tmr.o
    0x08001d90   0x0000006c   Code   RO          815    i.OSTmr_Link        os_tmr.o
    0x08001dfc   0x00000080   Code   RO          816    i.OSTmr_Task        os_tmr.o
    0x08001e7c   0x00000044   Code   RO          817    i.OSTmr_Unlink      os_tmr.o
    0x08001ec0   0x00000084   Code   RO          154    i.OS_EventTaskRdy   os_core.o
    0x08001f44   0x0000002a   Code   RO          155    i.OS_EventTaskRemove  os_core.o
    0x08001f6e   0x00000002   PAD
    0x08001f70   0x0000007c   Code   RO          156    i.OS_EventTaskWait  os_core.o
    0x08001fec   0x0000001c   Code   RO          157    i.OS_EventWaitListInit  os_core.o
    0x08002008   0x00000058   Code   RO          362    i.OS_FlagInit       os_flag.o
    0x08002060   0x00000054   Code   RO          158    i.OS_InitEventList  os_core.o
    0x080020b4   0x00000054   Code   RO          159    i.OS_InitMisc       os_core.o
    0x08002108   0x00000044   Code   RO          160    i.OS_InitRdyList    os_core.o
    0x0800214c   0x00000080   Code   RO          161    i.OS_InitTCBList    os_core.o
    0x080021cc   0x00000050   Code   RO          162    i.OS_InitTaskIdle   os_core.o
    0x0800221c   0x00000050   Code   RO          163    i.OS_InitTaskStat   os_core.o
    0x0800226c   0x00000012   Code   RO          164    i.OS_MemClr         os_core.o
    0x0800227e   0x00000002   PAD
    0x08002280   0x00000050   Code   RO          555    i.OS_QInit          os_q.o
    0x080022d0   0x00000074   Code   RO          166    i.OS_Sched          os_core.o
    0x08002344   0x0000002c   Code   RO          167    i.OS_SchedNew       os_core.o
    0x08002370   0x00000134   Code   RO          169    i.OS_TCBInit        os_core.o
    0x080024a4   0x00000028   Code   RO          170    i.OS_TaskIdle       os_core.o
    0x080024cc   0x00000088   Code   RO          171    i.OS_TaskStat       os_core.o
    0x08002554   0x0000003c   Code   RO          172    i.OS_TaskStatStkChk  os_core.o
    0x08002590   0x0000001a   Code   RO          685    i.OS_TaskStkClr     os_task.o
    0x080025aa   0x00000002   PAD
    0x080025ac   0x00000020   Code   RO         2325    i.RCC_AHBPeriphClockCmd  stm32f10x_rcc.o
    0x080025cc   0x00000020   Code   RO         2326    i.RCC_APB1PeriphClockCmd  stm32f10x_rcc.o
    0x080025ec   0x00000020   Code   RO         2327    i.RCC_APB1PeriphResetCmd  stm32f10x_rcc.o
    0x0800260c   0x00000020   Code   RO         2328    i.RCC_APB2PeriphClockCmd  stm32f10x_rcc.o
    0x0800262c   0x00000020   Code   RO         2329    i.RCC_APB2PeriphResetCmd  stm32f10x_rcc.o
    0x0800264c   0x000000d4   Code   RO         2336    i.RCC_GetClocksFreq  stm32f10x_rcc.o
    0x08002720   0x00000002   Code   RO            6    i.SVC_Handler       stm32f10x_it.o
    0x08002722   0x00000008   Code   RO           92    i.SetSysClock       system_stm32f10x.o
    0x0800272a   0x00000002   PAD
    0x0800272c   0x000000e0   Code   RO           93    i.SetSysClockTo72   system_stm32f10x.o
    0x0800280c   0x00000028   Code   RO         1295    i.SysTick_CLKSourceConfig  misc.o
    0x08002834   0x0000001c   Code   RO         1126    i.SysTick_Handler   delay.o
    0x08002850   0x00000060   Code   RO           95    i.SystemInit        system_stm32f10x.o
    0x080028b0   0x00000030   Code   RO         1055    i.TIM4_IRQHandler   usart2.o
    0x080028e0   0x00000058   Code   RO         1056    i.TIM4_Init         usart2.o
    0x08002938   0x00000028   Code   RO         1057    i.TIM4_Set          usart2.o
    0x08002960   0x00000006   Code   RO         1787    i.TIM_ClearITPendingBit  stm32f10x_tim.o
    0x08002966   0x00000018   Code   RO         1792    i.TIM_Cmd           stm32f10x_tim.o
    0x0800297e   0x00000022   Code   RO         1813    i.TIM_GetITStatus   stm32f10x_tim.o
    0x080029a0   0x00000012   Code   RO         1817    i.TIM_ITConfig      stm32f10x_tim.o
    0x080029b2   0x00000004   Code   RO         1857    i.TIM_SetCounter    stm32f10x_tim.o
    0x080029b6   0x00000002   PAD
    0x080029b8   0x000000a4   Code   RO         1863    i.TIM_TimeBaseInit  stm32f10x_tim.o
    0x08002a5c   0x00000048   Code   RO         1058    i.UART_DMA_Config   usart2.o
    0x08002aa4   0x00000090   Code   RO         1204    i.USART1_IRQHandler  usart.o
    0x08002b34   0x00000064   Code   RO         1060    i.USART2_IRQHandler  usart2.o
    0x08002b98   0x000000e0   Code   RO         1061    i.USART2_Init       usart2.o
    0x08002c78   0x00000018   Code   RO         1600    i.USART_Cmd         stm32f10x_usart.o
    0x08002c90   0x00000012   Code   RO         1601    i.USART_DMACmd      stm32f10x_usart.o
    0x08002ca2   0x00000002   PAD
    0x08002ca4   0x0000009c   Code   RO         1602    i.USART_DeInit      stm32f10x_usart.o
    0x08002d40   0x00000054   Code   RO         1604    i.USART_GetITStatus  stm32f10x_usart.o
    0x08002d94   0x0000004a   Code   RO         1606    i.USART_ITConfig    stm32f10x_usart.o
    0x08002dde   0x00000002   PAD
    0x08002de0   0x000000d8   Code   RO         1607    i.USART_Init        stm32f10x_usart.o
    0x08002eb8   0x0000000a   Code   RO         1614    i.USART_ReceiveData  stm32f10x_usart.o
    0x08002ec2   0x00000002   PAD
    0x08002ec4   0x00000034   Code   RO          982    i.USB_LP_CAN1_RX0_IRQHandler  can.o
    0x08002ef8   0x00000004   Code   RO            7    i.UsageFault_Handler  stm32f10x_it.o
    0x08002efc   0x0000000e   Code   RO         2815    i._is_digit         c_w.l(__printf_wp.o)
    0x08002f0a   0x00000006   Code   RO         1205    i._sys_exit         usart.o
    0x08002f10   0x00000018   Code   RO         2637    i.can_resolve_speed  can_speed.o
    0x08002f28   0x00000090   Code   RO         2737    i.can_sae_task      can_task.o
    0x08002fb8   0x0000003c   Code   RO         2638    i.can_send_speed    can_speed.o
    0x08002ff4   0x00000028   Code   RO         2738    i.can_task_init     can_task.o
    0x0800301c   0x0000003c   Code   RO          983    i.can_tx            can.o
    0x08003058   0x00000024   Code   RO         1245    i.crc8              crc8.o
    0x0800307c   0x0000001a   Code   RO         1246    i.crc8_creator      crc8.o
    0x08003096   0x0000003c   Code   RO         1247    i.crc8_populate_lsb  crc8.o
    0x080030d2   0x0000003c   Code   RO         1248    i.crc8_populate_msb  crc8.o
    0x0800310e   0x00000002   PAD
    0x08003110   0x0000003c   Code   RO         1249    i.crcInit           crc8.o
    0x0800314c   0x0000005c   Code   RO         1127    i.delay_init        delay.o
    0x080031a8   0x00000050   Code   RO         1128    i.delay_ms          delay.o
    0x080031f8   0x00000008   Code   RO         1129    i.delay_osschedlock  delay.o
    0x08003200   0x00000008   Code   RO         1130    i.delay_osschedunlock  delay.o
    0x08003208   0x0000000c   Code   RO         1131    i.delay_ostimedly   delay.o
    0x08003214   0x0000005c   Code   RO         1132    i.delay_us          delay.o
    0x08003270   0x0000001c   Code   RO         1206    i.fputc             usart.o
    0x0800328c   0x0000000c   Code   RO         2639    i.get_can_speed     can_speed.o
    0x08003298   0x00000068   Code   RO         2596    i.main              main.o
    0x08003300   0x00000030   Code   RO         2739    i.resolve_can_message  can_task.o
    0x08003330   0x000000f8   Code   RO         2700    i.schedule_indicate_task  schedule_task.o
    0x08003428   0x0000000c   Code   RO         2701    i.set_canbus_curmode  schedule_task.o
    0x08003434   0x0000000c   Code   RO         2702    i.set_canbus_datamode  schedule_task.o
    0x08003440   0x0000000c   Code   RO         2703    i.set_system_status  schedule_task.o
    0x0800344c   0x0000001a   Code   RO         2688    i.speed_send_task   speed_send_task.o
    0x08003466   0x00000002   PAD
    0x08003468   0x0000005c   Code   RO         2597    i.start_task        main.o
    0x080034c4   0x00000038   Code   RO         2598    i.sys_switch        main.o
    0x080034fc   0x000000a0   Code   RO         1207    i.uart_init         usart.o
    0x0800359c   0x00000054   Code   RO         2641    i.uart_send_speed   can_speed.o
    0x080035f0   0x00000100   Data   RO          174    .constdata          os_core.o
    0x080036f0   0x00000028   Data   RO         2803    .constdata          c_w.l(_printf_hex_int_ll_ptr.o)
    0x08003718   0x00000011   Data   RO         2823    .constdata          c_w.l(__printf_flags_ss_wp.o)
    0x08003729   0x00000003   PAD
    0x0800372c   0x00000020   Data   RO         3103    Region$$Table       anon$$obj.o


    Execution Region RW_IRAM1 (Base: 0x20000000, Size: 0x00001de0, Max: 0x00005000, ABSOLUTE)

    Base Addr    Size         Type   Attr      Idx    E Section Name        Object

    0x20000000   0x00000014   Data   RW           96    .data               system_stm32f10x.o
    0x20000014   0x0000005c   Data   RW          175    .data               os_core.o
    0x20000070   0x00000006   Data   RW          904    .data               os_cpu_c.o
    0x20000076   0x00000002   Data   RW         1064    .data               usart2.o
    0x20000078   0x00000004   Data   RW         1133    .data               delay.o
    0x2000007c   0x00000006   Data   RW         1209    .data               usart.o
    0x20000082   0x00000002   PAD
    0x20000084   0x00000004   Data   RW         1251    .data               crc8.o
    0x20000088   0x00000014   Data   RW         2356    .data               stm32f10x_rcc.o
    0x2000009c   0x0000000c   Data   RW         2600    .data               main.o
    0x200000a8   0x00000012   Data   RW         2642    .data               can_speed.o
    0x200000ba   0x00000002   PAD
    0x200000bc   0x0000000b   Data   RW         2705    .data               schedule_task.o
    0x200000c7   0x00000001   PAD
    0x200000c8   0x00000005   Data   RW         2741    .data               can_task.o
    0x200000cd   0x00000003   PAD
    0x200000d0   0x00000f40   Zero   RW          173    .bss                os_core.o
    0x20001010   0x00000190   Zero   RW         1063    .bss                usart2.o
    0x200011a0   0x000000c8   Zero   RW         1208    .bss                usart.o
    0x20001268   0x00000100   Zero   RW         1250    .bss                crc8.o
    0x20001368   0x00000100   Zero   RW         2599    .bss                main.o
    0x20001468   0x00000100   Zero   RW         2704    .bss                schedule_task.o
    0x20001568   0x00000214   Zero   RW         2740    .bss                can_task.o
    0x2000177c   0x00000060   Zero   RW         2977    .bss                c_w.l(libspace.o)
    0x200017dc   0x00000004   PAD
    0x200017e0   0x00000200   Zero   RW          138    HEAP                startup_stm32f10x_md.o
    0x200019e0   0x00000400   Zero   RW          137    STACK               startup_stm32f10x_md.o


==============================================================================

Image component sizes


      Code (inc. data)   RO Data    RW Data    ZI Data      Debug   Object Name

       590         80          0          0          0       4429   can.o
       180         54          0         18          0       2677   can_speed.o
       232         64          0          5        532       2161   can_task.o
         0          0          0          0          0         32   core_cm3.o
       242         16          0          4        256       3514   crc8.o
       320         40          0          4          0       3493   delay.o
       132         14          0          0          0        487   led.o
       252         48          0         12        256       2193   main.o
       192         30          0          0          0       2307   misc.o
      2268        412        256         92       3904      22549   os_core.o
       180         36          0          0          0        300   os_cpu_a.o
       214         10          0          6          0      13308   os_cpu_c.o
        88         14          0          0          0       8694   os_flag.o
        80          8          0          0          0        523   os_q.o
       400         22          0          0          0       2226   os_sem.o
       790         64          0          0          0       5004   os_task.o
       216         30          0          0          0       1272   os_time.o
       884        120          0          0          0       5506   os_tmr.o
       284         56          0         11        256       2905   schedule_task.o
        26          0          0          0          0        538   speed_send_task.o
        64         26        236          0       1536        768   startup_stm32f10x_md.o
      1180         12          0          0          0       4946   stm32f10x_can.o
       392          8          0          0          0       2704   stm32f10x_dma.o
       282          0          0          0          0       2303   stm32f10x_gpio.o
        22          0          0          0          0     271883   stm32f10x_it.o
       372         50          0         20          0       5712   stm32f10x_rcc.o
       250         42          0          0          0       3675   stm32f10x_tim.o
       582         28          0          0          0       5672   stm32f10x_usart.o
       328         28          0         20          0       2001   system_stm32f10x.o
       338         26          0          6        200       3924   usart.o
       572         58          0          2        400       4045   usart2.o

    ----------------------------------------------------------------------
     11986       1396        524        208       7340     391751   Object Totals
         0          0         32          0          0          0   (incl. Generated)
        34          0          0          8          0          0   (incl. Padding)

    ----------------------------------------------------------------------

      Code (inc. data)   RO Data    RW Data    ZI Data      Debug   Library Member Name

        24          4          0          0          0         84   __2printf.o
         8          0          0          0          0         68   __main.o
       392          4         17          0          0         92   __printf_flags_ss_wp.o
        14          0          0          0          0         68   __printf_wp.o
         0          0          0          0          0          0   __rtentry.o
        12          0          0          0          0          0   __rtentry2.o
         6          0          0          0          0          0   __rtentry4.o
        52          8          0          0          0          0   __scatter.o
        26          0          0          0          0          0   __scatter_copy.o
        28          0          0          0          0          0   __scatter_zi.o
        48          6          0          0          0         96   _printf_char_common.o
        36          4          0          0          0         80   _printf_char_file.o
       148          4         40          0          0        160   _printf_hex_int_ll_ptr.o
       178          0          0          0          0         88   _printf_intcommon.o
        78          0          0          0          0        108   _printf_pad.o
         0          0          0          0          0          0   _printf_percent.o
         4          0          0          0          0          0   _printf_percent_end.o
         6          0          0          0          0          0   _printf_x.o
        12          0          0          0          0         72   exit.o
         8          0          0          0          0         68   ferror.o
         6          0          0          0          0        152   heapauxi.o
         2          0          0          0          0          0   libinit.o
         2          0          0          0          0          0   libinit2.o
         2          0          0          0          0          0   libshutdown.o
         2          0          0          0          0          0   libshutdown2.o
         8          4          0          0         96         68   libspace.o
        68          0          0          0          0         68   rt_memclr.o
        78          0          0          0          0         80   rt_memclr_w.o
       138          0          0          0          0         68   rt_memcpy_v6.o
       100          0          0          0          0         80   rt_memcpy_w.o
         2          0          0          0          0          0   rtexit.o
        10          0          0          0          0          0   rtexit2.o
        74          0          0          0          0         80   sys_stackheap_outer.o
         2          0          0          0          0         68   use_no_semi.o
         2          0          0          0          0         68   use_no_semi_2.o

    ----------------------------------------------------------------------
      1586         34         60          0        100       1716   Library Totals
        10          0          3          0          4          0   (incl. Padding)

    ----------------------------------------------------------------------

      Code (inc. data)   RO Data    RW Data    ZI Data      Debug   Library Name

      1576         34         57          0         96       1716   c_w.l

    ----------------------------------------------------------------------
      1586         34         60          0        100       1716   Library Totals

    ----------------------------------------------------------------------

==============================================================================


      Code (inc. data)   RO Data    RW Data    ZI Data      Debug   

     13572       1430        584        208       7440     385455   Grand Totals
     13572       1430        584        208       7440     385455   ELF Image Totals
     13572       1430        584        208          0          0   ROM Totals

==============================================================================

    Total RO  Size (Code + RO Data)                14156 (  13.82kB)
    Total RW  Size (RW Data + ZI Data)              7648 (   7.47kB)
    Total ROM Size (Code + RO Data + RW Data)      14364 (  14.03kB)

==============================================================================

