Component: ARM Compiler 5.05 update 1 (build 106) Tool: armlink [4d0efa]

==============================================================================

Section Cross References

    system_stm32f10x.o(i.SetSysClock) refers to system_stm32f10x.o(i.SetSysClockTo72) for SetSysClockTo72
    system_stm32f10x.o(i.SystemCoreClockUpdate) refers to system_stm32f10x.o(.data) for SystemCoreClock
    system_stm32f10x.o(i.SystemInit) refers to system_stm32f10x.o(i.SetSysClock) for SetSysClock
    startup_stm32f10x_md.o(STACK) refers (Special) to heapauxi.o(.text) for __use_two_region_memory
    startup_stm32f10x_md.o(HEAP) refers (Special) to heapauxi.o(.text) for __use_two_region_memory
    startup_stm32f10x_md.o(RESET) refers (Special) to heapauxi.o(.text) for __use_two_region_memory
    startup_stm32f10x_md.o(RESET) refers to startup_stm32f10x_md.o(STACK) for __initial_sp
    startup_stm32f10x_md.o(RESET) refers to startup_stm32f10x_md.o(.text) for Reset_Handler
    startup_stm32f10x_md.o(RESET) refers to stm32f10x_it.o(i.NMI_Handler) for NMI_Handler
    startup_stm32f10x_md.o(RESET) refers to stm32f10x_it.o(i.HardFault_Handler) for HardFault_Handler
    startup_stm32f10x_md.o(RESET) refers to stm32f10x_it.o(i.MemManage_Handler) for MemManage_Handler
    startup_stm32f10x_md.o(RESET) refers to stm32f10x_it.o(i.BusFault_Handler) for BusFault_Handler
    startup_stm32f10x_md.o(RESET) refers to stm32f10x_it.o(i.UsageFault_Handler) for UsageFault_Handler
    startup_stm32f10x_md.o(RESET) refers to stm32f10x_it.o(i.SVC_Handler) for SVC_Handler
    startup_stm32f10x_md.o(RESET) refers to stm32f10x_it.o(i.DebugMon_Handler) for DebugMon_Handler
    startup_stm32f10x_md.o(RESET) refers to os_cpu_a.o(.text) for PendSV_Handler
    startup_stm32f10x_md.o(RESET) refers to delay.o(i.SysTick_Handler) for SysTick_Handler
    startup_stm32f10x_md.o(RESET) refers to wwdg.o(i.WWDG_IRQHandler) for WWDG_IRQHandler
    startup_stm32f10x_md.o(RESET) refers to can.o(i.USB_LP_CAN1_RX0_IRQHandler) for USB_LP_CAN1_RX0_IRQHandler
    startup_stm32f10x_md.o(RESET) refers to usart2.o(i.TIM4_IRQHandler) for TIM4_IRQHandler
    startup_stm32f10x_md.o(RESET) refers to usart.o(i.USART1_IRQHandler) for USART1_IRQHandler
    startup_stm32f10x_md.o(RESET) refers to usart2.o(i.USART2_IRQHandler) for USART2_IRQHandler
    startup_stm32f10x_md.o(RESET) refers to frameware.o(i.EXTI15_10_IRQHandler) for EXTI15_10_IRQHandler
    startup_stm32f10x_md.o(.text) refers (Special) to heapauxi.o(.text) for __use_two_region_memory
    startup_stm32f10x_md.o(.text) refers to system_stm32f10x.o(i.SystemInit) for SystemInit
    startup_stm32f10x_md.o(.text) refers to __main.o(!!!main) for __main
    startup_stm32f10x_md.o(.text) refers to startup_stm32f10x_md.o(HEAP) for Heap_Mem
    startup_stm32f10x_md.o(.text) refers to startup_stm32f10x_md.o(STACK) for Stack_Mem
    os_core.o(i.OSInit) refers to os_cpu_c.o(i.OSInitHookBegin) for OSInitHookBegin
    os_core.o(i.OSInit) refers to os_core.o(i.OS_InitMisc) for OS_InitMisc
    os_core.o(i.OSInit) refers to os_core.o(i.OS_InitRdyList) for OS_InitRdyList
    os_core.o(i.OSInit) refers to os_core.o(i.OS_InitTCBList) for OS_InitTCBList
    os_core.o(i.OSInit) refers to os_core.o(i.OS_InitEventList) for OS_InitEventList
    os_core.o(i.OSInit) refers to os_flag.o(i.OS_FlagInit) for OS_FlagInit
    os_core.o(i.OSInit) refers to os_q.o(i.OS_QInit) for OS_QInit
    os_core.o(i.OSInit) refers to os_core.o(i.OS_InitTaskIdle) for OS_InitTaskIdle
    os_core.o(i.OSInit) refers to os_core.o(i.OS_InitTaskStat) for OS_InitTaskStat
    os_core.o(i.OSInit) refers to os_tmr.o(i.OSTmr_Init) for OSTmr_Init
    os_core.o(i.OSInit) refers to os_cpu_c.o(i.OSInitHookEnd) for OSInitHookEnd
    os_core.o(i.OSIntEnter) refers to os_core.o(.data) for OSRunning
    os_core.o(i.OSIntExit) refers to os_cpu_a.o(.text) for OS_CPU_SR_Save
    os_core.o(i.OSIntExit) refers to os_core.o(i.OS_SchedNew) for OS_SchedNew
    os_core.o(i.OSIntExit) refers to os_core.o(.data) for OSRunning
    os_core.o(i.OSIntExit) refers to os_core.o(.bss) for OSTCBPrioTbl
    os_core.o(i.OSSchedLock) refers to os_cpu_a.o(.text) for OS_CPU_SR_Save
    os_core.o(i.OSSchedLock) refers to os_core.o(.data) for OSRunning
    os_core.o(i.OSSchedUnlock) refers to os_cpu_a.o(.text) for OS_CPU_SR_Save
    os_core.o(i.OSSchedUnlock) refers to os_core.o(i.OS_Sched) for OS_Sched
    os_core.o(i.OSSchedUnlock) refers to os_core.o(.data) for OSRunning
    os_core.o(i.OSStart) refers to os_core.o(i.OS_SchedNew) for OS_SchedNew
    os_core.o(i.OSStart) refers to os_cpu_a.o(.text) for OSStartHighRdy
    os_core.o(i.OSStart) refers to os_core.o(.data) for OSRunning
    os_core.o(i.OSStart) refers to os_core.o(.bss) for OSTCBPrioTbl
    os_core.o(i.OSStatInit) refers to os_time.o(i.OSTimeDly) for OSTimeDly
    os_core.o(i.OSStatInit) refers to os_cpu_a.o(.text) for OS_CPU_SR_Save
    os_core.o(i.OSStatInit) refers to os_core.o(.data) for OSIdleCtr
[...]
    MsgBuf                                   0x200021dc   Data         160  can_queue_read.o(.bss)
    .bss                                     0x2000227c   Section      128  can_queue_send.o(.bss)
    uartMsg                                  0x2000227c   Data         128  can_queue_send.o(.bss)
    .bss                                     0x200022fc   Section       96  libspace.o(.bss)
    HEAP                                     0x20002360   Section      512  startup_stm32f10x_md.o(HEAP)
    Heap_Mem                                 0x20002360   Data         512  startup_stm32f10x_md.o(HEAP)
    STACK                                    0x20002560   Section     1024  startup_stm32f10x_md.o(STACK)
    Stack_Mem                                0x20002560   Data        1024  startup_stm32f10x_md.o(STACK)
    __initial_sp                             0x20002960   Data           0  startup_stm32f10x_md.o(STACK)

    Global Symbols

    Symbol Name                              Value     Ov Type        Size  Object(Section)

    BuildAttributes$$THM_ISAv4$P$D$K$B$S$PE$A:L22UL41UL21$X:L11$S22US41US21$IEEE1$IW$USESV6$~STKCKD$USESV7$~SHL$OTIME$ROPI$IEEEJ$EBA8$UX$STANDARDLIB$REQ8$PRES8$EABIv2 0x00000000   Number         0  anon$$obj.o ABSOLUTE
    __ARM_use_no_argv                        0x00000000   Number         0  main.o ABSOLUTE
    _printf_flags                            0x00000000   Number         0  printf_stubs.o ABSOLUTE
    _printf_return_value                     0x00000000   Number         0  printf_stubs.o ABSOLUTE
    _printf_sizespec                         0x00000000   Number         0  printf_stubs.o ABSOLUTE
    _printf_widthprec                        0x00000000   Number         0  printf_stubs.o ABSOLUTE
    __ARM_exceptions_init                     - Undefined Weak Reference
    __alloca_initialize                       - Undefined Weak Reference
    __arm_preinit_                            - Undefined Weak Reference
    __cpp_initialize__aeabi_                  - Undefined Weak Reference
    __cxa_finalize                            - Undefined Weak Reference
    __sigvec_lookup                           - Undefined Weak Reference
    _atexit_init                              - Undefined Weak Reference
    _call_atexit_fns                          - Undefined Weak Reference
    _clock_init                               - Undefined Weak Reference
    _fp_trap_init                             - Undefined Weak Reference
    _fp_trap_shutdown                         - Undefined Weak Reference
    _get_lc_collate                           - Undefined Weak Reference
    _get_lc_monetary                          - Undefined Weak Reference
    _get_lc_time                              - Undefined Weak Reference
    _getenv_init                              - Undefined Weak Reference
    _handle_redirection                       - Undefined Weak Reference
    _init_alloc                               - Undefined Weak Reference
    _init_user_alloc                          - Undefined Weak Reference
    _initio                                   - Undefined Weak Reference
    _mutex_acquire                            - Undefined Weak Reference
    _mutex_release                            - Undefined Weak Reference
    _printf_fp_hex                            - Undefined Weak Reference
    _printf_mbtowc                            - Undefined Weak Reference
    _printf_wc                                - Undefined Weak Reference
    _rand_init                                - Undefined Weak Reference
    _signal_finish                            - Undefined Weak Reference
    _signal_init                              - Undefined Weak Reference
    _terminate_alloc                          - Undefined Weak Reference
    _terminate_user_alloc                     - Undefined Weak Reference
    _terminateio                              - Undefined Weak Reference
    __Vectors_Size                           0x000000ec   Number         0  startup_stm32f10x_md.o ABSOLUTE
    __Vectors                                0x08000000   Data           4  startup_stm32f10x_md.o(RESET)
    __Vectors_End                            0x080000ec   Data           0  startup_stm32f10x_md.o(RESET)
    __main                                   0x080000ed   Thumb Code     8  __main.o(!!!main)
    __scatterload                            0x080000f5   Thumb Code     0  __scatter.o(!!!scatter)
    __scatterload_rt2                        0x080000f5   Thumb Code    44  __scatter.o(!!!scatter)
    __scatterload_rt2_thumb_only             0x080000f5   Thumb Code     0  __scatter.o(!!!scatter)
    __scatterload_null                       0x08000103   Thumb Code     0  __scatter.o(!!!scatter)
    __decompress                             0x08000129   Thumb Code    90  __dczerorl2.o(!!dczerorl2)
    __decompress1                            0x08000129   Thumb Code     0  __dczerorl2.o(!!dczerorl2)
    __scatterload_zeroinit                   0x08000185   Thumb Code    28  __scatter_zi.o(!!handler_zi)
    _printf_d                                0x080001a1   Thumb Code     0  _printf_d.o(.ARM.Collect$$_printf_percent$$00000009)
    _printf_percent                          0x080001a1   Thumb Code     0  _printf_percent.o(.ARM.Collect$$_printf_percent$$00000000)
    _printf_x                                0x080001a7   Thumb Code     0  _printf_x.o(.ARM.Collect$$_printf_percent$$0000000C)
    _printf_s                                0x080001ad   Thumb Code     0  _printf_s.o(.ARM.Collect$$_printf_percent$$00000014)
    _printf_percent_end                      0x080001b3   Thumb Code     0  _printf_percent_end.o(.ARM.Collect$$_printf_percent$$00000017)
    __rt_lib_init                            0x080001b7   Thumb Code     0  libinit.o(.ARM.Collect$$libinit$$00000000)
    __rt_lib_init_alloca_1                   0x080001b9   Thumb Code     0  libinit2.o(.ARM.Collect$$libinit$$0000002E)
    __rt_lib_init_argv_1                     0x080001b9   Thumb Code     0  libinit2.o(.ARM.Collect$$libinit$$0000002C)
    __rt_lib_init_atexit_1                   0x080001b9   Thumb Code     0  libinit2.o(.ARM.Collect$$libinit$$0000001B)
    __rt_lib_init_clock_1                    0x080001b9   Thumb Code     0  libinit2.o(.ARM.Collect$$libinit$$00000021)
    __rt_lib_init_cpp_1                      0x080001b9   Thumb Code     0  libinit2.o(.ARM.Collect$$libinit$$00000032)
    __rt_lib_init_exceptions_1               0x080001b9   Thumb Code     0  libinit2.o(.ARM.Collect$$libinit$$00000030)
    __rt_lib_init_fp_1                       0x080001b9   Thumb Code     0  libinit2.o(.ARM.Collect$$libinit$$00000002)
    __rt_lib_init_fp_trap_1                  0x080001b9   Thumb Code     0  libinit2.o(.ARM.Collect$$libinit$$0000001F)
    __rt_lib_init_getenv_1                   0x080001b9   Thumb Code     0  libinit2.o(.ARM.Collect$$libinit$$00000023)
    __rt_lib_init_heap_1                     0x080001b9   Thumb Code     0  libinit2.o(.ARM.Collect$$libinit$$0000000A)
    __rt_lib_init_lc_collate_1               0x080001b9   Thumb Code     0  libinit2.o(.ARM.Collect$$libinit$$00000011)
    __rt_lib_init_lc_ctype_1                 0x080001b9   Thumb Code     0  libinit2.o(.ARM.Collect$$libinit$$00000013)
    __rt_lib_init_lc_monetary_1              0x080001b9   Thumb Code     0  libinit2.o(.ARM.Collect$$libinit$$00000015)
    __rt_lib_init_lc_numeric_1               0x080001b9   Thumb Code     0  libinit2.o(.ARM.Collect$$libinit$$00000017)
    __rt_lib_init_lc_time_1                  0x080001b9   Thumb Code     0  libinit2.o(.ARM.Collect$$libinit$$00000019)
    __rt_lib_init_preinit_1                  0x080001b9   Thumb Code     0  libinit2.o(.ARM.Collect$$libinit$$00000004)
    __rt_lib_init_rand_1                     0x080001b9   Thumb Code     0  libinit2.o(.ARM.Collect$$libinit$$0000000E)
    __rt_lib_init_return                     0x080001b9   Thumb Code     0  libinit2.o(.ARM.Collect$$libinit$$00000033)
    __rt_lib_init_signal_1                   0x080001b9   Thumb Code     0  libinit2.o(.ARM.Collect$$libinit$$0000001D)
    __rt_lib_init_stdio_1                    0x080001b9   Thumb Code     0  libinit2.o(.ARM.Collect$$libinit$$00000025)
    __rt_lib_init_user_alloc_1               0x080001b9   Thumb Code     0  libinit2.o(.ARM.Collect$$libinit$$0000000C)
    __rt_lib_shutdown                        0x080001bb   Thumb Code     0  libshutdown.o(.ARM.Collect$$libshutdown$$00000000)
    __rt_lib_shutdown_fp_trap_1              0x080001bd   Thumb Code     0  libshutdown2.o(.ARM.Collect$$libshutdown$$00000006)
    __rt_lib_shutdown_heap_1                 0x080001bd   Thumb Code     0  libshutdown2.o(.ARM.Collect$$libshutdown$$0000000E)
    __rt_lib_shutdown_return                 0x080001bd   Thumb Code     0  libshutdown2.o(.ARM.Collect$$libshutdown$$0000000F)
    __rt_lib_shutdown_signal_1               0x080001bd   Thumb Code     0  libshutdown2.o(.ARM.Collect$$libshutdown$$00000009)
    __rt_lib_shutdown_stdio_1                0x080001bd   Thumb Code     0  libshutdown2.o(.ARM.Collect$$libshutdown$$00000003)
    __rt_lib_shutdown_user_alloc_1           0x080001bd   Thumb Code     0  libshutdown2.o(.ARM.Collect$$libshutdown$$0000000B)
    __rt_entry                               0x080001bf   Thumb Code     0  __rtentry.o(.ARM.Collect$$rtentry$$00000000)
    __rt_entry_presh_1                       0x080001bf   Thumb Code     0  __rtentry2.o(.ARM.Collect$$rtentry$$00000002)
    __rt_entry_sh                            0x080001bf   Thumb Code     0  __rtentry4.o(.ARM.Collect$$rtentry$$00000004)
    __rt_entry_li                            0x080001c5   Thumb Code     0  __rtentry2.o(.ARM.Collect$$rtentry$$0000000A)
    __rt_entry_postsh_1                      0x080001c5   Thumb Code     0  __rtentry2.o(.ARM.Collect$$rtentry$$00000009)
    __rt_entry_main                          0x080001c9   Thumb Code     0  __rtentry2.o(.ARM.Collect$$rtentry$$0000000D)
    __rt_entry_postli_1                      0x080001c9   Thumb Code     0  __rtentry2.o(.ARM.Collect$$rtentry$$0000000C)
    __rt_exit                                0x080001d1   Thumb Code     0  rtexit.o(.ARM.Collect$$rtexit$$00000000)
    __rt_exit_ls                             0x080001d3   Thumb Code     0  rtexit2.o(.ARM.Collect$$rtexit$$00000003)
    __rt_exit_prels_1                        0x080001d3   Thumb Code     0  rtexit2.o(.ARM.Collect$$rtexit$$00000002)
    __rt_exit_exit                           0x080001d7   Thumb Code     0  rtexit2.o(.ARM.Collect$$rtexit$$00000004)
    Reset_Handler                            0x080001dd   Thumb Code     8  startup_stm32f10x_md.o(.text)
    ADC1_2_IRQHandler                        0x080001f7   Thumb Code     0  startup_stm32f10x_md.o(.text)
    CAN1_RX1_IRQHandler                      0x080001f7   Thumb Code     0  startup_stm32f10x_md.o(.text)
    CAN1_SCE_IRQHandler                      0x080001f7   Thumb Code     0  startup_stm32f10x_md.o(.text)
    DMA1_Channel1_IRQHandler                 0x080001f7   Thumb Code     0  startup_stm32f10x_md.o(.text)
    DMA1_Channel2_IRQHandler                 0x080001f7   Thumb Code     0  startup_stm32f10x_md.o(.text)
    DMA1_Channel3_IRQHandler                 0x080001f7   Thumb Code     0  startup_stm32f10x_md.o(.text)
    DMA1_Channel4_IRQHandler                 0x080001f7   Thumb Code     0  startup_stm32f10x_md.o(.text)
    DMA1_Channel5_IRQHandler                 0x080001f7   Thumb Code     0  startup_stm32f10x_md.o(.text)
    DMA1_Channel6_IRQHandler                 0x080001f7   Thumb Code     0  startup_stm32f10x_md.o(.text)
    DMA1_Channel7_IRQHandler                 0x080001f7   Thumb Code     0  startup_stm32f10x_md.o(.text)
    EXTI0_IRQHandler                         0x080001f7   Thumb Code     0  startup_stm32f10x_md.o(.text)
    EXTI1_IRQHandler                         0x080001f7   Thumb Code     0  startup_stm32f10x_md.o(.text)
    EXTI2_IRQHandler                         0x080001f7   Thumb Code     0  startup_stm32f10x_md.o(.text)
    EXTI3_IRQHandler                         0x080001f7   Thumb Code     0  startup_stm32f10x_md.o(.text)
    EXTI4_IRQHandler                         0x080001f7   Thumb Code     0  startup_stm32f10x_md.o(.text)
    EXTI9_5_IRQHandler                       0x080001f7   Thumb Code     0  startup_stm32f10x_md.o(.text)
    FLASH_IRQHandler                         0x080001f7   Thumb Code     0  startup_stm32f10x_md.o(.text)
    I2C1_ER_IRQHandler                       0x080001f7   Thumb Code     0  startup_stm32f10x_md.o(.text)
    I2C1_EV_IRQHandler                       0x080001f7   Thumb Code     0  startup_stm32f10x_md.o(.text)
    I2C2_ER_IRQHandler                       0x080001f7   Thumb Code     0  startup_stm32f10x_md.o(.text)
    I2C2_EV_IRQHandler                       0x080001f7   Thumb Code     0  startup_stm32f10x_md.o(.text)
    PVD_IRQHandler                           0x080001f7   Thumb Code     0  startup_stm32f10x_md.o(.text)
    RCC_IRQHandler                           0x080001f7   Thumb Code     0  startup_stm32f10x_md.o(.text)
    RTCAlarm_IRQHandler                      0x080001f7   Thumb Code     0  startup_stm32f10x_md.o(.text)
    RTC_IRQHandler                           0x080001f7   Thumb Code     0  startup_stm32f10x_md.o(.text)
    SPI1_IRQHandler                          0x080001f7   Thumb Code     0  startup_stm32f10x_md.o(.text)
    SPI2_IRQHandler                          0x080001f7   Thumb Code     0  startup_stm32f10x_md.o(.text)
    TAMPER_IRQHandler                        0x080001f7   Thumb Code     0  startup_stm32f10x_md.o(.text)
    TIM1_BRK_IRQHandler                      0x080001f7   Thumb Code     0  startup_stm32f10x_md.o(.text)
    TIM1_CC_IRQHandler                       0x080001f7   Thumb Code     0  startup_stm32f10x_md.o(.text)
    TIM1_TRG_COM_IRQHandler                  0x080001f7   Thumb Code     0  startup_stm32f10x_md.o(.text)
    TIM1_UP_IRQHandler                       0x080001f7   Thumb Code     0  startup_stm32f10x_md.o(.text)
    TIM2_IRQHandler                          0x080001f7   Thumb Code     0  startup_stm32f10x_md.o(.text)
    TIM3_IRQHandler                          0x080001f7   Thumb Code     0  startup_stm32f10x_md.o(.text)
    USART3_IRQHandler                        0x080001f7   Thumb Code     0  startup_stm32f10x_md.o(.text)
    USBWakeUp_IRQHandler                     0x080001f7   Thumb Code     0  startup_stm32f10x_md.o(.text)
    USB_HP_CAN1_TX_IRQHandler                0x080001f7   Thumb Code     0  startup_stm32f10x_md.o(.text)
    __user_initial_stackheap                 0x080001f9   Thumb Code     0  startup_stm32f10x_md.o(.text)
    OS_CPU_SR_Save                           0x0800021d   Thumb Code     0  os_cpu_a.o(.text)
    OS_CPU_SR_Restore                        0x08000225   Thumb Code     0  os_cpu_a.o(.text)
    OSStartHighRdy                           0x0800022b   Thumb Code     0  os_cpu_a.o(.text)
    OSCtxSw                                  0x0800024d   Thumb Code     0  os_cpu_a.o(.text)
    OSIntCtxSw                               0x0800025b   Thumb Code     0  os_cpu_a.o(.text)
    PendSV_Handler                           0x0800026b   Thumb Code     0  os_cpu_a.o(.text)
    __use_no_semihosting                     0x080002d1   Thumb Code     2  use_no_semi_2.o(.text)
    __2printf                                0x080002d5   Thumb Code    20  __2printf.o(.text)
    _printf_pre_padding                      0x080002ed   Thumb Code    44  _printf_pad.o(.text)
    _printf_post_padding                     0x08000319   Thumb Code    34  _printf_pad.o(.text)
    _printf_str                              0x0800033b   Thumb Code    82  _printf_str.o(.text)
    _printf_int_dec                          0x0800038d   Thumb Code   104  _printf_dec.o(.text)
    _printf_longlong_hex                     0x08000405   Thumb Code    86  _printf_hex_int_ll_ptr.o(.text)
    _printf_int_hex                          0x0800045b   Thumb Code    28  _printf_hex_int_ll_ptr.o(.text)
    _printf_ll_hex                           0x08000477   Thumb Code    12  _printf_hex_int_ll_ptr.o(.text)
    _printf_hex_ptr                          0x08000483   Thumb Code    18  _printf_hex_int_ll_ptr.o(.text)
    __printf                                 0x08000499   Thumb Code   388  __printf_flags_ss_wp.o(.text)
    __aeabi_memcpy                           0x08000621   Thumb Code     0  rt_memcpy_v6.o(.text)
    __rt_memcpy                              0x08000621   Thumb Code   138  rt_memcpy_v6.o(.text)
    _memcpy_lastbytes                        0x08000687   Thumb Code     0  rt_memcpy_v6.o(.text)
    __aeabi_memcpy4                          0x080006ab   Thumb Code     0  rt_memcpy_w.o(.text)
    __aeabi_memcpy8                          0x080006ab   Thumb Code     0  rt_memcpy_w.o(.text)
    __rt_memcpy_w                            0x080006ab   Thumb Code   100  rt_memcpy_w.o(.text)
    _memcpy_lastbytes_aligned                0x080006f3   Thumb Code     0  rt_memcpy_w.o(.text)
    __aeabi_memclr                           0x0800070f   Thumb Code     0  rt_memclr.o(.text)
    __rt_memclr                              0x0800070f   Thumb Code    68  rt_memclr.o(.text)
    _memset                                  0x08000713   Thumb Code     0  rt_memclr.o(.text)
    __aeabi_memclr4                          0x08000753   Thumb Code     0  rt_memclr_w.o(.text)
    __aeabi_memclr8                          0x08000753   Thumb Code     0  rt_memclr_w.o(.text)
    __rt_memclr_w                            0x08000753   Thumb Code    78  rt_memclr_w.o(.text)
    _memset_w                                0x08000757   Thumb Code     0  rt_memclr_w.o(.text)
    __use_two_region_memory                  0x080007a1   Thumb Code     2  heapauxi.o(.text)
    __rt_heap_escrow$2region                 0x080007a3   Thumb Code     2  heapauxi.o(.text)
    __rt_heap_expand$2region                 0x080007a5   Thumb Code     2  heapauxi.o(.text)
    __I$use$semihosting                      0x080007a7   Thumb Code     0  use_no_semi.o(.text)
    __use_no_semihosting_swi                 0x080007a7   Thumb Code     2  use_no_semi.o(.text)
    _printf_int_common                       0x080007a9   Thumb Code   178  _printf_intcommon.o(.text)
    _printf_char_common                      0x08000867   Thumb Code    32  _printf_char_common.o(.text)
    _printf_cs_common                        0x0800088d   Thumb Code    20  _printf_char.o(.text)
    _printf_char                             0x080008a1   Thumb Code    16  _printf_char.o(.text)
    _printf_string                           0x080008b1   Thumb Code     8  _printf_char.o(.text)
    _printf_char_file                        0x080008b9   Thumb Code    32  _printf_char_file.o(.text)
    ferror                                   0x080008dd   Thumb Code     8  ferror.o(.text)
    __user_setup_stackheap                   0x080008e5   Thumb Code    74  sys_stackheap_outer.o(.text)
    exit                                     0x0800092f   Thumb Code    12  exit.o(.text)
    __user_libspace                          0x0800093d   Thumb Code     8  libspace.o(.text)
    __user_perproc_libspace                  0x0800093d   Thumb Code     0  libspace.o(.text)
    __user_perthread_libspace                0x0800093d   Thumb Code     0  libspace.o(.text)
    BusFault_Handler                         0x08000945   Thumb Code     4  stm32f10x_it.o(i.BusFault_Handler)
    CAN_DeInit                               0x08000949   Thumb Code    50  stm32f10x_can.o(i.CAN_DeInit)
    CAN_DelHeadReadMsg                       0x08000981   Thumb Code    10  task_can.o(i.CAN_DelHeadReadMsg)
    CAN_FILTERINIT                           0x08000991   Thumb Code   208  can.o(i.CAN_FILTERINIT)
    CAN_FilterInit                           0x08000a9d   Thumb Code   258  stm32f10x_can.o(i.CAN_FilterInit)
    CAN_GPIO_Config                          0x08000ba5   Thumb Code    70  can.o(i.CAN_GPIO_Config)
    CAN_GetBrandrate                         0x08000bf1   Thumb Code     6  task_can.o(i.CAN_GetBrandrate)
    CAN_GetHeadReadMsg                       0x08000bfd   Thumb Code    22  task_can.o(i.CAN_GetHeadReadMsg)
    CAN_GetReadTaskStatus                    0x08000c19   Thumb Code     6  task_can_read.o(i.CAN_GetReadTaskStatus)
    CAN_GetSendTaskStatus                    0x08000c41   Thumb Code     6  task_can_send.o(i.CAN_GetSendTaskStatus)
    CAN_INIT                                 0x08000c4d   Thumb Code   128  can.o(i.CAN_INIT)
    CAN_ITConfig                             0x08000d11   Thumb Code    18  stm32f10x_can.o(i.CAN_ITConfig)
    CAN_Init                                 0x08000d23   Thumb Code   276  stm32f10x_can.o(i.CAN_Init)
    CAN_NVIC_Configuration                   0x08000e37   Thumb Code    44  can.o(i.CAN_NVIC_Configuration)
    CAN_QueueReadClean                       0x08000e63   Thumb Code     8  can_queue_read.o(i.CAN_QueueReadClean)
    CAN_QueueReadDelHead                     0x08000e6d   Thumb Code    36  can_queue_read.o(i.CAN_QueueReadDelHead)
    CAN_QueueReadGetHead                     0x08000e95   Thumb Code    64  can_queue_read.o(i.CAN_QueueReadGetHead)
    CAN_QueueReadInit                        0x08000ed9   Thumb Code    54  can_queue_read.o(i.CAN_QueueReadInit)
    CAN_QueueReadPut                         0x08000f39   Thumb Code    90  can_queue_read.o(i.CAN_QueueReadPut)
    CAN_QueueSendClean                       0x08000fa1   Thumb Code     8  can_queue_send.o(i.CAN_QueueSendClean)
    CAN_QueueSendGet                         0x08000fa9   Thumb Code    74  can_queue_send.o(i.CAN_QueueSendGet)
    CAN_QueueSendInit                        0x08000ff9   Thumb Code    54  can_queue_send.o(i.CAN_QueueSendInit)
    CAN_QueueSendPut                         0x08001059   Thumb Code    86  can_queue_send.o(i.CAN_QueueSendPut)
    CAN_ReadTaskInit                         0x080010cd   Thumb Code    66  task_can_read.o(i.CAN_ReadTaskInit)
    CAN_ReadTaskPause                        0x0800112d   Thumb Code    70  task_can_read.o(i.CAN_ReadTaskPause)
    CAN_ReadTaskStart                        0x08001199   Thumb Code    82  task_can_read.o(i.CAN_ReadTaskStart)
    CAN_Receive                              0x08001231   Thumb Code   240  stm32f10x_can.o(i.CAN_Receive)
    CAN_ResolveMsg                           0x08001321   Thumb Code    40  task_can_read.o(i.CAN_ResolveMsg)
    CAN_SendOneFrame                         0x08001355   Thumb Code    38  task_can_send.o(i.CAN_SendOneFrame)
    CAN_SendPutMsg                           0x080013a1   Thumb Code    28  task_can.o(i.CAN_SendPutMsg)
    CAN_SendTaskInit                         0x080013d9   Thumb Code    64  task_can_send.o(i.CAN_SendTaskInit)
    CAN_SendTaskPause                        0x08001439   Thumb Code    70  task_can_send.o(i.CAN_SendTaskPause)
    CAN_SendTaskStart                        0x080014a5   Thumb Code    82  task_can_send.o(i.CAN_SendTaskStart)
    CAN_SetBrandrate                         0x0800153d   Thumb Code    10  task_can.o(i.CAN_SetBrandrate)
    CAN_SetFilter                            0x08001547   Thumb Code    16  task_can.o(i.CAN_SetFilter)
    CAN_StructInit                           0x08001557   Thumb Code    32  stm32f10x_can.o(i.CAN_StructInit)
    CAN_TRANSMIT                             0x08001579   Thumb Code   118  can.o(i.CAN_TRANSMIT)
    CAN_TaskInit                             0x080015f5   Thumb Code    40  task_can.o(i.CAN_TaskInit)
    CAN_TaskPause                            0x08001635   Thumb Code    34  task_can.o(i.CAN_TaskPause)
    CAN_TaskStart                            0x08001657   Thumb Code    28  task_can.o(i.CAN_TaskStart)
    CAN_Transmit                             0x08001673   Thumb Code   294  stm32f10x_can.o(i.CAN_Transmit)
    DMA_Cmd                                  0x08001811   Thumb Code    24  stm32f10x_dma.o(i.DMA_Cmd)
    DMA_DeInit                               0x08001829   Thumb Code   324  stm32f10x_dma.o(i.DMA_DeInit)
    DMA_GetCurrDataCounter                   0x08001975   Thumb Code     8  stm32f10x_dma.o(i.DMA_GetCurrDataCounter)
    DMA_Init                                 0x0800197d   Thumb Code    60  stm32f10x_dma.o(i.DMA_Init)
    DMA_SetCurrDataCounter                   0x080019b9   Thumb Code     4  stm32f10x_dma.o(i.DMA_SetCurrDataCounter)
    DebugMon_Handler                         0x080019bd   Thumb Code     2  stm32f10x_it.o(i.DebugMon_Handler)
    EXTI15_10_IRQHandler                     0x080019c1   Thumb Code    82  frameware.o(i.EXTI15_10_IRQHandler)
    EXTI_ClearITPendingBit                   0x08001a45   Thumb Code     6  stm32f10x_exti.o(i.EXTI_ClearITPendingBit)
    EXTI_GetITStatus                         0x08001a51   Thumb Code    34  stm32f10x_exti.o(i.EXTI_GetITStatus)
    EXTI_Init                                0x08001a79   Thumb Code   142  stm32f10x_exti.o(i.EXTI_Init)
    FRAMEWORK_Init                           0x08001b0d   Thumb Code    94  frameware.o(i.FRAMEWORK_Init)
    GPIO_EXTILineConfig                      0x08001b6d   Thumb Code    60  stm32f10x_gpio.o(i.GPIO_EXTILineConfig)
    GPIO_Init                                0x08001bad   Thumb Code   278  stm32f10x_gpio.o(i.GPIO_Init)
    GPIO_PinRemapConfig                      0x08001cc5   Thumb Code   138  stm32f10x_gpio.o(i.GPIO_PinRemapConfig)
    GPIO_ReadInputDataBit                    0x08001d55   Thumb Code    18  stm32f10x_gpio.o(i.GPIO_ReadInputDataBit)
    GPIO_SetBits                             0x08001d67   Thumb Code     4  stm32f10x_gpio.o(i.GPIO_SetBits)
    HardFault_Handler                        0x08001d6b   Thumb Code     4  stm32f10x_it.o(i.HardFault_Handler)
    KEYACC_Init                              0x08001d71   Thumb Code    34  keyacc.o(i.KEYACC_Init)
    KEYACC_Scan                              0x08001d99   Thumb Code    14  keyacc.o(i.KEYACC_Scan)
    LED_Init                                 0x08001dad   Thumb Code   118  led.o(i.LED_Init)
    MemManage_Handler                        0x08001e31   Thumb Code     4  stm32f10x_it.o(i.MemManage_Handler)
    NMI_Handler                              0x08001e49   Thumb Code     2  stm32f10x_it.o(i.NMI_Handler)
    NVIC_Init                                0x08001e4d   Thumb Code   100  misc.o(i.NVIC_Init)
    NVIC_PriorityGroupConfig                 0x08001ebd   Thumb Code    10  misc.o(i.NVIC_PriorityGroupConfig)
    NVIC_SetVectorTable                      0x08001ed1   Thumb Code    12  misc.o(i.NVIC_SetVectorTable)
    OSInit                                   0x08001ee5   Thumb Code    48  os_core.o(i.OSInit)
    OSInitHookBegin                          0x08001f15   Thumb Code     8  os_cpu_c.o(i.OSInitHookBegin)
    OSInitHookEnd                            0x08001f21   Thumb Code     2  os_cpu_c.o(i.OSInitHookEnd)
    OSIntEnter                               0x08001f25   Thumb Code    28  os_core.o(i.OSIntEnter)
    OSIntExit                                0x08001f49   Thumb Code   112  os_core.o(i.OSIntExit)
    OSMutexCreate                            0x08001fd9   Thumb Code   134  os_mutex.o(i.OSMutexCreate)
    OSMutexPend                              0x0800206d   Thumb Code   542  os_mutex.o(i.OSMutexPend)
    OSMutexPost                              0x080022a5   Thumb Code   186  os_mutex.o(i.OSMutexPost)
    OSSchedLock                              0x080023f1   Thumb Code    50  os_core.o(i.OSSchedLock)
    OSSchedUnlock                            0x08002431   Thumb Code    82  os_core.o(i.OSSchedUnlock)
    OSSemCreate                              0x08002491   Thumb Code    68  os_sem.o(i.OSSemCreate)
    OSSemPend                                0x080024dd   Thumb Code   222  os_sem.o(i.OSSemPend)
    OSSemPost                                0x080025c9   Thumb Code    88  os_sem.o(i.OSSemPost)
    OSStart                                  0x08002621   Thumb Code    48  os_core.o(i.OSStart)
    OSTCBInitHook                            0x08002669   Thumb Code     2  os_cpu_c.o(i.OSTCBInitHook)
    OSTaskCreateExt                          0x0800266d   Thumb Code   170  os_task.o(i.OSTaskCreateExt)
    OSTaskCreateHook                         0x08002725   Thumb Code     2  os_cpu_c.o(i.OSTaskCreateHook)
    OSTaskIdleHook                           0x08002727   Thumb Code     2  os_cpu_c.o(i.OSTaskIdleHook)
    OSTaskNameSet                            0x08002729   Thumb Code    98  os_task.o(i.OSTaskNameSet)
    OSTaskResume                             0x08002799   Thumb Code   154  os_task.o(i.OSTaskResume)
    OSTaskStatHook                           0x08002845   Thumb Code     2  os_cpu_c.o(i.OSTaskStatHook)
    OSTaskStkChk                             0x08002849   Thumb Code   132  os_task.o(i.OSTaskStkChk)
    OSTaskStkInit                            0x080028d5   Thumb Code   154  os_cpu_c.o(i.OSTaskStkInit)
    OSTaskSuspend                            0x08002971   Thumb Code   152  os_task.o(i.OSTaskSuspend)
    OSTaskSwHook                             0x08002a19   Thumb Code     2  os_cpu_c.o(i.OSTaskSwHook)
    OSTimeDly                                0x08002a1d   Thumb Code   100  os_time.o(i.OSTimeDly)
    OSTimeDlyHMSM                            0x08002a95   Thumb Code    86  os_time.o(i.OSTimeDlyHMSM)
    OSTimeTick                               0x08002af5   Thumb Code   210  os_core.o(i.OSTimeTick)
    OSTimeTickHook                           0x08002be1   Thumb Code    30  os_cpu_c.o(i.OSTimeTickHook)
    OSTmrSignal                              0x08002c05   Thumb Code    16  os_tmr.o(i.OSTmrSignal)
    OSTmr_Init                               0x08002c19   Thumb Code   148  os_tmr.o(i.OSTmr_Init)
    OS_EventTaskRdy                          0x08002e51   Thumb Code   114  os_core.o(i.OS_EventTaskRdy)
    OS_EventTaskRemove                       0x08002ed5   Thumb Code    42  os_core.o(i.OS_EventTaskRemove)
    OS_EventTaskWait                         0x08002f01   Thumb Code   112  os_core.o(i.OS_EventTaskWait)
    OS_EventWaitListInit                     0x08002f7d   Thumb Code    28  os_core.o(i.OS_EventWaitListInit)
    OS_FlagInit                              0x08002f99   Thumb Code    74  os_flag.o(i.OS_FlagInit)
    OS_MemClr                                0x080031fd   Thumb Code    18  os_core.o(i.OS_MemClr)
    OS_QInit                                 0x08003211   Thumb Code    72  os_q.o(i.OS_QInit)
    OS_Sched                                 0x08003261   Thumb Code    88  os_core.o(i.OS_Sched)
    OS_TCBInit                               0x08003301   Thumb Code   278  os_core.o(i.OS_TCBInit)
    OS_TaskIdle                              0x08003435   Thumb Code    34  os_core.o(i.OS_TaskIdle)
    OS_TaskStat                              0x0800345d   Thumb Code   116  os_core.o(i.OS_TaskStat)
    OS_TaskStatStkChk                        0x080034e5   Thumb Code    54  os_core.o(i.OS_TaskStatStkChk)
    OS_TaskStkClr                            0x08003521   Thumb Code    26  os_task.o(i.OS_TaskStkClr)
    PWR_EnterSTOPMode                        0x0800353d   Thumb Code    54  stm32f10x_pwr.o(i.PWR_EnterSTOPMode)
    RCC_AHBPeriphClockCmd                    0x0800357d   Thumb Code    26  stm32f10x_rcc.o(i.RCC_AHBPeriphClockCmd)
    RCC_APB1PeriphClockCmd                   0x0800359d   Thumb Code    26  stm32f10x_rcc.o(i.RCC_APB1PeriphClockCmd)
    RCC_APB1PeriphResetCmd                   0x080035bd   Thumb Code    26  stm32f10x_rcc.o(i.RCC_APB1PeriphResetCmd)
    RCC_APB2PeriphClockCmd                   0x080035dd   Thumb Code    26  stm32f10x_rcc.o(i.RCC_APB2PeriphClockCmd)
    RCC_APB2PeriphResetCmd                   0x080035fd   Thumb Code    26  stm32f10x_rcc.o(i.RCC_APB2PeriphResetCmd)
    RCC_GetClocksFreq                        0x0800361d   Thumb Code   192  stm32f10x_rcc.o(i.RCC_GetClocksFreq)
    Ringbuffer_AddBufferHearaddr             0x080036f1   Thumb Code    50  uart_ringbuf.o(i.Ringbuffer_AddBufferHearaddr)
    Ringbuffer_GetbufferHeardata             0x08003729   Thumb Code   118  uart_ringbuf.o(i.Ringbuffer_GetbufferHeardata)
    Ringbuffer_Init                          0x080037a5   Thumb Code    60  uart_ringbuf.o(i.Ringbuffer_Init)
    Ringbuffer_PutDataToBuffer               0x080037f9   Thumb Code   176  uart_ringbuf.o(i.Ringbuffer_PutDataToBuffer)
    SCHEDULE_SetSystemStatus                 0x080038ad   Thumb Code     6  task_schedule.o(i.SCHEDULE_SetSystemStatus)
    SCHEDULE_TaskInit                        0x080038b9   Thumb Code    44  task_schedule.o(i.SCHEDULE_TaskInit)
    SPEED_GetCanBusStatus                    0x080038ed   Thumb Code     6  can_speed.o(i.SPEED_GetCanBusStatus)
    SPEED_GetCanSpeed                        0x080038f9   Thumb Code     6  can_speed.o(i.SPEED_GetCanSpeed)
    SPEED_SAE1939_Resolve                    0x08003905   Thumb Code     8  can_speed.o(i.SPEED_SAE1939_Resolve)
    SPEED_SetCanBusStatus                    0x08003911   Thumb Code     6  can_speed.o(i.SPEED_SetCanBusStatus)
    SPEED_UartSend                           0x0800391d   Thumb Code    74  can_speed.o(i.SPEED_UartSend)
    SVC_Handler                              0x08003971   Thumb Code     2  stm32f10x_it.o(i.SVC_Handler)
    SysTick_CLKSourceConfig                  0x08003a5d   Thumb Code    40  misc.o(i.SysTick_CLKSourceConfig)
    SysTick_Handler                          0x08003a85   Thumb Code    24  delay.o(i.SysTick_Handler)
    SystemInit                               0x08003aa1   Thumb Code    78  system_stm32f10x.o(i.SystemInit)
    TIM4_IRQHandler                          0x08003b01   Thumb Code    40  usart2.o(i.TIM4_IRQHandler)
    TIM4_Init                                0x08003b31   Thumb Code    92  usart2.o(i.TIM4_Init)
    TIM4_Set                                 0x08003b91   Thumb Code    34  usart2.o(i.TIM4_Set)
    TIM_ClearITPendingBit                    0x08003bb9   Thumb Code     6  stm32f10x_tim.o(i.TIM_ClearITPendingBit)
    TIM_Cmd                                  0x08003bbf   Thumb Code    24  stm32f10x_tim.o(i.TIM_Cmd)
    TIM_GetITStatus                          0x08003bd7   Thumb Code    34  stm32f10x_tim.o(i.TIM_GetITStatus)
    TIM_ITConfig                             0x08003bf9   Thumb Code    18  stm32f10x_tim.o(i.TIM_ITConfig)
    TIM_SetCounter                           0x08003c0b   Thumb Code     4  stm32f10x_tim.o(i.TIM_SetCounter)
    TIM_TimeBaseInit                         0x08003c11   Thumb Code   122  stm32f10x_tim.o(i.TIM_TimeBaseInit)
    UARTParse_StartParseOne                  0x08003cb5   Thumb Code    36  task_uart_parse.o(i.UARTParse_StartParseOne)
    UARTParse_TaskInit                       0x08003ce5   Thumb Code    60  task_uart_parse.o(i.UARTParse_TaskInit)
    UARTRead_TaskInit                        0x08003d39   Thumb Code    40  task_uart_read.o(i.UARTRead_TaskInit)
    UARTRead_TaskPause                       0x08003d69   Thumb Code    72  task_uart_read.o(i.UARTRead_TaskPause)
    UARTRead_TaskStart                       0x08003dc9   Thumb Code    72  task_uart_read.o(i.UARTRead_TaskStart)
    UARTSend_TaskInit                        0x08003e29   Thumb Code    48  task_uart_send.o(i.UARTSend_TaskInit)
    UARTSend_TaskPause                       0x08003e69   Thumb Code    72  task_uart_send.o(i.UARTSend_TaskPause)
    UARTSend_TaskStart                       0x08003ec9   Thumb Code    72  task_uart_send.o(i.UARTSend_TaskStart)
    UART_DMA_Config                          0x08003f29   Thumb Code    72  usart2.o(i.UART_DMA_Config)
    UART_DMA_Enable                          0x08003f71   Thumb Code    32  usart2.o(i.UART_DMA_Enable)
    UART_Detectcrc8                          0x08003f91   Thumb Code    48  uart_detect.o(i.UART_Detectcrc8)
    UART_DetectvaildMsgtype                  0x08003fd9   Thumb Code    60  uart_detect.o(i.UART_DetectvaildMsgtype)
    UART_DetectvaildSync                     0x08004029   Thumb Code    36  uart_detect.o(i.UART_DetectvaildSync)
    UART_ENCODE_AddSystermErrorcode          0x08004059   Thumb Code     6  uart_encode.o(i.UART_ENCODE_AddSystermErrorcode)
    UART_ENCODE_GetSend                      0x08004065   Thumb Code    38  uart_encode.o(i.UART_ENCODE_GetSend)
    UART_ENCODE_GetSystermStatus             0x0800408d   Thumb Code    82  uart_encode.o(i.UART_ENCODE_GetSystermStatus)
    UART_Init                                0x080040e5   Thumb Code   154  usart.o(i.UART_Init)
    UART_SEND_DATA                           0x08004189   Thumb Code    38  usart2.o(i.UART_SEND_DATA)
    UART_TaskInit                            0x080041b9   Thumb Code    16  task_uart.o(i.UART_TaskInit)
    UART_TaskPause                           0x080041c9   Thumb Code    34  task_uart.o(i.UART_TaskPause)
    UART_TaskStart                           0x080041eb   Thumb Code    28  task_uart.o(i.UART_TaskStart)
    USART1_IRQHandler                        0x08004209   Thumb Code   130  usart.o(i.USART1_IRQHandler)
    USART2_IRQHandler                        0x08004299   Thumb Code    90  usart2.o(i.USART2_IRQHandler)
    USART2_Init                              0x08004311   Thumb Code   194  usart2.o(i.USART2_Init)
    USART_Cmd                                0x080043e9   Thumb Code    24  stm32f10x_usart.o(i.USART_Cmd)
    USART_DMACmd                             0x08004401   Thumb Code    18  stm32f10x_usart.o(i.USART_DMACmd)
    USART_DeInit                             0x08004415   Thumb Code   134  stm32f10x_usart.o(i.USART_DeInit)
    USART_GetITStatus                        0x080044b1   Thumb Code    84  stm32f10x_usart.o(i.USART_GetITStatus)
    USART_ITConfig                           0x08004505   Thumb Code    74  stm32f10x_usart.o(i.USART_ITConfig)
    USART_Init                               0x08004551   Thumb Code   210  stm32f10x_usart.o(i.USART_Init)
    USART_ReceiveData                        0x08004629   Thumb Code    10  stm32f10x_usart.o(i.USART_ReceiveData)
    USB_LP_CAN1_RX0_IRQHandler               0x08004635   Thumb Code    38  can.o(i.USB_LP_CAN1_RX0_IRQHandler)
    UsageFault_Handler                       0x08004661   Thumb Code     4  stm32f10x_it.o(i.UsageFault_Handler)
    WWDG_ClearFlag                           0x08004665   Thumb Code     8  stm32f10x_wwdg.o(i.WWDG_ClearFlag)
    WWDG_IRQHandler                          0x08004671   Thumb Code    30  wwdg.o(i.WWDG_IRQHandler)
    WWDG_SetCounter                          0x08004695   Thumb Code    10  stm32f10x_wwdg.o(i.WWDG_SetCounter)
    _is_digit                                0x080046a5   Thumb Code    14  __printf_wp.o(i._is_digit)
    _sys_exit                                0x080046b3   Thumb Code     6  usart.o(i._sys_exit)
    addcmdid2filter                          0x080046b9   Thumb Code   104  control.o(i.addcmdid2filter)
    canconvertuart                           0x08004721   Thumb Code    88  common_convert.o(i.canconvertuart)
    canidparse                               0x08004779   Thumb Code    72  control.o(i.canidparse)
    cmd_queue_init                           0x08004899   Thumb Code    62  cmd_queue.o(i.cmd_queue_init)
    cmdid2filter                             0x080048ed   Thumb Code   104  control.o(i.cmdid2filter)
    cmdsetparse                              0x08004955   Thumb Code   156  control.o(i.cmdsetparse)
    cmdsetprocess                            0x08004a81   Thumb Code   206  control.o(i.cmdsetprocess)
    control                                  0x08004b5d   Thumb Code    66  control.o(i.control)
    controlInit                              0x08004bad   Thumb Code    62  control.o(i.controlInit)
    crc8                                     0x08004bfd   Thumb Code    32  crc8.o(i.crc8)
    crc8_creator                             0x08004c21   Thumb Code    26  crc8.o(i.crc8_creator)
    crc8_populate_lsb                        0x08004c3b   Thumb Code    60  crc8.o(i.crc8_populate_lsb)
    crc8_populate_msb                        0x08004c77   Thumb Code    60  crc8.o(i.crc8_populate_msb)
    crcInit                                  0x08004cb5   Thumb Code    44  crc8.o(i.crcInit)
    delay_init                               0x08004ce5   Thumb Code    76  delay.o(i.delay_init)
    displaystatus                            0x08004d41   Thumb Code   180  task_schedule.o(i.displaystatus)
    entry_sleep_mode                         0x08004e11   Thumb Code    40  sleepwakeup.o(i.entry_sleep_mode)
    exti_Init                                0x08004e55   Thumb Code   136  frameware.o(i.exti_Init)
    fputc                                    0x08004f29   Thumb Code    24  usart.o(i.fputc)
    get_cmd_queue                            0x08004f45   Thumb Code    48  cmd_queue.o(i.get_cmd_queue)
    getcontrolCmd                            0x08004f75   Thumb Code    50  control.o(i.getcontrolCmd)
    isresponse                               0x08004fb1   Thumb Code     6  control.o(i.isresponse)
    main                                     0x08004fbd   Thumb Code    52  main.o(i.main)
    put_cmd_queue                            0x08004ffd   Thumb Code    62  cmd_queue.o(i.put_cmd_queue)
    putcontrolCmd                            0x0800504d   Thumb Code    34  control.o(i.putcontrolCmd)
    responsefinish                           0x08005079   Thumb Code     8  control.o(i.responsefinish)
    schedule_indicate_task                   0x08005085   Thumb Code    66  task_schedule.o(i.schedule_indicate_task)
    setGPIOModeToAllPins                     0x080050cd   Thumb Code    90  frameware.o(i.setGPIOModeToAllPins)
    start_task                               0x08005145   Thumb Code    90  main.o(i.start_task)
    sys_mode_entry                           0x080051f9   Thumb Code    34  sleepwakeup.o(i.sys_mode_entry)
    sys_stop_mode                            0x0800521b   Thumb Code    20  sleepwakeup.o(i.sys_stop_mode)
    sys_switch                               0x08005231   Thumb Code    46  frameware.o(i.sys_switch)
    uartconvertcan                           0x08005465   Thumb Code    64  common_convert.o(i.uartconvertcan)
    OSUnMapTbl                               0x080054a4   Data         256  os_core.o(.constdata)
    Region$$Table$$Base                      0x0800570c   Number         0  anon$$obj.o(Region$$Table)
    Region$$Table$$Limit                     0x0800572c   Number         0  anon$$obj.o(Region$$Table)
    SystemCoreClock                          0x20000000   Data           4  system_stm32f10x.o(.data)
    AHBPrescTable                            0x20000004   Data          16  system_stm32f10x.o(.data)
    OSCtxSwCtr                               0x20000014   Data           4  os_core.o(.data)
    OSEventFreeList                          0x20000018   Data           4  os_core.o(.data)
    OSFlagFreeList                           0x2000001c   Data           4  os_core.o(.data)
    OSCPUUsage                               0x20000020   Data           1  os_core.o(.data)
    OSIdleCtrMax                             0x20000024   Data           4  os_core.o(.data)
    OSIdleCtrRun                             0x20000028   Data           4  os_core.o(.data)
    OSStatRdy                                0x2000002c   Data           1  os_core.o(.data)
    OSIntNesting                             0x2000002d   Data           1  os_core.o(.data)
    OSLockNesting                            0x2000002e   Data           1  os_core.o(.data)
    OSPrioCur                                0x2000002f   Data           1  os_core.o(.data)
    OSPrioHighRdy                            0x20000030   Data           1  os_core.o(.data)
    OSRdyGrp                                 0x20000031   Data           1  os_core.o(.data)
    OSRdyTbl                                 0x20000032   Data           8  os_core.o(.data)
    OSRunning                                0x2000003a   Data           1  os_core.o(.data)
    OSTaskCtr                                0x2000003b   Data           1  os_core.o(.data)
    OSIdleCtr                                0x2000003c   Data           4  os_core.o(.data)
    OSTCBCur                                 0x20000040   Data           4  os_core.o(.data)
    OSTCBFreeList                            0x20000044   Data           4  os_core.o(.data)
    OSTCBHighRdy                             0x20000048   Data           4  os_core.o(.data)
    OSTCBList                                0x2000004c   Data           4  os_core.o(.data)
    OSTickStepState                          0x20000050   Data           1  os_core.o(.data)
    OSQFreeList                              0x20000054   Data           4  os_core.o(.data)
    OSTime                                   0x20000058   Data           4  os_core.o(.data)
    OSTmrFree                                0x2000005c   Data           2  os_core.o(.data)
    OSTmrUsed                                0x2000005e   Data           2  os_core.o(.data)
    OSTmrTime                                0x20000060   Data           4  os_core.o(.data)
    OSTmrSem                                 0x20000064   Data           4  os_core.o(.data)
    OSTmrSemSignal                           0x20000068   Data           4  os_core.o(.data)
    OSTmrFreeList                            0x2000006c   Data           4  os_core.o(.data)
    OSInterrputSum                           0x20000070   Data           4  os_cpu_c.o(.data)
    USART2_RX_STA                            0x20000076   Data           2  usart2.o(.data)
    __stdout                                 0x2000007c   Data           4  usart.o(.data)
    USART_RX_STA                             0x20000080   Data           2  usart.o(.data)
    baudrate                                 0x20000096   Data           4  main.o(.data)
    tmr                                      0x2000009c   Data           4  task_schedule.o(.data)
    tmrname                                  0x200000a0   Data           4  task_schedule.o(.data)
    g_system_state                           0x200000a4   Data           1  task_schedule.o(.data)
    default_filter                           0x20000148   Data          24  task_can.o(.data)
    g_isfinished                             0x20000169   Data           1  task_can_read.o(.data)
    CAN_QUEUE_INFO                           0x2000016c   Data           8  task_can_read.o(.data)
    g_istxfinished                           0x20000179   Data           1  task_can_send.o(.data)
    CAN_SEND_INFO                            0x2000017c   Data           8  task_can_send.o(.data)
    g_speed                                  0x20000194   Data           2  can_speed.o(.data)
    g_isvaild                                0x20000196   Data           1  can_speed.o(.data)
    mfilter                                  0x200001a0   Data          72  control.o(.data)
    OSEventTbl                               0x200001f8   Data         260  os_core.o(.bss)
    OSFlagTbl                                0x200002fc   Data          80  os_core.o(.bss)
    OSTaskStatStk                            0x2000034c   Data         512  os_core.o(.bss)
    OSTaskIdleStk                            0x2000054c   Data         512  os_core.o(.bss)
    OSTCBPrioTbl                             0x2000074c   Data         256  os_core.o(.bss)
    OSTCBTbl                                 0x2000084c   Data        1008  os_core.o(.bss)
    OSQTbl                                   0x20000c3c   Data         120  os_core.o(.bss)
    OSTmrTbl                                 0x20000cb4   Data         640  os_core.o(.bss)
    OSTmrTaskStk                             0x20000f34   Data         512  os_core.o(.bss)
    OSTmrWheelTbl                            0x20001134   Data          64  os_core.o(.bss)
    USART2_TX_BUF                            0x20001178   Data         200  usart2.o(.bss)
    USART2_RX_BUF                            0x20001240   Data         200  usart2.o(.bss)
    USART_RX_BUF                             0x20001308   Data         200  usart.o(.bss)
    START_TASK_STK                           0x200014d0   Data         512  main.o(.bss)
    CHK_TASK_STK                             0x200016d0   Data         384  main.o(.bss)
    SCHEDULE_INDICATE_TASK_STK               0x20001850   Data         256  task_schedule.o(.bss)
    UART_PARSE_TASK_STK                      0x20001950   Data         256  task_uart_parse.o(.bss)
    UART_READ_TASK_STK                       0x20001b50   Data         256  task_uart_read.o(.bss)
    UART_SEND_TASK_STK                       0x20001c50   Data         384  task_uart_send.o(.bss)
    CAN_READ_TASK_STK                        0x20001dd0   Data         256  task_can_read.o(.bss)
    g_RxMsg                                  0x20001ed0   Data          20  task_can_read.o(.bss)
    CAN_SEND_TASK_STK                        0x20001ee4   Data         512  task_can_send.o(.bss)
    cmd                                      0x200020e4   Data         112  cmd_queue.o(.bss)
    CMDINFO                                  0x20002154   Data          36  control.o(.bss)
    setcmd                                   0x20002178   Data           9  control.o(.bss)
    idcmd                                    0x20002184   Data          72  control.o(.bss)
    __libspace_start                         0x200022fc   Data          96  libspace.o(.bss)
    __temporary_stack_top$libspace           0x2000235c   Data           0  libspace.o(.bss)



==============================================================================

Memory Map of the image

  Image Entry point : 0x080000ed

  Load Region LR_IROM1 (Base: 0x08000000, Size: 0x00005924, Max: 0x00010000, ABSOLUTE, COMPRESSED[0x00005784])

    Execution Region ER_IROM1 (Base: 0x08000000, Size: 0x0000572c, Max: 0x00010000, ABSOLUTE)

    Base Addr    Size         Type   Attr      Idx    E Section Name        Object

    0x08000000   0x000000ec   Data   RO          163    RESET               startup_stm32f10x_md.o
    0x080000ec   0x00000008   Code   RO         3966  * !!!main             c_w.l(__main.o)
    0x080000f4   0x00000034   Code   RO         4230    !!!scatter          c_w.l(__scatter.o)
    0x08000128   0x0000005a   Code   RO         4228    !!dczerorl2         c_w.l(__dczerorl2.o)
    0x08000182   0x00000002   PAD
    0x08000184   0x0000001c   Code   RO         4232    !!handler_zi        c_w.l(__scatter_zi.o)
    0x080001a0   0x00000000   Code   RO         3953    .ARM.Collect$$_printf_percent$$00000000  c_w.l(_printf_percent.o)
    0x080001a0   0x00000006   Code   RO         3952    .ARM.Collect$$_printf_percent$$00000009  c_w.l(_printf_d.o)
    0x080001a6   0x00000006   Code   RO         3951    .ARM.Collect$$_printf_percent$$0000000C  c_w.l(_printf_x.o)
    0x080001ac   0x00000006   Code   RO         3950    .ARM.Collect$$_printf_percent$$00000014  c_w.l(_printf_s.o)
    0x080001b2   0x00000004   Code   RO         4006    .ARM.Collect$$_printf_percent$$00000017  c_w.l(_printf_percent_end.o)
    0x080001b6   0x00000002   Code   RO         4093    .ARM.Collect$$libinit$$00000000  c_w.l(libinit.o)
    0x080001b8   0x00000000   Code   RO         4110    .ARM.Collect$$libinit$$00000002  c_w.l(libinit2.o)
    0x080001b8   0x00000000   Code   RO         4112    .ARM.Collect$$libinit$$00000004  c_w.l(libinit2.o)
    0x080001b8   0x00000000   Code   RO         4115    .ARM.Collect$$libinit$$0000000A  c_w.l(libinit2.o)
    0x080001b8   0x00000000   Code   RO         4117    .ARM.Collect$$libinit$$0000000C  c_w.l(libinit2.o)
    0x080001b8   0x00000000   Code   RO         4119    .ARM.Collect$$libinit$$0000000E  c_w.l(libinit2.o)
    0x080001b8   0x00000000   Code   RO         4122    .ARM.Collect$$libinit$$00000011  c_w.l(libinit2.o)
    0x080001b8   0x00000000   Code   RO         4124    .ARM.Collect$$libinit$$00000013  c_w.l(libinit2.o)
    0x080001b8   0x00000000   Code   RO         4126    .ARM.Collect$$libinit$$00000015  c_w.l(libinit2.o)
    0x080001b8   0x00000000   Code   RO         4128    .ARM.Collect$$libinit$$00000017  c_w.l(libinit2.o)
    0x080001b8   0x00000000   Code   RO         4130    .ARM.Collect$$libinit$$00000019  c_w.l(libinit2.o)
    0x080001b8   0x00000000   Code   RO         4132    .ARM.Collect$$libinit$$0000001B  c_w.l(libinit2.o)
    0x080001b8   0x00000000   Code   RO         4134    .ARM.Collect$$libinit$$0000001D  c_w.l(libinit2.o)
    0x080001b8   0x00000000   Code   RO         4136    .ARM.Collect$$libinit$$0000001F  c_w.l(libinit2.o)
    0x080001b8   0x00000000   Code   RO         4138    .ARM.Collect$$libinit$$00000021  c_w.l(libinit2.o)
    0x080001b8   0x00000000   Code   RO         4140    .ARM.Collect$$libinit$$00000023  c_w.l(libinit2.o)
    0x080001b8   0x00000000   Code   RO         4142    .ARM.Collect$$libinit$$00000025  c_w.l(libinit2.o)
    0x080001b8   0x00000000   Code   RO         4146    .ARM.Collect$$libinit$$0000002C  c_w.l(libinit2.o)
    0x080001b8   0x00000000   Code   RO         4148    .ARM.Collect$$libinit$$0000002E  c_w.l(libinit2.o)
    0x080001b8   0x00000000   Code   RO         4150    .ARM.Collect$$libinit$$00000030  c_w.l(libinit2.o)
    0x080001b8   0x00000000   Code   RO         4152    .ARM.Collect$$libinit$$00000032  c_w.l(libinit2.o)
    0x080001b8   0x00000002   Code   RO         4153    .ARM.Collect$$libinit$$00000033  c_w.l(libinit2.o)
    0x080001ba   0x00000002   Code   RO         4171    .ARM.Collect$$libshutdown$$00000000  c_w.l(libshutdown.o)
    0x080001bc   0x00000000   Code   RO         4182    .ARM.Collect$$libshutdown$$00000003  c_w.l(libshutdown2.o)
    0x080001bc   0x00000000   Code   RO         4185    .ARM.Collect$$libshutdown$$00000006  c_w.l(libshutdown2.o)
    0x080001bc   0x00000000   Code   RO         4188    .ARM.Collect$$libshutdown$$00000009  c_w.l(libshutdown2.o)
    0x080001bc   0x00000000   Code   RO         4190    .ARM.Collect$$libshutdown$$0000000B  c_w.l(libshutdown2.o)
    0x080001bc   0x00000000   Code   RO         4193    .ARM.Collect$$libshutdown$$0000000E  c_w.l(libshutdown2.o)
    0x080001bc   0x00000002   Code   RO         4194    .ARM.Collect$$libshutdown$$0000000F  c_w.l(libshutdown2.o)
    0x080001be   0x00000000   Code   RO         3970    .ARM.Collect$$rtentry$$00000000  c_w.l(__rtentry.o)
    0x080001be   0x00000000   Code   RO         4019    .ARM.Collect$$rtentry$$00000002  c_w.l(__rtentry2.o)
    0x080001be   0x00000006   Code   RO         4031    .ARM.Collect$$rtentry$$00000004  c_w.l(__rtentry4.o)
    0x080001c4   0x00000000   Code   RO         4021    .ARM.Collect$$rtentry$$00000009  c_w.l(__rtentry2.o)
    0x080001c4   0x00000004   Code   RO         4022    .ARM.Collect$$rtentry$$0000000A  c_w.l(__rtentry2.o)
    0x080001c8   0x00000000   Code   RO         4024    .ARM.Collect$$rtentry$$0000000C  c_w.l(__rtentry2.o)
    0x080001c8   0x00000008   Code   RO         4025    .ARM.Collect$$rtentry$$0000000D  c_w.l(__rtentry2.o)
    0x080001d0   0x00000002   Code   RO         4102    .ARM.Collect$$rtexit$$00000000  c_w.l(rtexit.o)
    0x080001d2   0x00000000   Code   RO         4155    .ARM.Collect$$rtexit$$00000002  c_w.l(rtexit2.o)
    0x080001d2   0x00000004   Code   RO         4156    .ARM.Collect$$rtexit$$00000003  c_w.l(rtexit2.o)
    0x080001d6   0x00000006   Code   RO         4157    .ARM.Collect$$rtexit$$00000004  c_w.l(rtexit2.o)
    0x080001dc   0x00000040   Code   RO          164    .text               startup_stm32f10x_md.o
    0x0800021c   0x000000b4   Code   RO          999    .text               os_cpu_a.o
    0x080002d0   0x00000002   Code   RO         3893    .text               c_w.l(use_no_semi_2.o)
    0x080002d2   0x00000002   PAD
    0x080002d4   0x00000018   Code   RO         3897    .text               c_w.l(__2printf.o)
    0x080002ec   0x0000004e   Code   RO         3903    .text               c_w.l(_printf_pad.o)
    0x0800033a   0x00000052   Code   RO         3905    .text               c_w.l(_printf_str.o)
    0x0800038c   0x00000078   Code   RO         3907    .text               c_w.l(_printf_dec.o)
    0x08000404   0x00000094   Code   RO         3927    .text               c_w.l(_printf_hex_int_ll_ptr.o)
    0x08000498   0x00000188   Code   RO         3947    .text               c_w.l(__printf_flags_ss_wp.o)
    0x08000620   0x0000008a   Code   RO         3956    .text               c_w.l(rt_memcpy_v6.o)
    0x080006aa   0x00000064   Code   RO         3958    .text               c_w.l(rt_memcpy_w.o)
    0x0800070e   0x00000044   Code   RO         3960    .text               c_w.l(rt_memclr.o)
    0x08000752   0x0000004e   Code   RO         3962    .text               c_w.l(rt_memclr_w.o)
    0x080007a0   0x00000006   Code   RO         3964    .text               c_w.l(heapauxi.o)
    0x080007a6   0x00000002   Code   RO         3968    .text               c_w.l(use_no_semi.o)
    0x080007a8   0x000000b2   Code   RO         3973    .text               c_w.l(_printf_intcommon.o)
    0x0800085a   0x00000002   PAD
    0x0800085c   0x00000030   Code   RO         3977    .text               c_w.l(_printf_char_common.o)
    0x0800088c   0x0000002c   Code   RO         3981    .text               c_w.l(_printf_char.o)
    0x080008b8   0x00000024   Code   RO         3983    .text               c_w.l(_printf_char_file.o)
    0x080008dc   0x00000008   Code   RO         4041    .text               c_w.l(ferror.o)
    0x080008e4   0x0000004a   Code   RO         4047    .text               c_w.l(sys_stackheap_outer.o)
    0x0800092e   0x0000000c   Code   RO         4086    .text               c_w.l(exit.o)
    0x0800093a   0x00000002   PAD
    0x0800093c   0x00000008   Code   RO         4099    .text               c_w.l(libspace.o)
    0x08000944   0x00000004   Code   RO            1    i.BusFault_Handler  stm32f10x_it.o
    0x08000948   0x00000038   Code   RO         1494    i.CAN_DeInit        stm32f10x_can.o
    0x08000980   0x00000010   Code   RO         3268    i.CAN_DelHeadReadMsg  task_can.o
    0x08000990   0x0000010c   Code   RO         1002    i.CAN_FILTERINIT    can.o
    0x08000a9c   0x00000108   Code   RO         1496    i.CAN_FilterInit    stm32f10x_can.o
    0x08000ba4   0x0000004c   Code   RO         1003    i.CAN_GPIO_Config   can.o
    0x08000bf0   0x0000000c   Code   RO         3269    i.CAN_GetBrandrate  task_can.o
    0x08000bfc   0x0000001c   Code   RO         3270    i.CAN_GetHeadReadMsg  task_can.o
    0x08000c18   0x0000000c   Code   RO         3350    i.CAN_GetReadTaskStatus  task_can_read.o
    0x08000c24   0x0000001c   Code   RO         3396    i.CAN_GetSendQueue  task_can_send.o
    0x08000c40   0x0000000c   Code   RO         3397    i.CAN_GetSendTaskStatus  task_can_send.o
    0x08000c4c   0x000000c4   Code   RO         1004    i.CAN_INIT          can.o
    0x08000d10   0x00000012   Code   RO         1502    i.CAN_ITConfig      stm32f10x_can.o
    0x08000d22   0x00000114   Code   RO         1503    i.CAN_Init          stm32f10x_can.o
    0x08000e36   0x0000002c   Code   RO         1005    i.CAN_NVIC_Configuration  can.o
    0x08000e62   0x00000008   Code   RO         3682    i.CAN_QueueReadClean  can_queue_read.o
    0x08000e6a   0x00000002   PAD
    0x08000e6c   0x00000028   Code   RO         3683    i.CAN_QueueReadDelHead  can_queue_read.o
    0x08000e94   0x00000044   Code   RO         3685    i.CAN_QueueReadGetHead  can_queue_read.o
    0x08000ed8   0x00000060   Code   RO         3686    i.CAN_QueueReadInit  can_queue_read.o
    0x08000f38   0x00000068   Code   RO         3688    i.CAN_QueueReadPut  can_queue_read.o
    0x08000fa0   0x00000008   Code   RO         3734    i.CAN_QueueSendClean  can_queue_send.o
    0x08000fa8   0x00000050   Code   RO         3735    i.CAN_QueueSendGet  can_queue_send.o
    0x08000ff8   0x00000060   Code   RO         3736    i.CAN_QueueSendInit  can_queue_send.o
    0x08001058   0x00000074   Code   RO         3738    i.CAN_QueueSendPut  can_queue_send.o
    0x080010cc   0x00000060   Code   RO         3351    i.CAN_ReadTaskInit  task_can_read.o
    0x0800112c   0x0000006c   Code   RO         3352    i.CAN_ReadTaskPause  task_can_read.o
    0x08001198   0x00000098   Code   RO         3353    i.CAN_ReadTaskStart  task_can_read.o
    0x08001230   0x000000f0   Code   RO         1506    i.CAN_Receive       stm32f10x_can.o
    0x08001320   0x00000034   Code   RO         3354    i.CAN_ResolveMsg    task_can_read.o
    0x08001354   0x0000004c   Code   RO         3398    i.CAN_SendOneFrame  task_can_send.o
    0x080013a0   0x00000038   Code   RO         3272    i.CAN_SendPutMsg    task_can.o
    0x080013d8   0x00000060   Code   RO         3399    i.CAN_SendTaskInit  task_can_send.o
    0x08001438   0x0000006c   Code   RO         3400    i.CAN_SendTaskPause  task_can_send.o
    0x080014a4   0x00000098   Code   RO         3401    i.CAN_SendTaskStart  task_can_send.o
    0x0800153c   0x0000000a   Code   RO         3273    i.CAN_SetBrandrate  task_can.o
    0x08001546   0x00000010   Code   RO         3274    i.CAN_SetFilter     task_can.o
    0x08001556   0x00000020   Code   RO         1509    i.CAN_StructInit    stm32f10x_can.o
    0x08001576   0x00000002   PAD
    0x08001578   0x0000007c   Code   RO         1006    i.CAN_TRANSMIT      can.o
    0x080015f4   0x00000040   Code   RO         3275    i.CAN_TaskInit      task_can.o
    0x08001634   0x00000022   Code   RO         3276    i.CAN_TaskPause     task_can.o
    0x08001656   0x0000001c   Code   RO         3277    i.CAN_TaskStart     task_can.o
    0x08001672   0x00000126   Code   RO         1511    i.CAN_Transmit      stm32f10x_can.o
    0x08001798   0x00000078   Code   RO         3402    i.CanSendTask       task_can_send.o
    0x08001810   0x00000018   Code   RO         2689    i.DMA_Cmd           stm32f10x_dma.o
    0x08001828   0x0000014c   Code   RO         2690    i.DMA_DeInit        stm32f10x_dma.o
    0x08001974   0x00000008   Code   RO         2691    i.DMA_GetCurrDataCounter  stm32f10x_dma.o
    0x0800197c   0x0000003c   Code   RO         2695    i.DMA_Init          stm32f10x_dma.o
    0x080019b8   0x00000004   Code   RO         2696    i.DMA_SetCurrDataCounter  stm32f10x_dma.o
    0x080019bc   0x00000002   Code   RO            2    i.DebugMon_Handler  stm32f10x_it.o
    0x080019be   0x00000002   PAD
    0x080019c0   0x00000084   Code   RO         1210    i.EXTI15_10_IRQHandler  frameware.o
    0x08001a44   0x0000000c   Code   RO         2898    i.EXTI_ClearITPendingBit  stm32f10x_exti.o
    0x08001a50   0x00000028   Code   RO         2902    i.EXTI_GetITStatus  stm32f10x_exti.o
    0x08001a78   0x00000094   Code   RO         2903    i.EXTI_Init         stm32f10x_exti.o
    0x08001b0c   0x0000005e   Code   RO         1211    i.FRAMEWORK_Init    frameware.o
    0x08001b6a   0x00000002   PAD
    0x08001b6c   0x00000040   Code   RO         1648    i.GPIO_EXTILineConfig  stm32f10x_gpio.o
    0x08001bac   0x00000116   Code   RO         1651    i.GPIO_Init         stm32f10x_gpio.o
    0x08001cc2   0x00000002   PAD
    0x08001cc4   0x00000090   Code   RO         1653    i.GPIO_PinRemapConfig  stm32f10x_gpio.o
    0x08001d54   0x00000012   Code   RO         1655    i.GPIO_ReadInputDataBit  stm32f10x_gpio.o
    0x08001d66   0x00000004   Code   RO         1659    i.GPIO_SetBits      stm32f10x_gpio.o
    0x08001d6a   0x00000004   Code   RO            3    i.HardFault_Handler  stm32f10x_it.o
    0x08001d6e   0x00000002   PAD
    0x08001d70   0x00000028   Code   RO         1153    i.KEYACC_Init       keyacc.o
    0x08001d98   0x00000014   Code   RO         1154    i.KEYACC_Scan       keyacc.o
    0x08001dac   0x00000084   Code   RO         1063    i.LED_Init          led.o
    0x08001e30   0x00000004   Code   RO            4    i.MemManage_Handler  stm32f10x_it.o
    0x08001e34   0x00000014   Code   RO         3799    i.MsgCounter        uart_encode.o
    0x08001e48   0x00000002   Code   RO            5    i.NMI_Handler       stm32f10x_it.o
    0x08001e4a   0x00000002   PAD
    0x08001e4c   0x00000070   Code   RO         1454    i.NVIC_Init         misc.o
    0x08001ebc   0x00000014   Code   RO         1455    i.NVIC_PriorityGroupConfig  misc.o
    0x08001ed0   0x00000014   Code   RO         1456    i.NVIC_SetVectorTable  misc.o
    0x08001ee4   0x00000030   Code   RO          168    i.OSInit            os_core.o
    0x08001f14   0x0000000c   Code   RO          917    i.OSInitHookBegin   os_cpu_c.o
    0x08001f20   0x00000002   Code   RO          918    i.OSInitHookEnd     os_cpu_c.o
    0x08001f22   0x00000002   PAD
    0x08001f24   0x00000024   Code   RO          169    i.OSIntEnter        os_core.o
    0x08001f48   0x00000090   Code   RO          170    i.OSIntExit         os_core.o
    0x08001fd8   0x00000094   Code   RO          523    i.OSMutexCreate     os_mutex.o
    0x0800206c   0x00000238   Code   RO          525    i.OSMutexPend       os_mutex.o
    0x080022a4   0x000000c8   Code   RO          526    i.OSMutexPost       os_mutex.o
    0x0800236c   0x00000084   Code   RO          528    i.OSMutex_RdyAtPrio  os_mutex.o
    0x080023f0   0x00000040   Code   RO          171    i.OSSchedLock       os_core.o
    0x08002430   0x00000060   Code   RO          172    i.OSSchedUnlock     os_core.o
    0x08002490   0x0000004c   Code   RO          642    i.OSSemCreate       os_sem.o
    0x080024dc   0x000000ec   Code   RO          644    i.OSSemPend         os_sem.o
    0x080025c8   0x00000058   Code   RO          646    i.OSSemPost         os_sem.o
    0x08002620   0x00000048   Code   RO          173    i.OSStart           os_core.o
    0x08002668   0x00000002   Code   RO          919    i.OSTCBInitHook     os_cpu_c.o
    0x0800266a   0x00000002   PAD
    0x0800266c   0x000000b8   Code   RO          697    i.OSTaskCreateExt   os_task.o
    0x08002724   0x00000002   Code   RO          920    i.OSTaskCreateHook  os_cpu_c.o
    0x08002726   0x00000002   Code   RO          922    i.OSTaskIdleHook    os_cpu_c.o
    0x08002728   0x00000070   Code   RO          701    i.OSTaskNameSet     os_task.o
    0x08002798   0x000000ac   Code   RO          705    i.OSTaskResume      os_task.o
    0x08002844   0x00000002   Code   RO          924    i.OSTaskStatHook    os_cpu_c.o
    0x08002846   0x00000002   PAD
    0x08002848   0x0000008c   Code   RO          706    i.OSTaskStkChk      os_task.o
    0x080028d4   0x0000009a   Code   RO          925    i.OSTaskStkInit     os_cpu_c.o
    0x0800296e   0x00000002   PAD
    0x08002970   0x000000a8   Code   RO          707    i.OSTaskSuspend     os_task.o
    0x08002a18   0x00000002   Code   RO          926    i.OSTaskSwHook      os_cpu_c.o
    0x08002a1a   0x00000002   PAD
    0x08002a1c   0x00000078   Code   RO          791    i.OSTimeDly         os_time.o
    0x08002a94   0x00000060   Code   RO          792    i.OSTimeDlyHMSM     os_time.o
    0x08002af4   0x000000ec   Code   RO          175    i.OSTimeTick        os_core.o
    0x08002be0   0x00000024   Code   RO          927    i.OSTimeTickHook    os_cpu_c.o
    0x08002c04   0x00000014   Code   RO          831    i.OSTmrSignal       os_tmr.o
    0x08002c18   0x000000b8   Code   RO          837    i.OSTmr_Init        os_tmr.o
    0x08002cd0   0x00000050   Code   RO          838    i.OSTmr_InitTask    os_tmr.o
    0x08002d20   0x0000006c   Code   RO          839    i.OSTmr_Link        os_tmr.o
    0x08002d8c   0x00000080   Code   RO          840    i.OSTmr_Task        os_tmr.o
    0x08002e0c   0x00000044   Code   RO          841    i.OSTmr_Unlink      os_tmr.o
    0x08002e50   0x00000084   Code   RO          178    i.OS_EventTaskRdy   os_core.o
    0x08002ed4   0x0000002a   Code   RO          179    i.OS_EventTaskRemove  os_core.o
    0x08002efe   0x00000002   PAD
    0x08002f00   0x0000007c   Code   RO          180    i.OS_EventTaskWait  os_core.o
    0x08002f7c   0x0000001c   Code   RO          181    i.OS_EventWaitListInit  os_core.o
    0x08002f98   0x00000058   Code   RO          386    i.OS_FlagInit       os_flag.o
    0x08002ff0   0x00000054   Code   RO          182    i.OS_InitEventList  os_core.o
    0x08003044   0x00000054   Code   RO          183    i.OS_InitMisc       os_core.o
    0x08003098   0x00000044   Code   RO          184    i.OS_InitRdyList    os_core.o
    0x080030dc   0x00000080   Code   RO          185    i.OS_InitTCBList    os_core.o
    0x0800315c   0x00000050   Code   RO          186    i.OS_InitTaskIdle   os_core.o
    0x080031ac   0x00000050   Code   RO          187    i.OS_InitTaskStat   os_core.o
    0x080031fc   0x00000012   Code   RO          188    i.OS_MemClr         os_core.o
    0x0800320e   0x00000002   PAD
    0x08003210   0x00000050   Code   RO          579    i.OS_QInit          os_q.o
    0x08003260   0x00000074   Code   RO          190    i.OS_Sched          os_core.o
    0x080032d4   0x0000002c   Code   RO          191    i.OS_SchedNew       os_core.o
    0x08003300   0x00000134   Code   RO          193    i.OS_TCBInit        os_core.o
    0x08003434   0x00000028   Code   RO          194    i.OS_TaskIdle       os_core.o
    0x0800345c   0x00000088   Code   RO          195    i.OS_TaskStat       os_core.o
    0x080034e4   0x0000003c   Code   RO          196    i.OS_TaskStatStkChk  os_core.o
    0x08003520   0x0000001a   Code   RO          709    i.OS_TaskStkClr     os_task.o
    0x0800353a   0x00000002   PAD
    0x0800353c   0x00000040   Code   RO         2763    i.PWR_EnterSTOPMode  stm32f10x_pwr.o
    0x0800357c   0x00000020   Code   RO         2488    i.RCC_AHBPeriphClockCmd  stm32f10x_rcc.o
    0x0800359c   0x00000020   Code   RO         2489    i.RCC_APB1PeriphClockCmd  stm32f10x_rcc.o
    0x080035bc   0x00000020   Code   RO         2490    i.RCC_APB1PeriphResetCmd  stm32f10x_rcc.o
    0x080035dc   0x00000020   Code   RO         2491    i.RCC_APB2PeriphClockCmd  stm32f10x_rcc.o
    0x080035fc   0x00000020   Code   RO         2492    i.RCC_APB2PeriphResetCmd  stm32f10x_rcc.o
    0x0800361c   0x000000d4   Code   RO         2499    i.RCC_GetClocksFreq  stm32f10x_rcc.o
    0x080036f0   0x00000038   Code   RO         3834    i.Ringbuffer_AddBufferHearaddr  uart_ringbuf.o
    0x08003728   0x0000007c   Code   RO         3836    i.Ringbuffer_GetbufferHeardata  uart_ringbuf.o
    0x080037a4   0x00000054   Code   RO         3837    i.Ringbuffer_Init   uart_ringbuf.o
    0x080037f8   0x000000b4   Code   RO         3838    i.Ringbuffer_PutDataToBuffer  uart_ringbuf.o
    0x080038ac   0x0000000c   Code   RO         3100    i.SCHEDULE_SetSystemStatus  task_schedule.o
    0x080038b8   0x00000034   Code   RO         3101    i.SCHEDULE_TaskInit  task_schedule.o
    0x080038ec   0x0000000c   Code   RO         3475    i.SPEED_GetCanBusStatus  can_speed.o
    0x080038f8   0x0000000c   Code   RO         3476    i.SPEED_GetCanSpeed  can_speed.o
    0x08003904   0x0000000c   Code   RO         3479    i.SPEED_SAE1939_Resolve  can_speed.o
    0x08003910   0x0000000c   Code   RO         3480    i.SPEED_SetCanBusStatus  can_speed.o
    0x0800391c   0x00000054   Code   RO         3481    i.SPEED_UartSend    can_speed.o
    0x08003970   0x00000002   Code   RO            6    i.SVC_Handler       stm32f10x_it.o
    0x08003972   0x00000008   Code   RO          116    i.SetSysClock       system_stm32f10x.o
    0x0800397a   0x00000002   PAD
    0x0800397c   0x000000e0   Code   RO          117    i.SetSysClockTo72   system_stm32f10x.o
    0x08003a5c   0x00000028   Code   RO         1458    i.SysTick_CLKSourceConfig  misc.o
    0x08003a84   0x0000001c   Code   RO         1287    i.SysTick_Handler   delay.o
    0x08003aa0   0x00000060   Code   RO          119    i.SystemInit        system_stm32f10x.o
    0x08003b00   0x00000030   Code   RO         1075    i.TIM4_IRQHandler   usart2.o
    0x08003b30   0x00000060   Code   RO         1076    i.TIM4_Init         usart2.o
    0x08003b90   0x00000028   Code   RO         1077    i.TIM4_Set          usart2.o
    0x08003bb8   0x00000006   Code   RO         1950    i.TIM_ClearITPendingBit  stm32f10x_tim.o
    0x08003bbe   0x00000018   Code   RO         1955    i.TIM_Cmd           stm32f10x_tim.o
    0x08003bd6   0x00000022   Code   RO         1976    i.TIM_GetITStatus   stm32f10x_tim.o
    0x08003bf8   0x00000012   Code   RO         1980    i.TIM_ITConfig      stm32f10x_tim.o
    0x08003c0a   0x00000004   Code   RO         2020    i.TIM_SetCounter    stm32f10x_tim.o
    0x08003c0e   0x00000002   PAD
    0x08003c10   0x000000a4   Code   RO         2026    i.TIM_TimeBaseInit  stm32f10x_tim.o
    0x08003cb4   0x00000030   Code   RO         3146    i.UARTParse_StartParseOne  task_uart_parse.o
    0x08003ce4   0x00000054   Code   RO         3147    i.UARTParse_TaskInit  task_uart_parse.o
    0x08003d38   0x00000030   Code   RO         3179    i.UARTRead_TaskInit  task_uart_read.o
    0x08003d68   0x00000060   Code   RO         3180    i.UARTRead_TaskPause  task_uart_read.o
    0x08003dc8   0x00000060   Code   RO         3181    i.UARTRead_TaskStart  task_uart_read.o
    0x08003e28   0x00000040   Code   RO         3215    i.UARTSend_TaskInit  task_uart_send.o
    0x08003e68   0x00000060   Code   RO         3216    i.UARTSend_TaskPause  task_uart_send.o
    0x08003ec8   0x00000060   Code   RO         3217    i.UARTSend_TaskStart  task_uart_send.o
    0x08003f28   0x00000048   Code   RO         1078    i.UART_DMA_Config   usart2.o
    0x08003f70   0x00000020   Code   RO         1079    i.UART_DMA_Enable   usart2.o
    0x08003f90   0x00000048   Code   RO         3774    i.UART_Detectcrc8   uart_detect.o
    0x08003fd8   0x00000050   Code   RO         3775    i.UART_DetectvaildMsgtype  uart_detect.o
    0x08004028   0x00000030   Code   RO         3776    i.UART_DetectvaildSync  uart_detect.o
    0x08004058   0x0000000c   Code   RO         3800    i.UART_ENCODE_AddSystermErrorcode  uart_encode.o
    0x08004064   0x00000026   Code   RO         3801    i.UART_ENCODE_GetSend  uart_encode.o
    0x0800408a   0x00000002   PAD
    0x0800408c   0x00000058   Code   RO         3802    i.UART_ENCODE_GetSystermStatus  uart_encode.o
    0x080040e4   0x000000a4   Code   RO         1365    i.UART_Init         usart.o
    0x08004188   0x00000030   Code   RO         1080    i.UART_SEND_DATA    usart2.o
    0x080041b8   0x00000010   Code   RO         3447    i.UART_TaskInit     task_uart.o
    0x080041c8   0x00000022   Code   RO         3448    i.UART_TaskPause    task_uart.o
    0x080041ea   0x0000001c   Code   RO         3449    i.UART_TaskStart    task_uart.o
    0x08004206   0x00000002   PAD
    0x08004208   0x00000090   Code   RO         1366    i.USART1_IRQHandler  usart.o
    0x08004298   0x00000078   Code   RO         1081    i.USART2_IRQHandler  usart2.o
    0x08004310   0x000000d8   Code   RO         1082    i.USART2_Init       usart2.o
    0x080043e8   0x00000018   Code   RO         1763    i.USART_Cmd         stm32f10x_usart.o
    0x08004400   0x00000012   Code   RO         1764    i.USART_DMACmd      stm32f10x_usart.o
    0x08004412   0x00000002   PAD
    0x08004414   0x0000009c   Code   RO         1765    i.USART_DeInit      stm32f10x_usart.o
    0x080044b0   0x00000054   Code   RO         1767    i.USART_GetITStatus  stm32f10x_usart.o
    0x08004504   0x0000004a   Code   RO         1769    i.USART_ITConfig    stm32f10x_usart.o
    0x0800454e   0x00000002   PAD
    0x08004550   0x000000d8   Code   RO         1770    i.USART_Init        stm32f10x_usart.o
    0x08004628   0x0000000a   Code   RO         1777    i.USART_ReceiveData  stm32f10x_usart.o
    0x08004632   0x00000002   PAD
    0x08004634   0x0000002c   Code   RO         1007    i.USB_LP_CAN1_RX0_IRQHandler  can.o
    0x08004660   0x00000004   Code   RO            7    i.UsageFault_Handler  stm32f10x_it.o
    0x08004664   0x0000000c   Code   RO         2993    i.WWDG_ClearFlag    stm32f10x_wwdg.o
    0x08004670   0x00000024   Code   RO         1174    i.WWDG_IRQHandler   wwdg.o
    0x08004694   0x00000010   Code   RO         2998    i.WWDG_SetCounter   stm32f10x_wwdg.o
    0x080046a4   0x0000000e   Code   RO         3940    i._is_digit         c_w.l(__printf_wp.o)
    0x080046b2   0x00000006   Code   RO         1367    i._sys_exit         usart.o
    0x080046b8   0x00000068   Code   RO         3569    i.addcmdid2filter   control.o
    0x08004720   0x00000058   Code   RO         3873    i.canconvertuart    common_convert.o
    0x08004778   0x0000004c   Code   RO         3570    i.canidparse        control.o
    0x080047c4   0x000000d4   Code   RO         3355    i.canreadTask       task_can_read.o
    0x08004898   0x00000054   Code   RO         3536    i.cmd_queue_init    cmd_queue.o
    0x080048ec   0x00000068   Code   RO         3571    i.cmdid2filter      control.o
    0x08004954   0x0000012c   Code   RO         3572    i.cmdsetparse       control.o
    0x08004a80   0x000000dc   Code   RO         3573    i.cmdsetprocess     control.o
    0x08004b5c   0x00000050   Code   RO         3574    i.control           control.o
    0x08004bac   0x00000050   Code   RO         3575    i.controlInit       control.o
    0x08004bfc   0x00000024   Code   RO         1406    i.crc8              crc8.o
    0x08004c20   0x0000001a   Code   RO         1407    i.crc8_creator      crc8.o
    0x08004c3a   0x0000003c   Code   RO         1408    i.crc8_populate_lsb  crc8.o
    0x08004c76   0x0000003c   Code   RO         1409    i.crc8_populate_msb  crc8.o
    0x08004cb2   0x00000002   PAD
    0x08004cb4   0x00000030   Code   RO         1410    i.crcInit           crc8.o
    0x08004ce4   0x0000005c   Code   RO         1288    i.delay_init        delay.o
    0x08004d40   0x000000d0   Code   RO         3102    i.displaystatus     task_schedule.o
    0x08004e10   0x00000044   Code   RO         3646    i.entry_sleep_mode  sleepwakeup.o
    0x08004e54   0x00000094   Code   RO         1214    i.exti_Init         frameware.o
    0x08004ee8   0x0000003e   Code   RO         1215    i.exti_release      frameware.o
    0x08004f26   0x00000002   PAD
    0x08004f28   0x0000001c   Code   RO         1368    i.fputc             usart.o
    0x08004f44   0x00000030   Code   RO         3537    i.get_cmd_queue     cmd_queue.o
    0x08004f74   0x0000003c   Code   RO         3576    i.getcontrolCmd     control.o
    0x08004fb0   0x0000000c   Code   RO         3577    i.isresponse        control.o
    0x08004fbc   0x00000040   Code   RO         3048    i.main              main.o
    0x08004ffc   0x00000050   Code   RO         3538    i.put_cmd_queue     cmd_queue.o
    0x0800504c   0x0000002c   Code   RO         3578    i.putcontrolCmd     control.o
    0x08005078   0x0000000c   Code   RO         3579    i.responsefinish    control.o
    0x08005084   0x00000048   Code   RO         3103    i.schedule_indicate_task  task_schedule.o
    0x080050cc   0x00000078   Code   RO         1217    i.setGPIOModeToAllPins  frameware.o
    0x08005144   0x00000070   Code   RO         3049    i.start_task        main.o
    0x080051b4   0x00000044   Code   RO         3647    i.switchoffclk      sleepwakeup.o
    0x080051f8   0x00000022   Code   RO         3648    i.sys_mode_entry    sleepwakeup.o
    0x0800521a   0x00000014   Code   RO         3650    i.sys_stop_mode     sleepwakeup.o
    0x0800522e   0x00000002   PAD
    0x08005230   0x00000038   Code   RO         1218    i.sys_switch        frameware.o
    0x08005268   0x0000010c   Code   RO         3148    i.uart_parse_task   task_uart_parse.o
    0x08005374   0x0000004c   Code   RO         3182    i.uart_read_task    task_uart_read.o
    0x080053c0   0x000000a4   Code   RO         3218    i.uart_send_task    task_uart_send.o
    0x08005464   0x00000040   Code   RO         3874    i.uartconvertcan    common_convert.o
    0x080054a4   0x00000100   Data   RO          198    .constdata          os_core.o
    0x080055a4   0x00000009   Data   RO         1009    .constdata          can.o
    0x080055ad   0x00000012   Data   RO         1085    .constdata          usart2.o
    0x080055bf   0x00000015   Data   RO         1219    .constdata          frameware.o
    0x080055d4   0x00000026   Data   RO         3184    .constdata          task_uart_read.o
    0x080055fa   0x00000026   Data   RO         3220    .constdata          task_uart_send.o
    0x08005620   0x00000011   Data   RO         3357    .constdata          task_can_read.o
    0x08005631   0x00000011   Data   RO         3404    .constdata          task_can_send.o
    0x08005642   0x0000001d   Data   RO         3540    .constdata          cmd_queue.o
    0x0800565f   0x00000011   Data   RO         3651    .constdata          sleepwakeup.o
    0x08005670   0x00000012   Data   RO         3690    .constdata          can_queue_read.o
    0x08005682   0x00000012   Data   RO         3740    .constdata          can_queue_send.o
    0x08005694   0x0000002d   Data   RO         3777    .constdata          uart_detect.o
    0x080056c1   0x00000010   Data   RO         3839    .constdata          uart_ringbuf.o
    0x080056d1   0x00000028   Data   RO         3928    .constdata          c_w.l(_printf_hex_int_ll_ptr.o)
    0x080056f9   0x00000011   Data   RO         3948    .constdata          c_w.l(__printf_flags_ss_wp.o)
    0x0800570a   0x00000002   PAD
    0x0800570c   0x00000020   Data   RO         4226    Region$$Table       anon$$obj.o


    Execution Region RW_IRAM1 (Base: 0x20000000, Size: 0x00002960, Max: 0x00005000, ABSOLUTE, COMPRESSED[0x00000058])

    Base Addr    Size         Type   Attr      Idx    E Section Name        Object

    0x20000000   0x00000014   Data   RW          120    .data               system_stm32f10x.o
    0x20000014   0x0000005c   Data   RW          199    .data               os_core.o
    0x20000070   0x00000006   Data   RW          928    .data               os_cpu_c.o
    0x20000076   0x00000002   Data   RW         1086    .data               usart2.o
    0x20000078   0x00000004   Data   RW         1294    .data               delay.o
    0x2000007c   0x00000006   Data   RW         1370    .data               usart.o
    0x20000082   0x00000014   Data   RW         2519    .data               stm32f10x_rcc.o
    0x20000096   0x00000004   Data   RW         3052    .data               main.o
    0x2000009a   0x00000002   PAD
    0x2000009c   0x00000010   Data   RW         3105    .data               task_schedule.o
    0x200000ac   0x00000090   Data   RW         3150    .data               task_uart_parse.o
    0x2000013c   0x00000002   Data   RW         3185    .data               task_uart_read.o
    0x2000013e   0x00000002   PAD
    0x20000140   0x00000006   Data   RW         3221    .data               task_uart_send.o
    0x20000146   0x00000002   PAD
    0x20000148   0x00000019   Data   RW         3278    .data               task_can.o
    0x20000161   0x00000003   PAD
    0x20000164   0x00000010   Data   RW         3358    .data               task_can_read.o
    0x20000174   0x00000010   Data   RW         3405    .data               task_can_send.o
    0x20000184   0x00000013   Data   RW         3482    .data               can_speed.o
    0x20000197   0x00000001   PAD
    0x20000198   0x00000050   Data   RW         3581    .data               control.o
    0x200001e8   0x00000004   Data   RW         3691    .data               can_queue_read.o
    0x200001ec   0x00000004   Data   RW         3741    .data               can_queue_send.o
    0x200001f0   0x00000003   Data   RW         3803    .data               uart_encode.o
    0x200001f3   0x00000001   PAD
    0x200001f4   0x00000004   Data   RW         3840    .data               uart_ringbuf.o
    0x200001f8   0x00000f7c   Zero   RW          197    .bss                os_core.o
    0x20001174   0x00000004   PAD
    0x20001178   0x00000190   Zero   RW         1084    .bss                usart2.o
    0x20001308   0x000000c8   Zero   RW         1369    .bss                usart.o
    0x200013d0   0x00000100   Zero   RW         1411    .bss                crc8.o
    0x200014d0   0x00000380   Zero   RW         3050    .bss                main.o
    0x20001850   0x00000100   Zero   RW         3104    .bss                task_schedule.o
    0x20001950   0x00000200   Zero   RW         3149    .bss                task_uart_parse.o
    0x20001b50   0x00000100   Zero   RW         3183    .bss                task_uart_read.o
    0x20001c50   0x00000180   Zero   RW         3219    .bss                task_uart_send.o
    0x20001dd0   0x00000114   Zero   RW         3356    .bss                task_can_read.o
    0x20001ee4   0x00000200   Zero   RW         3403    .bss                task_can_send.o
    0x200020e4   0x00000070   Zero   RW         3539    .bss                cmd_queue.o
    0x20002154   0x00000086   Zero   RW         3580    .bss                control.o
    0x200021da   0x00000002   PAD
    0x200021dc   0x000000a0   Zero   RW         3689    .bss                can_queue_read.o
    0x2000227c   0x00000080   Zero   RW         3739    .bss                can_queue_send.o
    0x200022fc   0x00000060   Zero   RW         4100    .bss                c_w.l(libspace.o)
    0x2000235c   0x00000004   PAD
    0x20002360   0x00000200   Zero   RW          162    HEAP                startup_stm32f10x_md.o
    0x20002560   0x00000400   Zero   RW          161    STACK               startup_stm32f10x_md.o


==============================================================================

Image component sizes


      Code (inc. data)   RO Data    RW Data    ZI Data      Debug   Object Name

       752        146          9          0          0       4675   can.o
       316         64         18          4        160       3494   can_queue_read.o
       300         78         18          4        128       2951   can_queue_send.o
       132         32          0         19          0       3205   can_speed.o
       212         40         29          0        112       2411   cmd_queue.o
       152          0          0          0          0       1558   common_convert.o
      1092        224          0         80        134       6846   control.o
         0          0          0          0          0         32   core_cm3.o
       230          8          0          0        256       3500   crc8.o
       120         20          0          4          0       1099   delay.o
       612        102         21          0          0       3788   frameware.o
        60         12          0          0          0        920   keyacc.o
       132         14          0          0          0        495   led.o
       176         34          0          4        896       1971   main.o
       192         30          0          0          0       2347   misc.o
      2268        410        256         92       3964      22773   os_core.o
       180         36          0          0          0        308   os_cpu_a.o
       214         10          0          6          0      13412   os_cpu_c.o
        88         14          0          0          0       8710   os_flag.o
      1048         72          0          0          0       3624   os_mutex.o
        80          8          0          0          0        531   os_q.o
       400         22          0          0          0       2258   os_sem.o
       802         70          0          0          0       4912   os_task.o
       216         30          0          0          0       1288   os_time.o
       588         98          0          0          0       3603   os_tmr.o
       190         36         17          0          0       1820   sleepwakeup.o
        64         26        236          0       1536        776   startup_stm32f10x_md.o
      1180         12          0          0          0       5010   stm32f10x_can.o
       428          8          0          0          0       4240   stm32f10x_dma.o
       200         18          0          0          0       1896   stm32f10x_exti.o
       508         10          0          0          0       4235   stm32f10x_gpio.o
        22          0          0          0          0     274135   stm32f10x_it.o
        64         10          0          0          0        584   stm32f10x_pwr.o
       372         50          0         20          0       5776   stm32f10x_rcc.o
       250         42          0          0          0       3731   stm32f10x_tim.o
       582         28          0          0          0       5736   stm32f10x_usart.o
        28         10          0          0          0        875   stm32f10x_wwdg.o
       328         28          0         20          0       2041   system_stm32f10x.o
       264         70          0         25          0       6854   task_can.o
       632        208         17         16        276       4244   task_can_read.o
       592        224         17         16        512       4751   task_can_send.o
       344         48          0         16        256       4172   task_schedule.o
        78          0          0          0          0       1458   task_uart.o
       400         66          0        144        512       3069   task_uart_parse.o
       316         68         38          2        256       3123   task_uart_read.o
       420        104         38          6        384       4207   task_uart_send.o
       200         56         45          0          0       2015   uart_detect.o
       158         16          0          3          0       3577   uart_encode.o
       444         40         16          4          0       3429   uart_ringbuf.o
       342         28          0          6        200       4060   usart.o
       672         80         18          2        400       5384   usart2.o
        36          6          0          0          0        434   wwdg.o

    ----------------------------------------------------------------------
     19526       2866        825        504       9988     462343   Object Totals
         0          0         32          0          0          0   (incl. Generated)
        50          0          0         11          6          0   (incl. Padding)

    ----------------------------------------------------------------------

      Code (inc. data)   RO Data    RW Data    ZI Data      Debug   Library Member Name

        24          4          0          0          0         84   __2printf.o
        90          0          0          0          0          0   __dczerorl2.o
         8          0          0          0          0         68   __main.o
       392          4         17          0          0         92   __printf_flags_ss_wp.o
        14          0          0          0          0         68   __printf_wp.o
         0          0          0          0          0          0   __rtentry.o
        12          0          0          0          0          0   __rtentry2.o
         6          0          0          0          0          0   __rtentry4.o
        52          8          0          0          0          0   __scatter.o
        28          0          0          0          0          0   __scatter_zi.o
        44          0          0          0          0        108   _printf_char.o
        48          6          0          0          0         96   _printf_char_common.o
        36          4          0          0          0         80   _printf_char_file.o
         6          0          0          0          0          0   _printf_d.o
       120         16          0          0          0         92   _printf_dec.o
       148          4         40          0          0        160   _printf_hex_int_ll_ptr.o
       178          0          0          0          0         88   _printf_intcommon.o
        78          0          0          0          0        108   _printf_pad.o
         0          0          0          0          0          0   _printf_percent.o
         4          0          0          0          0          0   _printf_percent_end.o
         6          0          0          0          0          0   _printf_s.o
        82          0          0          0          0         80   _printf_str.o
         6          0          0          0          0          0   _printf_x.o
        12          0          0          0          0         72   exit.o
         8          0          0          0          0         68   ferror.o
         6          0          0          0          0        152   heapauxi.o
         2          0          0          0          0          0   libinit.o
         2          0          0          0          0          0   libinit2.o
         2          0          0          0          0          0   libshutdown.o
         2          0          0          0          0          0   libshutdown2.o
         8          4          0          0         96         68   libspace.o
        68          0          0          0          0         68   rt_memclr.o
        78          0          0          0          0         80   rt_memclr_w.o
       138          0          0          0          0         68   rt_memcpy_v6.o
       100          0          0          0          0         80   rt_memcpy_w.o
         2          0          0          0          0          0   rtexit.o
        10          0          0          0          0          0   rtexit2.o
        74          0          0          0          0         80   sys_stackheap_outer.o
         2          0          0          0          0         68   use_no_semi.o
         2          0          0          0          0         68   use_no_semi_2.o

    ----------------------------------------------------------------------
      1906         50         59          0        100       1996   Library Totals
         8          0          2          0          4          0   (incl. Padding)

    ----------------------------------------------------------------------

      Code (inc. data)   RO Data    RW Data    ZI Data      Debug   Library Name

      1898         50         57          0         96       1996   c_w.l

    ----------------------------------------------------------------------
      1906         50         59          0        100       1996   Library Totals

    ----------------------------------------------------------------------

==============================================================================


      Code (inc. data)   RO Data    RW Data    ZI Data      Debug   

     21432       2916        884        504      10088     451439   Grand Totals
     21432       2916        884         88      10088     451439   ELF Image Totals (compressed)
     21432       2916        884         88          0          0   ROM Totals

==============================================================================

    Total RO  Size (Code + RO Data)                22316 (  21.79kB)
    Total RW  Size (RW Data + ZI Data)             10592 (  10.34kB)
    Total ROM Size (Code + RO Data + RW Data)      22404 (  21.88kB)

==============================================================================

