Component: ARM Compiler 5.05 update 1 (build 106) Tool: armlink [4d0efa]

==============================================================================

Section Cross References

    system_stm32f10x.o(i.SetSysClock) refers to system_stm32f10x.o(i.SetSysClockTo72) for SetSysClockTo72
    system_stm32f10x.o(i.SystemCoreClockUpdate) refers to system_stm32f10x.o(.data) for SystemCoreClock
    system_stm32f10x.o(i.SystemInit) refers to system_stm32f10x.o(i.SetSysClock) for SetSysClock
    startup_stm32f10x_md.o(STACK) refers (Special) to heapauxi.o(.text) for __use_two_region_memory
    startup_stm32f10x_md.o(HEAP) refers (Special) to heapauxi.o(.text) for __use_two_region_memory
    startup_stm32f10x_md.o(RESET) refers (Special) to heapauxi.o(.text) for __use_two_region_memory
    startup_stm32f10x_md.o(RESET) refers to startup_stm32f10x_md.o(STACK) for __initial_sp
    startup_stm32f10x_md.o(RESET) refers to startup_stm32f10x_md.o(.text) for Reset_Handler
    startup_stm32f10x_md.o(RESET) refers to stm32f10x_it.o(i.NMI_Handler) for NMI_Handler
    startup_stm32f10x_md.o(RESET) refers to stm32f10x_it.o(i.HardFault_Handler) for HardFault_Handler
    startup_stm32f10x_md.o(RESET) refers to stm32f10x_it.o(i.MemManage_Handler) for MemManage_Handler
    startup_stm32f10x_md.o(RESET) refers to stm32f10x_it.o(i.BusFault_Handler) for BusFault_Handler
    startup_stm32f10x_md.o(RESET) refers to stm32f10x_it.o(i.UsageFault_Handler) for UsageFault_Handler
    startup_stm32f10x_md.o(RESET) refers to stm32f10x_it.o(i.SVC_Handler) for SVC_Handler
    startup_stm32f10x_md.o(RESET) refers to stm32f10x_it.o(i.DebugMon_Handler) for DebugMon_Handler
    startup_stm32f10x_md.o(RESET) refers to os_cpu_a.o(.text) for PendSV_Handler
    startup_stm32f10x_md.o(RESET) refers to delay.o(i.SysTick_Handler) for SysTick_Handler
    startup_stm32f10x_md.o(RESET) refers to wwdg.o(i.WWDG_IRQHandler) for WWDG_IRQHandler
    startup_stm32f10x_md.o(RESET) refers to can.o(i.USB_LP_CAN1_RX0_IRQHandler) for USB_LP_CAN1_RX0_IRQHandler
    startup_stm32f10x_md.o(RESET) refers to usart2.o(i.TIM4_IRQHandler) for TIM4_IRQHandler
    startup_stm32f10x_md.o(RESET) refers to usart.o(i.USART1_IRQHandler) for USART1_IRQHandler
    startup_stm32f10x_md.o(RESET) refers to usart2.o(i.USART2_IRQHandler) for USART2_IRQHandler
    startup_stm32f10x_md.o(RESET) refers to frameware.o(i.EXTI15_10_IRQHandler) for EXTI15_10_IRQHandler
    startup_stm32f10x_md.o(.text) refers (Special) to heapauxi.o(.text) for __use_two_region_memory
    startup_stm32f10x_md.o(.text) refers to system_stm32f10x.o(i.SystemInit) for SystemInit
    startup_stm32f10x_md.o(.text) refers to __main.o(!!!main) for __main
    startup_stm32f10x_md.o(.text) refers to startup_stm32f10x_md.o(HEAP) for Heap_Mem
    startup_stm32f10x_md.o(.text) refers to startup_stm32f10x_md.o(STACK) for Stack_Mem
    os_core.o(i.OSInit) refers to os_cpu_c.o(i.OSInitHookBegin) for OSInitHookBegin
    os_core.o(i.OSInit) refers to os_core.o(i.OS_InitMisc) for OS_InitMisc
    os_core.o(i.OSInit) refers to os_core.o(i.OS_InitRdyList) for OS_InitRdyList
    os_core.o(i.OSInit) refers to os_core.o(i.OS_InitTCBList) for OS_InitTCBList
    os_core.o(i.OSInit) refers to os_core.o(i.OS_InitEventList) for OS_InitEventList
    os_core.o(i.OSInit) refers to os_flag.o(i.OS_FlagInit) for OS_FlagInit
    os_core.o(i.OSInit) refers to os_q.o(i.OS_QInit) for OS_QInit
    os_core.o(i.OSInit) refers to os_core.o(i.OS_InitTaskIdle) for OS_InitTaskIdle
    os_core.o(i.OSInit) refers to os_core.o(i.OS_InitTaskStat) for OS_InitTaskStat
    os_core.o(i.OSInit) refers to os_tmr.o(i.OSTmr_Init) for OSTmr_Init
    os_core.o(i.OSInit) refers to os_cpu_c.o(i.OSInitHookEnd) for OSInitHookEnd
    os_core.o(i.OSIntEnter) refers to os_core.o(.data) for OSRunning
    os_core.o(i.OSIntExit) refers to os_cpu_a.o(.text) for OS_CPU_SR_Save
    os_core.o(i.OSIntExit) refers to os_core.o(i.OS_SchedNew) for OS_SchedNew
    os_core.o(i.OSIntExit) refers to os_core.o(.data) for OSRunning
    os_core.o(i.OSIntExit) refers to os_core.o(.bss) for OSTCBPrioTbl
    os_core.o(i.OSSchedLock) refers to os_cpu_a.o(.text) for OS_CPU_SR_Save
    os_core.o(i.OSSchedLock) refers to os_core.o(.data) for OSRunning
    os_core.o(i.OSSchedUnlock) refers to os_cpu_a.o(.text) for OS_CPU_SR_Save
    os_core.o(i.OSSchedUnlock) refers to os_core.o(i.OS_Sched) for OS_Sched
    os_core.o(i.OSSchedUnlock) refers to os_core.o(.data) for OSRunning
    os_core.o(i.OSStart) refers to os_core.o(i.OS_SchedNew) for OS_SchedNew
    os_core.o(i.OSStart) refers to os_cpu_a.o(.text) for OSStartHighRdy
    os_core.o(i.OSStart) refers to os_core.o(.data) for OSRunning
    os_core.o(i.OSStart) refers to os_core.o(.bss) for OSTCBPrioTbl
    os_core.o(i.OSStatInit) refers to os_time.o(i.OSTimeDly) for OSTimeDly
    os_core.o(i.OSStatInit) refers to os_cpu_a.o(.text) for OS_CPU_SR_Save
    os_core.o(i.OSStatInit) refers to os_core.o(.data) for OSIdleCtr
[...]
    g_cansend_status                         0x200000d1   Data           1  can_task.o(.data)
    g_sem_cansend                            0x200000d4   Data           4  can_task.o(.data)
    g_mutex_cansend                          0x200000d8   Data           4  can_task.o(.data)
    .data                                    0x200000e0   Section       45  uart_task.o(.data)
    g_sem_send                               0x200000e0   Data           4  uart_task.o(.data)
    g_mutex_read                             0x200000e4   Data           4  uart_task.o(.data)
    g_send_finished                          0x200000e8   Data           1  uart_task.o(.data)
    g_read_finished                          0x200000e9   Data           1  uart_task.o(.data)
    parsebuf                                 0x200000ea   Data          32  uart_task.o(.data)
    uart_read_status                         0x2000010a   Data           1  uart_task.o(.data)
    uart_parse_status                        0x2000010b   Data           1  uart_task.o(.data)
    uart_send_status                         0x2000010c   Data           1  uart_task.o(.data)
    .data                                    0x2000010e   Section       19  can_speed.o(.data)
    buf                                      0x2000010e   Data           8  can_speed.o(.data)
    request_buf                              0x20000116   Data           8  can_speed.o(.data)
    .data                                    0x20000122   Section        3  encode.o(.data)
    msgcounter                               0x20000122   Data           2  encode.o(.data)
    sys_status                               0x20000124   Data           1  encode.o(.data)
    .data                                    0x20000128   Section       80  control.o(.data)
    g_mutex_control                          0x20000128   Data           4  control.o(.data)
    g_isresponse                             0x2000012c   Data           1  control.o(.data)
    .bss                                     0x20000178   Section     3964  os_core.o(.bss)
    .bss                                     0x200010f8   Section      400  usart2.o(.bss)
    .bss                                     0x20001288   Section      200  usart.o(.bss)
    .bss                                     0x20001350   Section      256  crc8.o(.bss)
    crc_table                                0x20001350   Data         256  crc8.o(.bss)
    .bss                                     0x20001450   Section      896  main.o(.bss)
    .bss                                     0x200017d0   Section      256  schedule_task.o(.bss)
    .bss                                     0x200018d0   Section      812  can_task.o(.bss)
    .bss                                     0x20001bfc   Section     1036  uart_task.o(.bss)
    receivebuf                               0x20001f7c   Data         128  uart_task.o(.bss)
    ringInfo                                 0x20001ffc   Data          12  uart_task.o(.bss)
    .bss                                     0x20002008   Section      288  can_queue.o(.bss)
    MsgBuf                                   0x20002008   Data         160  can_queue.o(.bss)
    uartMsg                                  0x200020a8   Data         128  can_queue.o(.bss)
    .bss                                     0x20002128   Section      112  cmd_queue.o(.bss)
    .bss                                     0x20002198   Section      134  control.o(.bss)
    parsecmd                                 0x20002210   Data          14  control.o(.bss)
    .bss                                     0x20002220   Section       96  libspace.o(.bss)
    HEAP                                     0x20002280   Section      512  startup_stm32f10x_md.o(HEAP)
    Heap_Mem                                 0x20002280   Data         512  startup_stm32f10x_md.o(HEAP)
    STACK                                    0x20002480   Section     1024  startup_stm32f10x_md.o(STACK)
    Stack_Mem                                0x20002480   Data        1024  startup_stm32f10x_md.o(STACK)
    __initial_sp                             0x20002880   Data           0  startup_stm32f10x_md.o(STACK)

    Global Symbols

    Symbol Name                              Value     Ov Type        Size  Object(Section)

    BuildAttributes$$THM_ISAv4$P$D$K$B$S$PE$A:L22UL41UL21$X:L11$S22US41US21$IEEE1$IW$USESV6$~STKCKD$USESV7$~SHL$OTIME$ROPI$IEEEJ$EBA8$UX$STANDARDLIB$REQ8$PRES8$EABIv2 0x00000000   Number         0  anon$$obj.o ABSOLUTE
    __ARM_use_no_argv                        0x00000000   Number         0  main.o ABSOLUTE
    _printf_flags                            0x00000000   Number         0  printf_stubs.o ABSOLUTE
    _printf_return_value                     0x00000000   Number         0  printf_stubs.o ABSOLUTE
    _printf_sizespec                         0x00000000   Number         0  printf_stubs.o ABSOLUTE
    _printf_widthprec                        0x00000000   Number         0  printf_stubs.o ABSOLUTE
    __ARM_exceptions_init                     - Undefined Weak Reference
    __alloca_initialize                       - Undefined Weak Reference
    __arm_preinit_                            - Undefined Weak Reference
    __cpp_initialize__aeabi_                  - Undefined Weak Reference
    __cxa_finalize                            - Undefined Weak Reference
    __sigvec_lookup                           - Undefined Weak Reference
    __user_heap_extent                        - Undefined Weak Reference
    _atexit_init                              - Undefined Weak Reference
    _call_atexit_fns                          - Undefined Weak Reference
    _clock_init                               - Undefined Weak Reference
    _fp_trap_init                             - Undefined Weak Reference
    _fp_trap_shutdown                         - Undefined Weak Reference
    _get_lc_collate                           - Undefined Weak Reference
    _get_lc_monetary                          - Undefined Weak Reference
    _get_lc_time                              - Undefined Weak Reference
    _getenv_init                              - Undefined Weak Reference
    _handle_redirection                       - Undefined Weak Reference
    _initio                                   - Undefined Weak Reference
    _mutex_acquire                            - Undefined Weak Reference
    _mutex_free                               - Undefined Weak Reference
    _mutex_release                            - Undefined Weak Reference
    _printf_fp_hex                            - Undefined Weak Reference
    _printf_mbtowc                            - Undefined Weak Reference
    _printf_wc                                - Undefined Weak Reference
    _rand_init                                - Undefined Weak Reference
    _signal_finish                            - Undefined Weak Reference
    _signal_init                              - Undefined Weak Reference
    _terminateio                              - Undefined Weak Reference
    __Vectors_Size                           0x000000ec   Number         0  startup_stm32f10x_md.o ABSOLUTE
    __Vectors                                0x08000000   Data           4  startup_stm32f10x_md.o(RESET)
    __Vectors_End                            0x080000ec   Data           0  startup_stm32f10x_md.o(RESET)
    __main                                   0x080000ed   Thumb Code     8  __main.o(!!!main)
    __scatterload                            0x080000f5   Thumb Code     0  __scatter.o(!!!scatter)
    __scatterload_rt2                        0x080000f5   Thumb Code    44  __scatter.o(!!!scatter)
    __scatterload_rt2_thumb_only             0x080000f5   Thumb Code     0  __scatter.o(!!!scatter)
    __scatterload_null                       0x08000103   Thumb Code     0  __scatter.o(!!!scatter)
    __decompress                             0x08000129   Thumb Code    90  __dczerorl2.o(!!dczerorl2)
    __decompress1                            0x08000129   Thumb Code     0  __dczerorl2.o(!!dczerorl2)
    __scatterload_zeroinit                   0x08000185   Thumb Code    28  __scatter_zi.o(!!handler_zi)
    _printf_d                                0x080001a1   Thumb Code     0  _printf_d.o(.ARM.Collect$$_printf_percent$$00000009)
    _printf_percent                          0x080001a1   Thumb Code     0  _printf_percent.o(.ARM.Collect$$_printf_percent$$00000000)
    _printf_x                                0x080001a7   Thumb Code     0  _printf_x.o(.ARM.Collect$$_printf_percent$$0000000C)
    _printf_s                                0x080001ad   Thumb Code     0  _printf_s.o(.ARM.Collect$$_printf_percent$$00000014)
    _printf_percent_end                      0x080001b3   Thumb Code     0  _printf_percent_end.o(.ARM.Collect$$_printf_percent$$00000017)
    __rt_lib_init                            0x080001b7   Thumb Code     0  libinit.o(.ARM.Collect$$libinit$$00000000)
    __rt_lib_init_alloca_1                   0x080001b9   Thumb Code     0  libinit2.o(.ARM.Collect$$libinit$$0000002E)
    __rt_lib_init_argv_1                     0x080001b9   Thumb Code     0  libinit2.o(.ARM.Collect$$libinit$$0000002C)
    __rt_lib_init_atexit_1                   0x080001b9   Thumb Code     0  libinit2.o(.ARM.Collect$$libinit$$0000001B)
    __rt_lib_init_clock_1                    0x080001b9   Thumb Code     0  libinit2.o(.ARM.Collect$$libinit$$00000021)
    __rt_lib_init_cpp_1                      0x080001b9   Thumb Code     0  libinit2.o(.ARM.Collect$$libinit$$00000032)
    __rt_lib_init_exceptions_1               0x080001b9   Thumb Code     0  libinit2.o(.ARM.Collect$$libinit$$00000030)
    __rt_lib_init_fp_1                       0x080001b9   Thumb Code     0  libinit2.o(.ARM.Collect$$libinit$$00000002)
    __rt_lib_init_fp_trap_1                  0x080001b9   Thumb Code     0  libinit2.o(.ARM.Collect$$libinit$$0000001F)
    __rt_lib_init_getenv_1                   0x080001b9   Thumb Code     0  libinit2.o(.ARM.Collect$$libinit$$00000023)
    __rt_lib_init_heap_1                     0x080001b9   Thumb Code     0  libinit2.o(.ARM.Collect$$libinit$$0000000A)
    __rt_lib_init_lc_collate_1               0x080001b9   Thumb Code     0  libinit2.o(.ARM.Collect$$libinit$$00000011)
    __rt_lib_init_lc_ctype_1                 0x080001b9   Thumb Code     0  libinit2.o(.ARM.Collect$$libinit$$00000013)
    __rt_lib_init_lc_monetary_1              0x080001b9   Thumb Code     0  libinit2.o(.ARM.Collect$$libinit$$00000015)
    __rt_lib_init_lc_numeric_1               0x080001b9   Thumb Code     0  libinit2.o(.ARM.Collect$$libinit$$00000017)
    __rt_lib_init_lc_time_1                  0x080001b9   Thumb Code     0  libinit2.o(.ARM.Collect$$libinit$$00000019)
    __rt_lib_init_preinit_1                  0x080001b9   Thumb Code     0  libinit2.o(.ARM.Collect$$libinit$$00000004)
    __rt_lib_init_rand_1                     0x080001b9   Thumb Code     0  libinit2.o(.ARM.Collect$$libinit$$0000000E)
    __rt_lib_init_return                     0x080001b9   Thumb Code     0  libinit2.o(.ARM.Collect$$libinit$$00000033)
    __rt_lib_init_signal_1                   0x080001b9   Thumb Code     0  libinit2.o(.ARM.Collect$$libinit$$0000001D)
    __rt_lib_init_stdio_1                    0x080001b9   Thumb Code     0  libinit2.o(.ARM.Collect$$libinit$$00000025)
    __rt_lib_init_user_alloc_1               0x080001b9   Thumb Code     0  libinit2.o(.ARM.Collect$$libinit$$0000000C)
    __rt_lib_shutdown                        0x080001bb   Thumb Code     0  libshutdown.o(.ARM.Collect$$libshutdown$$00000000)
    __rt_lib_shutdown_fp_trap_1              0x080001bd   Thumb Code     0  libshutdown2.o(.ARM.Collect$$libshutdown$$00000006)
    __rt_lib_shutdown_heap_1                 0x080001bd   Thumb Code     0  libshutdown2.o(.ARM.Collect$$libshutdown$$0000000E)
    __rt_lib_shutdown_return                 0x080001bd   Thumb Code     0  libshutdown2.o(.ARM.Collect$$libshutdown$$0000000F)
    __rt_lib_shutdown_signal_1               0x080001bd   Thumb Code     0  libshutdown2.o(.ARM.Collect$$libshutdown$$00000009)
    __rt_lib_shutdown_stdio_1                0x080001bd   Thumb Code     0  libshutdown2.o(.ARM.Collect$$libshutdown$$00000003)
    __rt_lib_shutdown_user_alloc_1           0x080001bd   Thumb Code     0  libshutdown2.o(.ARM.Collect$$libshutdown$$0000000B)
    __rt_entry                               0x080001bf   Thumb Code     0  __rtentry.o(.ARM.Collect$$rtentry$$00000000)
    __rt_entry_presh_1                       0x080001bf   Thumb Code     0  __rtentry2.o(.ARM.Collect$$rtentry$$00000002)
    __rt_entry_sh                            0x080001bf   Thumb Code     0  __rtentry4.o(.ARM.Collect$$rtentry$$00000004)
    __rt_entry_li                            0x080001c5   Thumb Code     0  __rtentry2.o(.ARM.Collect$$rtentry$$0000000A)
    __rt_entry_postsh_1                      0x080001c5   Thumb Code     0  __rtentry2.o(.ARM.Collect$$rtentry$$00000009)
    __rt_entry_main                          0x080001c9   Thumb Code     0  __rtentry2.o(.ARM.Collect$$rtentry$$0000000D)
    __rt_entry_postli_1                      0x080001c9   Thumb Code     0  __rtentry2.o(.ARM.Collect$$rtentry$$0000000C)
    __rt_exit                                0x080001d1   Thumb Code     0  rtexit.o(.ARM.Collect$$rtexit$$00000000)
    __rt_exit_ls                             0x080001d3   Thumb Code     0  rtexit2.o(.ARM.Collect$$rtexit$$00000003)
    __rt_exit_prels_1                        0x080001d3   Thumb Code     0  rtexit2.o(.ARM.Collect$$rtexit$$00000002)
    __rt_exit_exit                           0x080001d7   Thumb Code     0  rtexit2.o(.ARM.Collect$$rtexit$$00000004)
    Reset_Handler                            0x080001dd   Thumb Code     8  startup_stm32f10x_md.o(.text)
    ADC1_2_IRQHandler                        0x080001f7   Thumb Code     0  startup_stm32f10x_md.o(.text)
    CAN1_RX1_IRQHandler                      0x080001f7   Thumb Code     0  startup_stm32f10x_md.o(.text)
    CAN1_SCE_IRQHandler                      0x080001f7   Thumb Code     0  startup_stm32f10x_md.o(.text)
    DMA1_Channel1_IRQHandler                 0x080001f7   Thumb Code     0  startup_stm32f10x_md.o(.text)
    DMA1_Channel2_IRQHandler                 0x080001f7   Thumb Code     0  startup_stm32f10x_md.o(.text)
    DMA1_Channel3_IRQHandler                 0x080001f7   Thumb Code     0  startup_stm32f10x_md.o(.text)
    DMA1_Channel4_IRQHandler                 0x080001f7   Thumb Code     0  startup_stm32f10x_md.o(.text)
    DMA1_Channel5_IRQHandler                 0x080001f7   Thumb Code     0  startup_stm32f10x_md.o(.text)
    DMA1_Channel6_IRQHandler                 0x080001f7   Thumb Code     0  startup_stm32f10x_md.o(.text)
    DMA1_Channel7_IRQHandler                 0x080001f7   Thumb Code     0  startup_stm32f10x_md.o(.text)
    EXTI0_IRQHandler                         0x080001f7   Thumb Code     0  startup_stm32f10x_md.o(.text)
    EXTI1_IRQHandler                         0x080001f7   Thumb Code     0  startup_stm32f10x_md.o(.text)
    EXTI2_IRQHandler                         0x080001f7   Thumb Code     0  startup_stm32f10x_md.o(.text)
    EXTI3_IRQHandler                         0x080001f7   Thumb Code     0  startup_stm32f10x_md.o(.text)
    EXTI4_IRQHandler                         0x080001f7   Thumb Code     0  startup_stm32f10x_md.o(.text)
    EXTI9_5_IRQHandler                       0x080001f7   Thumb Code     0  startup_stm32f10x_md.o(.text)
    FLASH_IRQHandler                         0x080001f7   Thumb Code     0  startup_stm32f10x_md.o(.text)
    I2C1_ER_IRQHandler                       0x080001f7   Thumb Code     0  startup_stm32f10x_md.o(.text)
    I2C1_EV_IRQHandler                       0x080001f7   Thumb Code     0  startup_stm32f10x_md.o(.text)
    I2C2_ER_IRQHandler                       0x080001f7   Thumb Code     0  startup_stm32f10x_md.o(.text)
    I2C2_EV_IRQHandler                       0x080001f7   Thumb Code     0  startup_stm32f10x_md.o(.text)
    PVD_IRQHandler                           0x080001f7   Thumb Code     0  startup_stm32f10x_md.o(.text)
    RCC_IRQHandler                           0x080001f7   Thumb Code     0  startup_stm32f10x_md.o(.text)
    RTCAlarm_IRQHandler                      0x080001f7   Thumb Code     0  startup_stm32f10x_md.o(.text)
    RTC_IRQHandler                           0x080001f7   Thumb Code     0  startup_stm32f10x_md.o(.text)
    SPI1_IRQHandler                          0x080001f7   Thumb Code     0  startup_stm32f10x_md.o(.text)
    SPI2_IRQHandler                          0x080001f7   Thumb Code     0  startup_stm32f10x_md.o(.text)
    TAMPER_IRQHandler                        0x080001f7   Thumb Code     0  startup_stm32f10x_md.o(.text)
    TIM1_BRK_IRQHandler                      0x080001f7   Thumb Code     0  startup_stm32f10x_md.o(.text)
    TIM1_CC_IRQHandler                       0x080001f7   Thumb Code     0  startup_stm32f10x_md.o(.text)
    TIM1_TRG_COM_IRQHandler                  0x080001f7   Thumb Code     0  startup_stm32f10x_md.o(.text)
    TIM1_UP_IRQHandler                       0x080001f7   Thumb Code     0  startup_stm32f10x_md.o(.text)
    TIM2_IRQHandler                          0x080001f7   Thumb Code     0  startup_stm32f10x_md.o(.text)
    TIM3_IRQHandler                          0x080001f7   Thumb Code     0  startup_stm32f10x_md.o(.text)
    USART3_IRQHandler                        0x080001f7   Thumb Code     0  startup_stm32f10x_md.o(.text)
    USBWakeUp_IRQHandler                     0x080001f7   Thumb Code     0  startup_stm32f10x_md.o(.text)
    USB_HP_CAN1_TX_IRQHandler                0x080001f7   Thumb Code     0  startup_stm32f10x_md.o(.text)
    __user_initial_stackheap                 0x080001f9   Thumb Code     0  startup_stm32f10x_md.o(.text)
    OS_CPU_SR_Save                           0x0800021d   Thumb Code     0  os_cpu_a.o(.text)
    OS_CPU_SR_Restore                        0x08000225   Thumb Code     0  os_cpu_a.o(.text)
    OSStartHighRdy                           0x0800022b   Thumb Code     0  os_cpu_a.o(.text)
    OSCtxSw                                  0x0800024d   Thumb Code     0  os_cpu_a.o(.text)
    OSIntCtxSw                               0x0800025b   Thumb Code     0  os_cpu_a.o(.text)
    PendSV_Handler                           0x0800026b   Thumb Code     0  os_cpu_a.o(.text)
    __use_no_semihosting                     0x080002d1   Thumb Code     2  use_no_semi_2.o(.text)
    __2printf                                0x080002d5   Thumb Code    20  __2printf.o(.text)
    _printf_pre_padding                      0x080002ed   Thumb Code    44  _printf_pad.o(.text)
    _printf_post_padding                     0x08000319   Thumb Code    34  _printf_pad.o(.text)
    _printf_str                              0x0800033b   Thumb Code    82  _printf_str.o(.text)
    _printf_int_dec                          0x0800038d   Thumb Code   104  _printf_dec.o(.text)
    _printf_longlong_hex                     0x08000405   Thumb Code    86  _printf_hex_int_ll_ptr.o(.text)
    _printf_int_hex                          0x0800045b   Thumb Code    28  _printf_hex_int_ll_ptr.o(.text)
    _printf_ll_hex                           0x08000477   Thumb Code    12  _printf_hex_int_ll_ptr.o(.text)
    _printf_hex_ptr                          0x08000483   Thumb Code    18  _printf_hex_int_ll_ptr.o(.text)
    __printf                                 0x08000499   Thumb Code   388  __printf_flags_ss_wp.o(.text)
    __aeabi_memcpy                           0x08000621   Thumb Code     0  rt_memcpy_v6.o(.text)
    __rt_memcpy                              0x08000621   Thumb Code   138  rt_memcpy_v6.o(.text)
    _memcpy_lastbytes                        0x08000687   Thumb Code     0  rt_memcpy_v6.o(.text)
    __aeabi_memcpy4                          0x080006ab   Thumb Code     0  rt_memcpy_w.o(.text)
    __aeabi_memcpy8                          0x080006ab   Thumb Code     0  rt_memcpy_w.o(.text)
    __rt_memcpy_w                            0x080006ab   Thumb Code   100  rt_memcpy_w.o(.text)
    _memcpy_lastbytes_aligned                0x080006f3   Thumb Code     0  rt_memcpy_w.o(.text)
    __aeabi_memclr                           0x0800070f   Thumb Code     0  rt_memclr.o(.text)
    __rt_memclr                              0x0800070f   Thumb Code    68  rt_memclr.o(.text)
    _memset                                  0x08000713   Thumb Code     0  rt_memclr.o(.text)
    __aeabi_memclr4                          0x08000753   Thumb Code     0  rt_memclr_w.o(.text)
    __aeabi_memclr8                          0x08000753   Thumb Code     0  rt_memclr_w.o(.text)
    __rt_memclr_w                            0x08000753   Thumb Code    78  rt_memclr_w.o(.text)
    _memset_w                                0x08000757   Thumb Code     0  rt_memclr_w.o(.text)
    __use_two_region_memory                  0x080007a1   Thumb Code     2  heapauxi.o(.text)
    __rt_heap_escrow                         0x080007a3   Thumb Code     2  heapauxi.o(.text)
    __rt_heap_expand                         0x080007a5   Thumb Code     2  heapauxi.o(.text)
    __I$use$semihosting                      0x080007a7   Thumb Code     0  use_no_semi.o(.text)
    __use_no_semihosting_swi                 0x080007a7   Thumb Code     2  use_no_semi.o(.text)
    _printf_int_common                       0x080007a9   Thumb Code   178  _printf_intcommon.o(.text)
    _printf_char_common                      0x08000867   Thumb Code    32  _printf_char_common.o(.text)
    _printf_cs_common                        0x0800088d   Thumb Code    20  _printf_char.o(.text)
    _printf_char                             0x080008a1   Thumb Code    16  _printf_char.o(.text)
    _printf_string                           0x080008b1   Thumb Code     8  _printf_char.o(.text)
    _printf_char_file                        0x080008b9   Thumb Code    32  _printf_char_file.o(.text)
    __user_libspace                          0x080008dd   Thumb Code     8  libspace.o(.text)
    __user_perproc_libspace                  0x080008dd   Thumb Code     0  libspace.o(.text)
    __user_perthread_libspace                0x080008dd   Thumb Code     0  libspace.o(.text)
    ferror                                   0x080008e5   Thumb Code     8  ferror.o(.text)
    __user_setup_stackheap                   0x080008ed   Thumb Code    74  sys_stackheap_outer.o(.text)
    exit                                     0x08000937   Thumb Code    12  exit.o(.text)
    BusFault_Handler                         0x08000943   Thumb Code     4  stm32f10x_it.o(i.BusFault_Handler)
    CAN_DeInit                               0x08000949   Thumb Code    50  stm32f10x_can.o(i.CAN_DeInit)
    CAN_FILTERINIT                           0x08000981   Thumb Code   208  can.o(i.CAN_FILTERINIT)
    CAN_FilterInit                           0x08000a8d   Thumb Code   258  stm32f10x_can.o(i.CAN_FilterInit)
    CAN_GPIO_Config                          0x08000b95   Thumb Code    70  can.o(i.CAN_GPIO_Config)
    CAN_INIT                                 0x08000be1   Thumb Code   128  can.o(i.CAN_INIT)
    CAN_ITConfig                             0x08000ca5   Thumb Code    18  stm32f10x_can.o(i.CAN_ITConfig)
    CAN_Init                                 0x08000cb7   Thumb Code   276  stm32f10x_can.o(i.CAN_Init)
    CAN_NVIC_Configuration                   0x08000dcb   Thumb Code    44  can.o(i.CAN_NVIC_Configuration)
    CAN_Receive                              0x08000df7   Thumb Code   240  stm32f10x_can.o(i.CAN_Receive)
    CAN_StructInit                           0x08000ee7   Thumb Code    32  stm32f10x_can.o(i.CAN_StructInit)
    CAN_TRANSMIT                             0x08000f09   Thumb Code   118  can.o(i.CAN_TRANSMIT)
    CAN_Transmit                             0x08000f85   Thumb Code   294  stm32f10x_can.o(i.CAN_Transmit)
    DMA_Cmd                                  0x080010ab   Thumb Code    24  stm32f10x_dma.o(i.DMA_Cmd)
    DMA_DeInit                               0x080010c5   Thumb Code   324  stm32f10x_dma.o(i.DMA_DeInit)
    DMA_GetCurrDataCounter                   0x08001211   Thumb Code     8  stm32f10x_dma.o(i.DMA_GetCurrDataCounter)
    DMA_Init                                 0x08001219   Thumb Code    60  stm32f10x_dma.o(i.DMA_Init)
    DMA_SetCurrDataCounter                   0x08001255   Thumb Code     4  stm32f10x_dma.o(i.DMA_SetCurrDataCounter)
    DebugMon_Handler                         0x08001259   Thumb Code     2  stm32f10x_it.o(i.DebugMon_Handler)
    EXTI15_10_IRQHandler                     0x0800125d   Thumb Code    82  frameware.o(i.EXTI15_10_IRQHandler)
    EXTI_ClearITPendingBit                   0x080012e1   Thumb Code     6  stm32f10x_exti.o(i.EXTI_ClearITPendingBit)
    EXTI_GetITStatus                         0x080012ed   Thumb Code    34  stm32f10x_exti.o(i.EXTI_GetITStatus)
    EXTI_Init                                0x08001315   Thumb Code   142  stm32f10x_exti.o(i.EXTI_Init)
    FRAMEWORK_INIT                           0x080013a9   Thumb Code    94  frameware.o(i.FRAMEWORK_INIT)
    GPIO_EXTILineConfig                      0x08001409   Thumb Code    60  stm32f10x_gpio.o(i.GPIO_EXTILineConfig)
    GPIO_Init                                0x08001449   Thumb Code   278  stm32f10x_gpio.o(i.GPIO_Init)
    GPIO_PinRemapConfig                      0x08001561   Thumb Code   138  stm32f10x_gpio.o(i.GPIO_PinRemapConfig)
    GPIO_ReadInputDataBit                    0x080015f1   Thumb Code    18  stm32f10x_gpio.o(i.GPIO_ReadInputDataBit)
    GPIO_SetBits                             0x08001603   Thumb Code     4  stm32f10x_gpio.o(i.GPIO_SetBits)
    HardFault_Handler                        0x08001607   Thumb Code     4  stm32f10x_it.o(i.HardFault_Handler)
    LED_Init                                 0x0800160d   Thumb Code   118  led.o(i.LED_Init)
    MemManage_Handler                        0x08001691   Thumb Code     4  stm32f10x_it.o(i.MemManage_Handler)
    NMI_Handler                              0x080016a9   Thumb Code     2  stm32f10x_it.o(i.NMI_Handler)
    NVIC_Init                                0x080016ad   Thumb Code   100  misc.o(i.NVIC_Init)
    NVIC_PriorityGroupConfig                 0x0800171d   Thumb Code    10  misc.o(i.NVIC_PriorityGroupConfig)
    NVIC_SetVectorTable                      0x08001731   Thumb Code    12  misc.o(i.NVIC_SetVectorTable)
    OSInit                                   0x08001745   Thumb Code    48  os_core.o(i.OSInit)
    OSInitHookBegin                          0x08001775   Thumb Code     8  os_cpu_c.o(i.OSInitHookBegin)
    OSInitHookEnd                            0x08001781   Thumb Code     2  os_cpu_c.o(i.OSInitHookEnd)
    OSIntEnter                               0x08001785   Thumb Code    28  os_core.o(i.OSIntEnter)
    OSIntExit                                0x080017a9   Thumb Code   112  os_core.o(i.OSIntExit)
    OSMutexCreate                            0x08001839   Thumb Code   134  os_mutex.o(i.OSMutexCreate)
    OSMutexPend                              0x080018cd   Thumb Code   542  os_mutex.o(i.OSMutexPend)
    OSMutexPost                              0x08001b05   Thumb Code   186  os_mutex.o(i.OSMutexPost)
    OSSchedLock                              0x08001c51   Thumb Code    50  os_core.o(i.OSSchedLock)
    OSSchedUnlock                            0x08001c91   Thumb Code    82  os_core.o(i.OSSchedUnlock)
    OSSemCreate                              0x08001cf1   Thumb Code    68  os_sem.o(i.OSSemCreate)
    OSSemPend                                0x08001d3d   Thumb Code   222  os_sem.o(i.OSSemPend)
    OSSemPost                                0x08001e29   Thumb Code    88  os_sem.o(i.OSSemPost)
    OSStart                                  0x08001e81   Thumb Code    48  os_core.o(i.OSStart)
    OSTCBInitHook                            0x08001ec9   Thumb Code     2  os_cpu_c.o(i.OSTCBInitHook)
    OSTaskCreateExt                          0x08001ecd   Thumb Code   170  os_task.o(i.OSTaskCreateExt)
    OSTaskCreateHook                         0x08001f85   Thumb Code     2  os_cpu_c.o(i.OSTaskCreateHook)
    OSTaskIdleHook                           0x08001f87   Thumb Code     2  os_cpu_c.o(i.OSTaskIdleHook)
    OSTaskNameSet                            0x08001f89   Thumb Code    98  os_task.o(i.OSTaskNameSet)
    OSTaskResume                             0x08001ff9   Thumb Code   154  os_task.o(i.OSTaskResume)
    OSTaskStatHook                           0x080020a5   Thumb Code     2  os_cpu_c.o(i.OSTaskStatHook)
    OSTaskStkChk                             0x080020a9   Thumb Code   132  os_task.o(i.OSTaskStkChk)
    OSTaskStkInit                            0x08002135   Thumb Code   154  os_cpu_c.o(i.OSTaskStkInit)
    OSTaskSuspend                            0x080021d1   Thumb Code   152  os_task.o(i.OSTaskSuspend)
    OSTaskSwHook                             0x08002279   Thumb Code     2  os_cpu_c.o(i.OSTaskSwHook)
    OSTimeDly                                0x0800227d   Thumb Code   100  os_time.o(i.OSTimeDly)
    OSTimeDlyHMSM                            0x080022f5   Thumb Code    86  os_time.o(i.OSTimeDlyHMSM)
    OSTimeTick                               0x08002355   Thumb Code   210  os_core.o(i.OSTimeTick)
    OSTimeTickHook                           0x08002441   Thumb Code    30  os_cpu_c.o(i.OSTimeTickHook)
    OSTmrSignal                              0x08002465   Thumb Code    16  os_tmr.o(i.OSTmrSignal)
    OSTmr_Init                               0x08002479   Thumb Code   148  os_tmr.o(i.OSTmr_Init)
    OS_EventTaskRdy                          0x080026b1   Thumb Code   114  os_core.o(i.OS_EventTaskRdy)
    OS_EventTaskRemove                       0x08002735   Thumb Code    42  os_core.o(i.OS_EventTaskRemove)
    OS_EventTaskWait                         0x08002761   Thumb Code   112  os_core.o(i.OS_EventTaskWait)
    OS_EventWaitListInit                     0x080027dd   Thumb Code    28  os_core.o(i.OS_EventWaitListInit)
    OS_FlagInit                              0x080027f9   Thumb Code    74  os_flag.o(i.OS_FlagInit)
    OS_MemClr                                0x08002a5d   Thumb Code    18  os_core.o(i.OS_MemClr)
    OS_QInit                                 0x08002a71   Thumb Code    72  os_q.o(i.OS_QInit)
    OS_Sched                                 0x08002ac1   Thumb Code    88  os_core.o(i.OS_Sched)
    OS_TCBInit                               0x08002b61   Thumb Code   278  os_core.o(i.OS_TCBInit)
    OS_TaskIdle                              0x08002c95   Thumb Code    34  os_core.o(i.OS_TaskIdle)
    OS_TaskStat                              0x08002cbd   Thumb Code   116  os_core.o(i.OS_TaskStat)
    OS_TaskStatStkChk                        0x08002d45   Thumb Code    54  os_core.o(i.OS_TaskStatStkChk)
    OS_TaskStkClr                            0x08002d81   Thumb Code    26  os_task.o(i.OS_TaskStkClr)
    PWR_EnterSTOPMode                        0x08002d9d   Thumb Code    54  stm32f10x_pwr.o(i.PWR_EnterSTOPMode)
    RCC_AHBPeriphClockCmd                    0x08002ddd   Thumb Code    26  stm32f10x_rcc.o(i.RCC_AHBPeriphClockCmd)
    RCC_APB1PeriphClockCmd                   0x08002dfd   Thumb Code    26  stm32f10x_rcc.o(i.RCC_APB1PeriphClockCmd)
    RCC_APB1PeriphResetCmd                   0x08002e1d   Thumb Code    26  stm32f10x_rcc.o(i.RCC_APB1PeriphResetCmd)
    RCC_APB2PeriphClockCmd                   0x08002e3d   Thumb Code    26  stm32f10x_rcc.o(i.RCC_APB2PeriphClockCmd)
    RCC_APB2PeriphResetCmd                   0x08002e5d   Thumb Code    26  stm32f10x_rcc.o(i.RCC_APB2PeriphResetCmd)
    RCC_GetClocksFreq                        0x08002e7d   Thumb Code   192  stm32f10x_rcc.o(i.RCC_GetClocksFreq)
    SVC_Handler                              0x08002f51   Thumb Code     2  stm32f10x_it.o(i.SVC_Handler)
    SysTick_CLKSourceConfig                  0x0800303d   Thumb Code    40  misc.o(i.SysTick_CLKSourceConfig)
    SysTick_Handler                          0x08003065   Thumb Code    24  delay.o(i.SysTick_Handler)
    SystemInit                               0x08003081   Thumb Code    78  system_stm32f10x.o(i.SystemInit)
    TIM4_IRQHandler                          0x080030e1   Thumb Code    40  usart2.o(i.TIM4_IRQHandler)
    TIM4_Init                                0x08003111   Thumb Code    92  usart2.o(i.TIM4_Init)
    TIM4_Set                                 0x08003171   Thumb Code    34  usart2.o(i.TIM4_Set)
    TIM_ClearITPendingBit                    0x08003199   Thumb Code     6  stm32f10x_tim.o(i.TIM_ClearITPendingBit)
    TIM_Cmd                                  0x0800319f   Thumb Code    24  stm32f10x_tim.o(i.TIM_Cmd)
    TIM_GetITStatus                          0x080031b7   Thumb Code    34  stm32f10x_tim.o(i.TIM_GetITStatus)
    TIM_ITConfig                             0x080031d9   Thumb Code    18  stm32f10x_tim.o(i.TIM_ITConfig)
    TIM_SetCounter                           0x080031eb   Thumb Code     4  stm32f10x_tim.o(i.TIM_SetCounter)
    TIM_TimeBaseInit                         0x080031f1   Thumb Code   122  stm32f10x_tim.o(i.TIM_TimeBaseInit)
    UART_DMA_Config                          0x08003295   Thumb Code    72  usart2.o(i.UART_DMA_Config)
    UART_DMA_Enable                          0x080032dd   Thumb Code    32  usart2.o(i.UART_DMA_Enable)
    UART_Init                                0x080032fd   Thumb Code   154  usart.o(i.UART_Init)
    UART_SEND_DATA                           0x080033a1   Thumb Code    38  usart2.o(i.UART_SEND_DATA)
    USART1_IRQHandler                        0x080033d1   Thumb Code   130  usart.o(i.USART1_IRQHandler)
    USART2_IRQHandler                        0x08003461   Thumb Code    90  usart2.o(i.USART2_IRQHandler)
    USART2_Init                              0x080034d9   Thumb Code   194  usart2.o(i.USART2_Init)
    USART_Cmd                                0x080035b1   Thumb Code    24  stm32f10x_usart.o(i.USART_Cmd)
    USART_DMACmd                             0x080035c9   Thumb Code    18  stm32f10x_usart.o(i.USART_DMACmd)
    USART_DeInit                             0x080035dd   Thumb Code   134  stm32f10x_usart.o(i.USART_DeInit)
    USART_GetITStatus                        0x08003679   Thumb Code    84  stm32f10x_usart.o(i.USART_GetITStatus)
    USART_ITConfig                           0x080036cd   Thumb Code    74  stm32f10x_usart.o(i.USART_ITConfig)
    USART_Init                               0x08003719   Thumb Code   210  stm32f10x_usart.o(i.USART_Init)
    USART_ReceiveData                        0x080037f1   Thumb Code    10  stm32f10x_usart.o(i.USART_ReceiveData)
    USB_LP_CAN1_RX0_IRQHandler               0x080037fd   Thumb Code    38  can.o(i.USB_LP_CAN1_RX0_IRQHandler)
    UsageFault_Handler                       0x08003829   Thumb Code     4  stm32f10x_it.o(i.UsageFault_Handler)
    WWDG_ClearFlag                           0x0800382d   Thumb Code     8  stm32f10x_wwdg.o(i.WWDG_ClearFlag)
    WWDG_IRQHandler                          0x08003839   Thumb Code    30  wwdg.o(i.WWDG_IRQHandler)
    WWDG_SetCounter                          0x0800385d   Thumb Code    10  stm32f10x_wwdg.o(i.WWDG_SetCounter)
    _is_digit                                0x080038a9   Thumb Code    14  __printf_wp.o(i._is_digit)
    _sys_exit                                0x080038b7   Thumb Code     6  usart.o(i._sys_exit)
    addCanMsgAddr                            0x080038bd   Thumb Code    30  can_task.o(i.addCanMsgAddr)
    addcmdid2filter                          0x080038e5   Thumb Code   104  control.o(i.addcmdid2filter)
    addparseBufferAddr                       0x0800394d   Thumb Code    26  ringbuf.o(i.addparseBufferAddr)
    addringaddr                              0x08003967   Thumb Code    28  detect.o(i.addringaddr)
    addsys_errorcode                         0x08003985   Thumb Code     6  encode.o(i.addsys_errorcode)
    can_queue_init                           0x08003991   Thumb Code    44  can_queue.o(i.can_queue_init)
    can_resolve_speed                        0x080039e1   Thumb Code     8  can_speed.o(i.can_resolve_speed)
    can_sendqueue_init                       0x080039ed   Thumb Code    44  can_queue.o(i.can_sendqueue_init)
    can_set_brandrate                        0x08003a3d   Thumb Code    10  can_task.o(i.can_set_brandrate)
    can_set_filter                           0x08003a47   Thumb Code    16  can_task.o(i.can_set_filter)
    can_task_init                            0x08003a59   Thumb Code   158  can_task.o(i.can_task_init)
    canconvertuart                           0x08003b3d   Thumb Code    88  convert.o(i.canconvertuart)
    canidparse                               0x08003b95   Thumb Code    72  control.o(i.canidparse)
    canreadTask                              0x08003be1   Thumb Code   182  can_task.o(i.canreadTask)
    cansendTask                              0x08003cd1   Thumb Code    86  can_task.o(i.cansendTask)
    cleanBuffer                              0x08003d49   Thumb Code    14  ringbuf.o(i.cleanBuffer)
    clean_canqueue                           0x08003d57   Thumb Code     8  can_queue.o(i.clean_canqueue)
    clean_cansendqueue                       0x08003d5f   Thumb Code     8  can_queue.o(i.clean_cansendqueue)
    cmd_queue_init                           0x08003d69   Thumb Code    62  cmd_queue.o(i.cmd_queue_init)
    cmdid2filter                             0x08003dbd   Thumb Code   104  control.o(i.cmdid2filter)
    cmdsetparse                              0x08003e25   Thumb Code   156  control.o(i.cmdsetparse)
    cmdsetprocess                            0x08003f51   Thumb Code   206  control.o(i.cmdsetprocess)
    control                                  0x0800402d   Thumb Code    66  control.o(i.control)
    controlInit                              0x0800407d   Thumb Code    62  control.o(i.controlInit)
    crc8                                     0x080040cd   Thumb Code    32  crc8.o(i.crc8)
    crc8_creator                             0x080040f1   Thumb Code    26  crc8.o(i.crc8_creator)
    crc8_populate_lsb                        0x0800410b   Thumb Code    60  crc8.o(i.crc8_populate_lsb)
    crc8_populate_msb                        0x08004147   Thumb Code    60  crc8.o(i.crc8_populate_msb)
    crcInit                                  0x08004185   Thumb Code    44  crc8.o(i.crcInit)
    del_headdata_queue                       0x080041b5   Thumb Code    12  can_queue.o(i.del_headdata_queue)
    delay_init                               0x080041c1   Thumb Code    76  delay.o(i.delay_init)
    detectcrc8                               0x0800421d   Thumb Code    48  detect.o(i.detectcrc8)
    detectvaildMsgtype                       0x08004265   Thumb Code    76  detect.o(i.detectvaildMsgtype)
    detectvaildSync                          0x080042c5   Thumb Code    82  detect.o(i.detectvaildSync)
    displaystatus                            0x08004319   Thumb Code   180  schedule_task.o(i.displaystatus)
    entry_sleep_mode                         0x080043e9   Thumb Code    40  sleepwakeup.o(i.entry_sleep_mode)
    exti_Init                                0x0800442d   Thumb Code   136  frameware.o(i.exti_Init)
    flush                                    0x080044ff   Thumb Code    56  ringbuf.o(i.flush)
    fputc                                    0x08004539   Thumb Code    24  usart.o(i.fputc)
    getCanMsgAddr                            0x08004555   Thumb Code    50  can_task.o(i.getCanMsgAddr)
    getCanReadTaskStatus                     0x08004591   Thumb Code     6  can_task.o(i.getCanReadTaskStatus)
    getCanSendTaskStatus                     0x0800459d   Thumb Code     6  can_task.o(i.getCanSendTaskStatus)
    get_can_brandrate                        0x080045a9   Thumb Code     6  can_task.o(i.get_can_brandrate)
    get_can_speed                            0x080045b5   Thumb Code     6  can_speed.o(i.get_can_speed)
    get_canbus_status                        0x080045c1   Thumb Code     6  can_speed.o(i.get_canbus_status)
    get_cmd_queue                            0x080045cd   Thumb Code    48  cmd_queue.o(i.get_cmd_queue)
    get_headdata_queue                       0x080045fd   Thumb Code    32  can_queue.o(i.get_headdata_queue)
    get_send_packet                          0x0800461d   Thumb Code    42  encode.o(i.get_send_packet)
    get_send_queue                           0x08004647   Thumb Code    44  can_queue.o(i.get_send_queue)
    get_status_packet                        0x08004675   Thumb Code    82  encode.o(i.get_status_packet)
    getcontrolCmd                            0x080046cd   Thumb Code    50  control.o(i.getcontrolCmd)
    getdatafromBuffer                        0x08004709   Thumb Code   102  ringbuf.o(i.getdatafromBuffer)
    isresponse                               0x0800478d   Thumb Code     6  control.o(i.isresponse)
    keyAcc_Init                              0x08004799   Thumb Code    34  keyacc.o(i.keyAcc_Init)
    keyAcc_Scan                              0x080047c1   Thumb Code    14  keyacc.o(i.keyAcc_Scan)
    main                                     0x080047d5   Thumb Code    52  main.o(i.main)
    pause_can_task                           0x08004815   Thumb Code    34  can_task.o(i.pause_can_task)
    pause_read_can_task                      0x08004839   Thumb Code    76  can_task.o(i.pause_read_can_task)
    pause_read_uart_task                     0x080048c9   Thumb Code    80  uart_task.o(i.pause_read_uart_task)
    pause_send_can_task                      0x08004941   Thumb Code    76  can_task.o(i.pause_send_can_task)
    pause_send_uart_task                     0x080049d1   Thumb Code    80  uart_task.o(i.pause_send_uart_task)
    pause_uart_task                          0x08004a49   Thumb Code    34  uart_task.o(i.pause_uart_task)
    put_cmd_queue                            0x08004a6d   Thumb Code    62  cmd_queue.o(i.put_cmd_queue)
    put_data_queue                           0x08004abd   Thumb Code    62  can_queue.o(i.put_data_queue)
    put_send_queue                           0x08004b05   Thumb Code    58  can_queue.o(i.put_send_queue)
    putcansendPacket                         0x08004b59   Thumb Code    54  can_task.o(i.putcansendPacket)
    putcontrolCmd                            0x08004bb9   Thumb Code    34  control.o(i.putcontrolCmd)
    putdatatoBuffer                          0x08004be5   Thumb Code   148  ringbuf.o(i.putdatatoBuffer)
    resolve_can_message                      0x08004cb5   Thumb Code    40  can_task.o(i.resolve_can_message)
    responsefinish                           0x08004ce9   Thumb Code     8  control.o(i.responsefinish)
    ringbufferInit                           0x08004cf5   Thumb Code    52  ringbuf.o(i.ringbufferInit)
    schedule_indicate_task                   0x08004d3d   Thumb Code    66  schedule_task.o(i.schedule_indicate_task)
    schedule_task_init                       0x08004d85   Thumb Code    44  schedule_task.o(i.schedule_task_init)
    setGPIOModeToAllPins                     0x08004db9   Thumb Code    90  frameware.o(i.setGPIOModeToAllPins)
    set_canbus_status                        0x08004e31   Thumb Code     6  can_speed.o(i.set_canbus_status)
    set_system_status                        0x08004e3d   Thumb Code     6  schedule_task.o(i.set_system_status)
    start_can_task                           0x08004e49   Thumb Code    28  can_task.o(i.start_can_task)
    start_canread_task                       0x08004e65   Thumb Code    82  can_task.o(i.start_canread_task)
    start_cansend_task                       0x08004efd   Thumb Code    82  can_task.o(i.start_cansend_task)
    start_task                               0x08004f95   Thumb Code    90  main.o(i.start_task)
    start_uart_read_task                     0x08005005   Thumb Code    84  uart_task.o(i.start_uart_read_task)
    start_uart_send_task                     0x08005095   Thumb Code    78  uart_task.o(i.start_uart_send_task)
    start_uart_task                          0x0800511d   Thumb Code    28  uart_task.o(i.start_uart_task)
    startcansend                             0x08005139   Thumb Code    28  can_task.o(i.startcansend)
    sys_mode_entry                           0x080051b9   Thumb Code    34  sleepwakeup.o(i.sys_mode_entry)
    sys_stop_mode                            0x080051db   Thumb Code    20  sleepwakeup.o(i.sys_stop_mode)
    sys_switch                               0x080051f1   Thumb Code    46  frameware.o(i.sys_switch)
    uart_send_speed                          0x080053e5   Thumb Code    74  can_speed.o(i.uart_send_speed)
    uart_task_Init                           0x080054e9   Thumb Code   134  uart_task.o(i.uart_task_Init)
    uartconvertcan                           0x0800559d   Thumb Code    64  convert.o(i.uartconvertcan)
    OSUnMapTbl                               0x080055dc   Data         256  os_core.o(.constdata)
    Region$$Table$$Base                      0x080057f8   Number         0  anon$$obj.o(Region$$Table)
    Region$$Table$$Limit                     0x08005818   Number         0  anon$$obj.o(Region$$Table)
    SystemCoreClock                          0x20000000   Data           4  system_stm32f10x.o(.data)
    AHBPrescTable                            0x20000004   Data          16  system_stm32f10x.o(.data)
    OSCtxSwCtr                               0x20000014   Data           4  os_core.o(.data)
    OSEventFreeList                          0x20000018   Data           4  os_core.o(.data)
    OSFlagFreeList                           0x2000001c   Data           4  os_core.o(.data)
    OSCPUUsage                               0x20000020   Data           1  os_core.o(.data)
    OSIdleCtrMax                             0x20000024   Data           4  os_core.o(.data)
    OSIdleCtrRun                             0x20000028   Data           4  os_core.o(.data)
    OSStatRdy                                0x2000002c   Data           1  os_core.o(.data)
    OSIntNesting                             0x2000002d   Data           1  os_core.o(.data)
    OSLockNesting                            0x2000002e   Data           1  os_core.o(.data)
    OSPrioCur                                0x2000002f   Data           1  os_core.o(.data)
    OSPrioHighRdy                            0x20000030   Data           1  os_core.o(.data)
    OSRdyGrp                                 0x20000031   Data           1  os_core.o(.data)
    OSRdyTbl                                 0x20000032   Data           8  os_core.o(.data)
    OSRunning                                0x2000003a   Data           1  os_core.o(.data)
    OSTaskCtr                                0x2000003b   Data           1  os_core.o(.data)
    OSIdleCtr                                0x2000003c   Data           4  os_core.o(.data)
    OSTCBCur                                 0x20000040   Data           4  os_core.o(.data)
    OSTCBFreeList                            0x20000044   Data           4  os_core.o(.data)
    OSTCBHighRdy                             0x20000048   Data           4  os_core.o(.data)
    OSTCBList                                0x2000004c   Data           4  os_core.o(.data)
    OSTickStepState                          0x20000050   Data           1  os_core.o(.data)
    OSQFreeList                              0x20000054   Data           4  os_core.o(.data)
    OSTime                                   0x20000058   Data           4  os_core.o(.data)
    OSTmrFree                                0x2000005c   Data           2  os_core.o(.data)
    OSTmrUsed                                0x2000005e   Data           2  os_core.o(.data)
    OSTmrTime                                0x20000060   Data           4  os_core.o(.data)
    OSTmrSem                                 0x20000064   Data           4  os_core.o(.data)
    OSTmrSemSignal                           0x20000068   Data           4  os_core.o(.data)
    OSTmrFreeList                            0x2000006c   Data           4  os_core.o(.data)
    OSInterrputSum                           0x20000070   Data           4  os_cpu_c.o(.data)
    USART2_RX_STA                            0x20000076   Data           2  usart2.o(.data)
    __stdout                                 0x2000007c   Data           4  usart.o(.data)
    USART_RX_STA                             0x20000080   Data           2  usart.o(.data)
    baudrate                                 0x20000096   Data           4  main.o(.data)
    tmr                                      0x2000009c   Data           4  schedule_task.o(.data)
    tmrname                                  0x200000a0   Data           4  schedule_task.o(.data)
    g_system_state                           0x200000a4   Data           1  schedule_task.o(.data)
    default_filter                           0x200000ac   Data          24  can_task.o(.data)
    g_istxfinished                           0x200000dc   Data           1  can_task.o(.data)
    g_isfinished                             0x200000dd   Data           1  can_task.o(.data)
    g_speed                                  0x2000011e   Data           2  can_speed.o(.data)
    g_isvaild                                0x20000120   Data           1  can_speed.o(.data)
    mfilter                                  0x20000130   Data          72  control.o(.data)
    OSEventTbl                               0x20000178   Data         260  os_core.o(.bss)
    OSFlagTbl                                0x2000027c   Data          80  os_core.o(.bss)
    OSTaskStatStk                            0x200002cc   Data         512  os_core.o(.bss)
    OSTaskIdleStk                            0x200004cc   Data         512  os_core.o(.bss)
    OSTCBPrioTbl                             0x200006cc   Data         256  os_core.o(.bss)
    OSTCBTbl                                 0x200007cc   Data        1008  os_core.o(.bss)
    OSQTbl                                   0x20000bbc   Data         120  os_core.o(.bss)
    OSTmrTbl                                 0x20000c34   Data         640  os_core.o(.bss)
    OSTmrTaskStk                             0x20000eb4   Data         512  os_core.o(.bss)
    OSTmrWheelTbl                            0x200010b4   Data          64  os_core.o(.bss)
    USART2_TX_BUF                            0x200010f8   Data         200  usart2.o(.bss)
    USART2_RX_BUF                            0x200011c0   Data         200  usart2.o(.bss)
    USART_RX_BUF                             0x20001288   Data         200  usart.o(.bss)
    START_TASK_STK                           0x20001450   Data         512  main.o(.bss)
    CHK_TASK_STK                             0x20001650   Data         384  main.o(.bss)
    SCHEDULE_INDICATE_TASK_STK               0x200017d0   Data         256  schedule_task.o(.bss)
    CAN_READ_TASK_STK                        0x200018d0   Data         256  can_task.o(.bss)
    CAN_SEND_TASK_STK                        0x200019d0   Data         512  can_task.o(.bss)
    g_RxMsg                                  0x20001bd0   Data          20  can_task.o(.bss)
    CAN_QUEUE_INFO                           0x20001be4   Data          12  can_task.o(.bss)
    CAN_SEND_INFO                            0x20001bf0   Data          12  can_task.o(.bss)
    UART_SEND_TASK_STK                       0x20001bfc   Data         384  uart_task.o(.bss)
    UART_READ_TASK_STK                       0x20001d7c   Data         256  uart_task.o(.bss)
    UART_PARSE_TASK_STK                      0x20001e7c   Data         256  uart_task.o(.bss)
    cmd                                      0x20002128   Data         112  cmd_queue.o(.bss)
    CMDINFO                                  0x20002198   Data          36  control.o(.bss)
    setcmd                                   0x200021bc   Data           9  control.o(.bss)
    idcmd                                    0x200021c8   Data          72  control.o(.bss)
    __libspace_start                         0x20002220   Data          96  libspace.o(.bss)
    __temporary_stack_top$libspace           0x20002280   Data           0  libspace.o(.bss)



==============================================================================

Memory Map of the image

  Image Entry point : 0x080000ed

  Load Region LR_IROM1 (Base: 0x08000000, Size: 0x00005990, Max: 0x00010000, ABSOLUTE, COMPRESSED[0x00005870])

    Execution Region ER_IROM1 (Base: 0x08000000, Size: 0x00005818, Max: 0x00010000, ABSOLUTE)

    Base Addr    Size         Type   Attr      Idx    E Section Name        Object

    0x08000000   0x000000ec   Data   RO          163    RESET               startup_stm32f10x_md.o
    0x080000ec   0x00000008   Code   RO         3908  * !!!main             c_w.l(__main.o)
    0x080000f4   0x00000034   Code   RO         4222    !!!scatter          c_w.l(__scatter.o)
    0x08000128   0x0000005a   Code   RO         4220    !!dczerorl2         c_w.l(__dczerorl2.o)
    0x08000182   0x00000002   PAD
    0x08000184   0x0000001c   Code   RO         4224    !!handler_zi        c_w.l(__scatter_zi.o)
    0x080001a0   0x00000000   Code   RO         3895    .ARM.Collect$$_printf_percent$$00000000  c_w.l(_printf_percent.o)
    0x080001a0   0x00000006   Code   RO         3894    .ARM.Collect$$_printf_percent$$00000009  c_w.l(_printf_d.o)
    0x080001a6   0x00000006   Code   RO         3893    .ARM.Collect$$_printf_percent$$0000000C  c_w.l(_printf_x.o)
    0x080001ac   0x00000006   Code   RO         3892    .ARM.Collect$$_printf_percent$$00000014  c_w.l(_printf_s.o)
    0x080001b2   0x00000004   Code   RO         3981    .ARM.Collect$$_printf_percent$$00000017  c_w.l(_printf_percent_end.o)
    0x080001b6   0x00000002   Code   RO         4152    .ARM.Collect$$libinit$$00000000  c_w.l(libinit.o)
    0x080001b8   0x00000000   Code   RO         3994    .ARM.Collect$$libinit$$00000002  c_w.l(libinit2.o)
    0x080001b8   0x00000000   Code   RO         3996    .ARM.Collect$$libinit$$00000004  c_w.l(libinit2.o)
    0x080001b8   0x00000000   Code   RO         3999    .ARM.Collect$$libinit$$0000000A  c_w.l(libinit2.o)
    0x080001b8   0x00000000   Code   RO         4001    .ARM.Collect$$libinit$$0000000C  c_w.l(libinit2.o)
    0x080001b8   0x00000000   Code   RO         4003    .ARM.Collect$$libinit$$0000000E  c_w.l(libinit2.o)
    0x080001b8   0x00000000   Code   RO         4006    .ARM.Collect$$libinit$$00000011  c_w.l(libinit2.o)
    0x080001b8   0x00000000   Code   RO         4008    .ARM.Collect$$libinit$$00000013  c_w.l(libinit2.o)
    0x080001b8   0x00000000   Code   RO         4010    .ARM.Collect$$libinit$$00000015  c_w.l(libinit2.o)
    0x080001b8   0x00000000   Code   RO         4012    .ARM.Collect$$libinit$$00000017  c_w.l(libinit2.o)
    0x080001b8   0x00000000   Code   RO         4014    .ARM.Collect$$libinit$$00000019  c_w.l(libinit2.o)
    0x080001b8   0x00000000   Code   RO         4016    .ARM.Collect$$libinit$$0000001B  c_w.l(libinit2.o)
    0x080001b8   0x00000000   Code   RO         4018    .ARM.Collect$$libinit$$0000001D  c_w.l(libinit2.o)
    0x080001b8   0x00000000   Code   RO         4020    .ARM.Collect$$libinit$$0000001F  c_w.l(libinit2.o)
    0x080001b8   0x00000000   Code   RO         4022    .ARM.Collect$$libinit$$00000021  c_w.l(libinit2.o)
    0x080001b8   0x00000000   Code   RO         4024    .ARM.Collect$$libinit$$00000023  c_w.l(libinit2.o)
    0x080001b8   0x00000000   Code   RO         4026    .ARM.Collect$$libinit$$00000025  c_w.l(libinit2.o)
    0x080001b8   0x00000000   Code   RO         4030    .ARM.Collect$$libinit$$0000002C  c_w.l(libinit2.o)
    0x080001b8   0x00000000   Code   RO         4032    .ARM.Collect$$libinit$$0000002E  c_w.l(libinit2.o)
    0x080001b8   0x00000000   Code   RO         4034    .ARM.Collect$$libinit$$00000030  c_w.l(libinit2.o)
    0x080001b8   0x00000000   Code   RO         4036    .ARM.Collect$$libinit$$00000032  c_w.l(libinit2.o)
    0x080001b8   0x00000002   Code   RO         4037    .ARM.Collect$$libinit$$00000033  c_w.l(libinit2.o)
    0x080001ba   0x00000002   Code   RO         4217    .ARM.Collect$$libshutdown$$00000000  c_w.l(libshutdown.o)
    0x080001bc   0x00000000   Code   RO         4175    .ARM.Collect$$libshutdown$$00000003  c_w.l(libshutdown2.o)
    0x080001bc   0x00000000   Code   RO         4178    .ARM.Collect$$libshutdown$$00000006  c_w.l(libshutdown2.o)
    0x080001bc   0x00000000   Code   RO         4181    .ARM.Collect$$libshutdown$$00000009  c_w.l(libshutdown2.o)
    0x080001bc   0x00000000   Code   RO         4183    .ARM.Collect$$libshutdown$$0000000B  c_w.l(libshutdown2.o)
    0x080001bc   0x00000000   Code   RO         4186    .ARM.Collect$$libshutdown$$0000000E  c_w.l(libshutdown2.o)
    0x080001bc   0x00000002   Code   RO         4187    .ARM.Collect$$libshutdown$$0000000F  c_w.l(libshutdown2.o)
    0x080001be   0x00000000   Code   RO         3914    .ARM.Collect$$rtentry$$00000000  c_w.l(__rtentry.o)
    0x080001be   0x00000000   Code   RO         4046    .ARM.Collect$$rtentry$$00000002  c_w.l(__rtentry2.o)
    0x080001be   0x00000006   Code   RO         4058    .ARM.Collect$$rtentry$$00000004  c_w.l(__rtentry4.o)
    0x080001c4   0x00000000   Code   RO         4048    .ARM.Collect$$rtentry$$00000009  c_w.l(__rtentry2.o)
    0x080001c4   0x00000004   Code   RO         4049    .ARM.Collect$$rtentry$$0000000A  c_w.l(__rtentry2.o)
    0x080001c8   0x00000000   Code   RO         4051    .ARM.Collect$$rtentry$$0000000C  c_w.l(__rtentry2.o)
    0x080001c8   0x00000008   Code   RO         4052    .ARM.Collect$$rtentry$$0000000D  c_w.l(__rtentry2.o)
    0x080001d0   0x00000002   Code   RO         4158    .ARM.Collect$$rtexit$$00000000  c_w.l(rtexit.o)
    0x080001d2   0x00000000   Code   RO         4191    .ARM.Collect$$rtexit$$00000002  c_w.l(rtexit2.o)
    0x080001d2   0x00000004   Code   RO         4192    .ARM.Collect$$rtexit$$00000003  c_w.l(rtexit2.o)
    0x080001d6   0x00000006   Code   RO         4193    .ARM.Collect$$rtexit$$00000004  c_w.l(rtexit2.o)
    0x080001dc   0x00000040   Code   RO          164    .text               startup_stm32f10x_md.o
    0x0800021c   0x000000b4   Code   RO          999    .text               os_cpu_a.o
    0x080002d0   0x00000002   Code   RO         3779    .text               c_w.l(use_no_semi_2.o)
    0x080002d2   0x00000002   PAD
    0x080002d4   0x00000018   Code   RO         3839    .text               c_w.l(__2printf.o)
    0x080002ec   0x0000004e   Code   RO         3845    .text               c_w.l(_printf_pad.o)
    0x0800033a   0x00000052   Code   RO         3847    .text               c_w.l(_printf_str.o)
    0x0800038c   0x00000078   Code   RO         3849    .text               c_w.l(_printf_dec.o)
    0x08000404   0x00000094   Code   RO         3869    .text               c_w.l(_printf_hex_int_ll_ptr.o)
    0x08000498   0x00000188   Code   RO         3889    .text               c_w.l(__printf_flags_ss_wp.o)
    0x08000620   0x0000008a   Code   RO         3898    .text               c_w.l(rt_memcpy_v6.o)
    0x080006aa   0x00000064   Code   RO         3900    .text               c_w.l(rt_memcpy_w.o)
    0x0800070e   0x00000044   Code   RO         3902    .text               c_w.l(rt_memclr.o)
    0x08000752   0x0000004e   Code   RO         3904    .text               c_w.l(rt_memclr_w.o)
    0x080007a0   0x00000006   Code   RO         3906    .text               c_w.l(heapauxi.o)
    0x080007a6   0x00000002   Code   RO         3910    .text               c_w.l(use_no_semi.o)
    0x080007a8   0x000000b2   Code   RO         3948    .text               c_w.l(_printf_intcommon.o)
    0x0800085a   0x00000002   PAD
    0x0800085c   0x00000030   Code   RO         3952    .text               c_w.l(_printf_char_common.o)
    0x0800088c   0x0000002c   Code   RO         3956    .text               c_w.l(_printf_char.o)
    0x080008b8   0x00000024   Code   RO         3958    .text               c_w.l(_printf_char_file.o)
    0x080008dc   0x00000008   Code   RO         4042    .text               c_w.l(libspace.o)
    0x080008e4   0x00000008   Code   RO         4076    .text               c_w.l(ferror.o)
    0x080008ec   0x0000004a   Code   RO         4094    .text               c_w.l(sys_stackheap_outer.o)
    0x08000936   0x0000000c   Code   RO         4137    .text               c_w.l(exit.o)
    0x08000942   0x00000004   Code   RO            1    i.BusFault_Handler  stm32f10x_it.o
    0x08000946   0x00000002   PAD
    0x08000948   0x00000038   Code   RO         1429    i.CAN_DeInit        stm32f10x_can.o
    0x08000980   0x0000010c   Code   RO         1002    i.CAN_FILTERINIT    can.o
    0x08000a8c   0x00000108   Code   RO         1431    i.CAN_FilterInit    stm32f10x_can.o
    0x08000b94   0x0000004c   Code   RO         1003    i.CAN_GPIO_Config   can.o
    0x08000be0   0x000000c4   Code   RO         1004    i.CAN_INIT          can.o
    0x08000ca4   0x00000012   Code   RO         1437    i.CAN_ITConfig      stm32f10x_can.o
    0x08000cb6   0x00000114   Code   RO         1438    i.CAN_Init          stm32f10x_can.o
    0x08000dca   0x0000002c   Code   RO         1005    i.CAN_NVIC_Configuration  can.o
    0x08000df6   0x000000f0   Code   RO         1441    i.CAN_Receive       stm32f10x_can.o
    0x08000ee6   0x00000020   Code   RO         1444    i.CAN_StructInit    stm32f10x_can.o
    0x08000f06   0x00000002   PAD
    0x08000f08   0x0000007c   Code   RO         1006    i.CAN_TRANSMIT      can.o
    0x08000f84   0x00000126   Code   RO         1446    i.CAN_Transmit      stm32f10x_can.o
    0x080010aa   0x00000018   Code   RO         2624    i.DMA_Cmd           stm32f10x_dma.o
    0x080010c2   0x00000002   PAD
    0x080010c4   0x0000014c   Code   RO         2625    i.DMA_DeInit        stm32f10x_dma.o
    0x08001210   0x00000008   Code   RO         2626    i.DMA_GetCurrDataCounter  stm32f10x_dma.o
    0x08001218   0x0000003c   Code   RO         2630    i.DMA_Init          stm32f10x_dma.o
    0x08001254   0x00000004   Code   RO         2631    i.DMA_SetCurrDataCounter  stm32f10x_dma.o
    0x08001258   0x00000002   Code   RO            2    i.DebugMon_Handler  stm32f10x_it.o
    0x0800125a   0x00000002   PAD
    0x0800125c   0x00000084   Code   RO         3714    i.EXTI15_10_IRQHandler  frameware.o
    0x080012e0   0x0000000c   Code   RO         2833    i.EXTI_ClearITPendingBit  stm32f10x_exti.o
    0x080012ec   0x00000028   Code   RO         2837    i.EXTI_GetITStatus  stm32f10x_exti.o
    0x08001314   0x00000094   Code   RO         2838    i.EXTI_Init         stm32f10x_exti.o
    0x080013a8   0x0000005e   Code   RO         3715    i.FRAMEWORK_INIT    frameware.o
    0x08001406   0x00000002   PAD
    0x08001408   0x00000040   Code   RO         1583    i.GPIO_EXTILineConfig  stm32f10x_gpio.o
    0x08001448   0x00000116   Code   RO         1586    i.GPIO_Init         stm32f10x_gpio.o
    0x0800155e   0x00000002   PAD
    0x08001560   0x00000090   Code   RO         1588    i.GPIO_PinRemapConfig  stm32f10x_gpio.o
    0x080015f0   0x00000012   Code   RO         1590    i.GPIO_ReadInputDataBit  stm32f10x_gpio.o
    0x08001602   0x00000004   Code   RO         1594    i.GPIO_SetBits      stm32f10x_gpio.o
    0x08001606   0x00000004   Code   RO            3    i.HardFault_Handler  stm32f10x_it.o
    0x0800160a   0x00000002   PAD
    0x0800160c   0x00000084   Code   RO         1075    i.LED_Init          led.o
    0x08001690   0x00000004   Code   RO            4    i.MemManage_Handler  stm32f10x_it.o
    0x08001694   0x00000014   Code   RO         3444    i.MsgCounter        encode.o
    0x080016a8   0x00000002   Code   RO            5    i.NMI_Handler       stm32f10x_it.o
    0x080016aa   0x00000002   PAD
    0x080016ac   0x00000070   Code   RO         1389    i.NVIC_Init         misc.o
    0x0800171c   0x00000014   Code   RO         1390    i.NVIC_PriorityGroupConfig  misc.o
    0x08001730   0x00000014   Code   RO         1391    i.NVIC_SetVectorTable  misc.o
    0x08001744   0x00000030   Code   RO          168    i.OSInit            os_core.o
    0x08001774   0x0000000c   Code   RO          917    i.OSInitHookBegin   os_cpu_c.o
    0x08001780   0x00000002   Code   RO          918    i.OSInitHookEnd     os_cpu_c.o
    0x08001782   0x00000002   PAD
    0x08001784   0x00000024   Code   RO          169    i.OSIntEnter        os_core.o
    0x080017a8   0x00000090   Code   RO          170    i.OSIntExit         os_core.o
    0x08001838   0x00000094   Code   RO          523    i.OSMutexCreate     os_mutex.o
    0x080018cc   0x00000238   Code   RO          525    i.OSMutexPend       os_mutex.o
    0x08001b04   0x000000c8   Code   RO          526    i.OSMutexPost       os_mutex.o
    0x08001bcc   0x00000084   Code   RO          528    i.OSMutex_RdyAtPrio  os_mutex.o
    0x08001c50   0x00000040   Code   RO          171    i.OSSchedLock       os_core.o
    0x08001c90   0x00000060   Code   RO          172    i.OSSchedUnlock     os_core.o
    0x08001cf0   0x0000004c   Code   RO          642    i.OSSemCreate       os_sem.o
    0x08001d3c   0x000000ec   Code   RO          644    i.OSSemPend         os_sem.o
    0x08001e28   0x00000058   Code   RO          646    i.OSSemPost         os_sem.o
    0x08001e80   0x00000048   Code   RO          173    i.OSStart           os_core.o
    0x08001ec8   0x00000002   Code   RO          919    i.OSTCBInitHook     os_cpu_c.o
    0x08001eca   0x00000002   PAD
    0x08001ecc   0x000000b8   Code   RO          697    i.OSTaskCreateExt   os_task.o
    0x08001f84   0x00000002   Code   RO          920    i.OSTaskCreateHook  os_cpu_c.o
    0x08001f86   0x00000002   Code   RO          922    i.OSTaskIdleHook    os_cpu_c.o
    0x08001f88   0x00000070   Code   RO          701    i.OSTaskNameSet     os_task.o
    0x08001ff8   0x000000ac   Code   RO          705    i.OSTaskResume      os_task.o
    0x080020a4   0x00000002   Code   RO          924    i.OSTaskStatHook    os_cpu_c.o
    0x080020a6   0x00000002   PAD
    0x080020a8   0x0000008c   Code   RO          706    i.OSTaskStkChk      os_task.o
    0x08002134   0x0000009a   Code   RO          925    i.OSTaskStkInit     os_cpu_c.o
    0x080021ce   0x00000002   PAD
    0x080021d0   0x000000a8   Code   RO          707    i.OSTaskSuspend     os_task.o
    0x08002278   0x00000002   Code   RO          926    i.OSTaskSwHook      os_cpu_c.o
    0x0800227a   0x00000002   PAD
    0x0800227c   0x00000078   Code   RO          791    i.OSTimeDly         os_time.o
    0x080022f4   0x00000060   Code   RO          792    i.OSTimeDlyHMSM     os_time.o
    0x08002354   0x000000ec   Code   RO          175    i.OSTimeTick        os_core.o
    0x08002440   0x00000024   Code   RO          927    i.OSTimeTickHook    os_cpu_c.o
    0x08002464   0x00000014   Code   RO          831    i.OSTmrSignal       os_tmr.o
    0x08002478   0x000000b8   Code   RO          837    i.OSTmr_Init        os_tmr.o
    0x08002530   0x00000050   Code   RO          838    i.OSTmr_InitTask    os_tmr.o
    0x08002580   0x0000006c   Code   RO          839    i.OSTmr_Link        os_tmr.o
    0x080025ec   0x00000080   Code   RO          840    i.OSTmr_Task        os_tmr.o
    0x0800266c   0x00000044   Code   RO          841    i.OSTmr_Unlink      os_tmr.o
    0x080026b0   0x00000084   Code   RO          178    i.OS_EventTaskRdy   os_core.o
    0x08002734   0x0000002a   Code   RO          179    i.OS_EventTaskRemove  os_core.o
    0x0800275e   0x00000002   PAD
    0x08002760   0x0000007c   Code   RO          180    i.OS_EventTaskWait  os_core.o
    0x080027dc   0x0000001c   Code   RO          181    i.OS_EventWaitListInit  os_core.o
    0x080027f8   0x00000058   Code   RO          386    i.OS_FlagInit       os_flag.o
    0x08002850   0x00000054   Code   RO          182    i.OS_InitEventList  os_core.o
    0x080028a4   0x00000054   Code   RO          183    i.OS_InitMisc       os_core.o
    0x080028f8   0x00000044   Code   RO          184    i.OS_InitRdyList    os_core.o
    0x0800293c   0x00000080   Code   RO          185    i.OS_InitTCBList    os_core.o
    0x080029bc   0x00000050   Code   RO          186    i.OS_InitTaskIdle   os_core.o
    0x08002a0c   0x00000050   Code   RO          187    i.OS_InitTaskStat   os_core.o
    0x08002a5c   0x00000012   Code   RO          188    i.OS_MemClr         os_core.o
    0x08002a6e   0x00000002   PAD
    0x08002a70   0x00000050   Code   RO          579    i.OS_QInit          os_q.o
    0x08002ac0   0x00000074   Code   RO          190    i.OS_Sched          os_core.o
    0x08002b34   0x0000002c   Code   RO          191    i.OS_SchedNew       os_core.o
    0x08002b60   0x00000134   Code   RO          193    i.OS_TCBInit        os_core.o
    0x08002c94   0x00000028   Code   RO          194    i.OS_TaskIdle       os_core.o
    0x08002cbc   0x00000088   Code   RO          195    i.OS_TaskStat       os_core.o
    0x08002d44   0x0000003c   Code   RO          196    i.OS_TaskStatStkChk  os_core.o
    0x08002d80   0x0000001a   Code   RO          709    i.OS_TaskStkClr     os_task.o
    0x08002d9a   0x00000002   PAD
    0x08002d9c   0x00000040   Code   RO         2698    i.PWR_EnterSTOPMode  stm32f10x_pwr.o
    0x08002ddc   0x00000020   Code   RO         2423    i.RCC_AHBPeriphClockCmd  stm32f10x_rcc.o
    0x08002dfc   0x00000020   Code   RO         2424    i.RCC_APB1PeriphClockCmd  stm32f10x_rcc.o
    0x08002e1c   0x00000020   Code   RO         2425    i.RCC_APB1PeriphResetCmd  stm32f10x_rcc.o
    0x08002e3c   0x00000020   Code   RO         2426    i.RCC_APB2PeriphClockCmd  stm32f10x_rcc.o
    0x08002e5c   0x00000020   Code   RO         2427    i.RCC_APB2PeriphResetCmd  stm32f10x_rcc.o
    0x08002e7c   0x000000d4   Code   RO         2434    i.RCC_GetClocksFreq  stm32f10x_rcc.o
    0x08002f50   0x00000002   Code   RO            6    i.SVC_Handler       stm32f10x_it.o
    0x08002f52   0x00000008   Code   RO          116    i.SetSysClock       system_stm32f10x.o
    0x08002f5a   0x00000002   PAD
    0x08002f5c   0x000000e0   Code   RO          117    i.SetSysClockTo72   system_stm32f10x.o
    0x0800303c   0x00000028   Code   RO         1393    i.SysTick_CLKSourceConfig  misc.o
    0x08003064   0x0000001c   Code   RO         1222    i.SysTick_Handler   delay.o
    0x08003080   0x00000060   Code   RO          119    i.SystemInit        system_stm32f10x.o
    0x080030e0   0x00000030   Code   RO         1087    i.TIM4_IRQHandler   usart2.o
    0x08003110   0x00000060   Code   RO         1088    i.TIM4_Init         usart2.o
    0x08003170   0x00000028   Code   RO         1089    i.TIM4_Set          usart2.o
    0x08003198   0x00000006   Code   RO         1885    i.TIM_ClearITPendingBit  stm32f10x_tim.o
    0x0800319e   0x00000018   Code   RO         1890    i.TIM_Cmd           stm32f10x_tim.o
    0x080031b6   0x00000022   Code   RO         1911    i.TIM_GetITStatus   stm32f10x_tim.o
    0x080031d8   0x00000012   Code   RO         1915    i.TIM_ITConfig      stm32f10x_tim.o
    0x080031ea   0x00000004   Code   RO         1955    i.TIM_SetCounter    stm32f10x_tim.o
    0x080031ee   0x00000002   PAD
    0x080031f0   0x000000a4   Code   RO         1961    i.TIM_TimeBaseInit  stm32f10x_tim.o
    0x08003294   0x00000048   Code   RO         1090    i.UART_DMA_Config   usart2.o
    0x080032dc   0x00000020   Code   RO         1091    i.UART_DMA_Enable   usart2.o
    0x080032fc   0x000000a4   Code   RO         1300    i.UART_Init         usart.o
    0x080033a0   0x00000030   Code   RO         1092    i.UART_SEND_DATA    usart2.o
    0x080033d0   0x00000090   Code   RO         1301    i.USART1_IRQHandler  usart.o
    0x08003460   0x00000078   Code   RO         1093    i.USART2_IRQHandler  usart2.o
    0x080034d8   0x000000d8   Code   RO         1094    i.USART2_Init       usart2.o
    0x080035b0   0x00000018   Code   RO         1698    i.USART_Cmd         stm32f10x_usart.o
    0x080035c8   0x00000012   Code   RO         1699    i.USART_DMACmd      stm32f10x_usart.o
    0x080035da   0x00000002   PAD
    0x080035dc   0x0000009c   Code   RO         1700    i.USART_DeInit      stm32f10x_usart.o
    0x08003678   0x00000054   Code   RO         1702    i.USART_GetITStatus  stm32f10x_usart.o
    0x080036cc   0x0000004a   Code   RO         1704    i.USART_ITConfig    stm32f10x_usart.o
    0x08003716   0x00000002   PAD
    0x08003718   0x000000d8   Code   RO         1705    i.USART_Init        stm32f10x_usart.o
    0x080037f0   0x0000000a   Code   RO         1712    i.USART_ReceiveData  stm32f10x_usart.o
    0x080037fa   0x00000002   PAD
    0x080037fc   0x0000002c   Code   RO         1007    i.USB_LP_CAN1_RX0_IRQHandler  can.o
    0x08003828   0x00000004   Code   RO            7    i.UsageFault_Handler  stm32f10x_it.o
    0x0800382c   0x0000000c   Code   RO         2928    i.WWDG_ClearFlag    stm32f10x_wwdg.o
    0x08003838   0x00000024   Code   RO         1186    i.WWDG_IRQHandler   wwdg.o
    0x0800385c   0x00000010   Code   RO         2933    i.WWDG_SetCounter   stm32f10x_wwdg.o
    0x0800386c   0x0000003c   Code   RO         3067    i._getcansendPacket  can_task.o
    0x080038a8   0x0000000e   Code   RO         3882    i._is_digit         c_w.l(__printf_wp.o)
    0x080038b6   0x00000006   Code   RO         1302    i._sys_exit         usart.o
    0x080038bc   0x00000028   Code   RO         3068    i.addCanMsgAddr     can_task.o
    0x080038e4   0x00000068   Code   RO         3601    i.addcmdid2filter   control.o
    0x0800394c   0x0000001a   Code   RO         3494    i.addparseBufferAddr  ringbuf.o
    0x08003966   0x0000001c   Code   RO         3537    i.addringaddr       detect.o
    0x08003982   0x00000002   PAD
    0x08003984   0x0000000c   Code   RO         3445    i.addsys_errorcode  encode.o
    0x08003990   0x00000050   Code   RO         3298    i.can_queue_init    can_queue.o
    0x080039e0   0x0000000c   Code   RO         3384    i.can_resolve_speed  can_speed.o
    0x080039ec   0x00000050   Code   RO         3299    i.can_sendqueue_init  can_queue.o
    0x08003a3c   0x0000000a   Code   RO         3069    i.can_set_brandrate  can_task.o
    0x08003a46   0x00000010   Code   RO         3070    i.can_set_filter    can_task.o
    0x08003a56   0x00000002   PAD
    0x08003a58   0x000000e4   Code   RO         3071    i.can_task_init     can_task.o
    0x08003b3c   0x00000058   Code   RO         3476    i.canconvertuart    convert.o
    0x08003b94   0x0000004c   Code   RO         3602    i.canidparse        control.o
    0x08003be0   0x000000f0   Code   RO         3072    i.canreadTask       can_task.o
    0x08003cd0   0x00000078   Code   RO         3073    i.cansendTask       can_task.o
    0x08003d48   0x0000000e   Code   RO         3495    i.cleanBuffer       ringbuf.o
    0x08003d56   0x00000008   Code   RO         3300    i.clean_canqueue    can_queue.o
    0x08003d5e   0x00000008   Code   RO         3301    i.clean_cansendqueue  can_queue.o
    0x08003d66   0x00000002   PAD
    0x08003d68   0x00000054   Code   RO         3568    i.cmd_queue_init    cmd_queue.o
    0x08003dbc   0x00000068   Code   RO         3603    i.cmdid2filter      control.o
    0x08003e24   0x0000012c   Code   RO         3604    i.cmdsetparse       control.o
    0x08003f50   0x000000dc   Code   RO         3605    i.cmdsetprocess     control.o
    0x0800402c   0x00000050   Code   RO         3606    i.control           control.o
    0x0800407c   0x00000050   Code   RO         3607    i.controlInit       control.o
    0x080040cc   0x00000024   Code   RO         1341    i.crc8              crc8.o
    0x080040f0   0x0000001a   Code   RO         1342    i.crc8_creator      crc8.o
    0x0800410a   0x0000003c   Code   RO         1343    i.crc8_populate_lsb  crc8.o
    0x08004146   0x0000003c   Code   RO         1344    i.crc8_populate_msb  crc8.o
    0x08004182   0x00000002   PAD
    0x08004184   0x00000030   Code   RO         1345    i.crcInit           crc8.o
    0x080041b4   0x0000000c   Code   RO         3302    i.del_headdata_queue  can_queue.o
    0x080041c0   0x0000005c   Code   RO         1223    i.delay_init        delay.o
    0x0800421c   0x00000048   Code   RO         3538    i.detectcrc8        detect.o
    0x08004264   0x00000060   Code   RO         3539    i.detectvaildMsgtype  detect.o
    0x080042c4   0x00000052   Code   RO         3540    i.detectvaildSync   detect.o
    0x08004316   0x00000002   PAD
    0x08004318   0x000000d0   Code   RO         3024    i.displaystatus     schedule_task.o
    0x080043e8   0x00000044   Code   RO         3678    i.entry_sleep_mode  sleepwakeup.o
    0x0800442c   0x00000094   Code   RO         3718    i.exti_Init         frameware.o
    0x080044c0   0x0000003e   Code   RO         3719    i.exti_release      frameware.o
    0x080044fe   0x00000038   Code   RO         3496    i.flush             ringbuf.o
    0x08004536   0x00000002   PAD
    0x08004538   0x0000001c   Code   RO         1303    i.fputc             usart.o
    0x08004554   0x0000003c   Code   RO         3075    i.getCanMsgAddr     can_task.o
    0x08004590   0x0000000c   Code   RO         3076    i.getCanReadTaskStatus  can_task.o
    0x0800459c   0x0000000c   Code   RO         3077    i.getCanSendTaskStatus  can_task.o
    0x080045a8   0x0000000c   Code   RO         3078    i.get_can_brandrate  can_task.o
    0x080045b4   0x0000000c   Code   RO         3386    i.get_can_speed     can_speed.o
    0x080045c0   0x0000000c   Code   RO         3387    i.get_canbus_status  can_speed.o
    0x080045cc   0x00000030   Code   RO         3569    i.get_cmd_queue     cmd_queue.o
    0x080045fc   0x00000020   Code   RO         3304    i.get_headdata_queue  can_queue.o
    0x0800461c   0x0000002a   Code   RO         3446    i.get_send_packet   encode.o
    0x08004646   0x0000002c   Code   RO         3305    i.get_send_queue    can_queue.o
    0x08004672   0x00000002   PAD
    0x08004674   0x00000058   Code   RO         3447    i.get_status_packet  encode.o
    0x080046cc   0x0000003c   Code   RO         3608    i.getcontrolCmd     control.o
    0x08004708   0x00000084   Code   RO         3497    i.getdatafromBuffer  ringbuf.o
    0x0800478c   0x0000000c   Code   RO         3609    i.isresponse        control.o
    0x08004798   0x00000028   Code   RO         1165    i.keyAcc_Init       keyacc.o
    0x080047c0   0x00000014   Code   RO         1166    i.keyAcc_Scan       keyacc.o
    0x080047d4   0x00000040   Code   RO         2983    i.main              main.o
    0x08004814   0x00000022   Code   RO         3079    i.pause_can_task    can_task.o
    0x08004836   0x00000002   PAD
    0x08004838   0x00000090   Code   RO         3080    i.pause_read_can_task  can_task.o
    0x080048c8   0x00000078   Code   RO         3209    i.pause_read_uart_task  uart_task.o
    0x08004940   0x00000090   Code   RO         3081    i.pause_send_can_task  can_task.o
    0x080049d0   0x00000078   Code   RO         3210    i.pause_send_uart_task  uart_task.o
    0x08004a48   0x00000022   Code   RO         3211    i.pause_uart_task   uart_task.o
    0x08004a6a   0x00000002   PAD
    0x08004a6c   0x00000050   Code   RO         3570    i.put_cmd_queue     cmd_queue.o
    0x08004abc   0x00000048   Code   RO         3308    i.put_data_queue    can_queue.o
    0x08004b04   0x00000054   Code   RO         3309    i.put_send_queue    can_queue.o
    0x08004b58   0x00000060   Code   RO         3082    i.putcansendPacket  can_task.o
    0x08004bb8   0x0000002c   Code   RO         3610    i.putcontrolCmd     control.o
    0x08004be4   0x000000d0   Code   RO         3498    i.putdatatoBuffer   ringbuf.o
    0x08004cb4   0x00000034   Code   RO         3083    i.resolve_can_message  can_task.o
    0x08004ce8   0x0000000c   Code   RO         3611    i.responsefinish    control.o
    0x08004cf4   0x00000048   Code   RO         3499    i.ringbufferInit    ringbuf.o
    0x08004d3c   0x00000048   Code   RO         3025    i.schedule_indicate_task  schedule_task.o
    0x08004d84   0x00000034   Code   RO         3026    i.schedule_task_init  schedule_task.o
    0x08004db8   0x00000078   Code   RO         3721    i.setGPIOModeToAllPins  frameware.o
    0x08004e30   0x0000000c   Code   RO         3389    i.set_canbus_status  can_speed.o
    0x08004e3c   0x0000000c   Code   RO         3027    i.set_system_status  schedule_task.o
    0x08004e48   0x0000001c   Code   RO         3084    i.start_can_task    can_task.o
    0x08004e64   0x00000098   Code   RO         3085    i.start_canread_task  can_task.o
    0x08004efc   0x00000098   Code   RO         3086    i.start_cansend_task  can_task.o
    0x08004f94   0x00000070   Code   RO         2984    i.start_task        main.o
    0x08005004   0x00000090   Code   RO         3212    i.start_uart_read_task  uart_task.o
    0x08005094   0x00000088   Code   RO         3213    i.start_uart_send_task  uart_task.o
    0x0800511c   0x0000001c   Code   RO         3214    i.start_uart_task   uart_task.o
    0x08005138   0x0000003c   Code   RO         3087    i.startcansend      can_task.o
    0x08005174   0x00000044   Code   RO         3679    i.switchoffclk      sleepwakeup.o
    0x080051b8   0x00000022   Code   RO         3680    i.sys_mode_entry    sleepwakeup.o
    0x080051da   0x00000014   Code   RO         3682    i.sys_stop_mode     sleepwakeup.o
    0x080051ee   0x00000002   PAD
    0x080051f0   0x00000038   Code   RO         3722    i.sys_switch        frameware.o
    0x08005228   0x0000012c   Code   RO         3215    i.uart_parse_task   uart_task.o
    0x08005354   0x00000090   Code   RO         3216    i.uart_read_task    uart_task.o
    0x080053e4   0x00000054   Code   RO         3390    i.uart_send_speed   can_speed.o
    0x08005438   0x000000b0   Code   RO         3217    i.uart_send_task    uart_task.o
    0x080054e8   0x000000b4   Code   RO         3218    i.uart_task_Init    uart_task.o
    0x0800559c   0x00000040   Code   RO         3477    i.uartconvertcan    convert.o
    0x080055dc   0x00000100   Data   RO          198    .constdata          os_core.o
    0x080056dc   0x00000009   Data   RO         1009    .constdata          can.o
    0x080056e5   0x00000012   Data   RO         1097    .constdata          usart2.o
    0x080056f7   0x00000054   Data   RO         3221    .constdata          uart_task.o
    0x0800574b   0x00000022   Data   RO         3311    .constdata          can_queue.o
    0x0800576d   0x0000000f   Data   RO         3500    .constdata          ringbuf.o
    0x0800577c   0x0000001d   Data   RO         3572    .constdata          cmd_queue.o
    0x08005799   0x00000011   Data   RO         3683    .constdata          sleepwakeup.o
    0x080057aa   0x00000015   Data   RO         3723    .constdata          frameware.o
    0x080057bf   0x00000028   Data   RO         3870    .constdata          c_w.l(_printf_hex_int_ll_ptr.o)
    0x080057e7   0x00000011   Data   RO         3890    .constdata          c_w.l(__printf_flags_ss_wp.o)
    0x080057f8   0x00000020   Data   RO         4218    Region$$Table       anon$$obj.o


    Execution Region RW_IRAM1 (Base: 0x20000000, Size: 0x00002880, Max: 0x00005000, ABSOLUTE, COMPRESSED[0x00000058])

    Base Addr    Size         Type   Attr      Idx    E Section Name        Object

    0x20000000   0x00000014   Data   RW          120    .data               system_stm32f10x.o
    0x20000014   0x0000005c   Data   RW          199    .data               os_core.o
    0x20000070   0x00000006   Data   RW          928    .data               os_cpu_c.o
    0x20000076   0x00000002   Data   RW         1098    .data               usart2.o
    0x20000078   0x00000004   Data   RW         1229    .data               delay.o
    0x2000007c   0x00000006   Data   RW         1305    .data               usart.o
    0x20000082   0x00000014   Data   RW         2454    .data               stm32f10x_rcc.o
    0x20000096   0x00000004   Data   RW         2987    .data               main.o
    0x2000009a   0x00000002   PAD
    0x2000009c   0x00000010   Data   RW         3029    .data               schedule_task.o
    0x200000ac   0x00000032   Data   RW         3089    .data               can_task.o
    0x200000de   0x00000002   PAD
    0x200000e0   0x0000002d   Data   RW         3222    .data               uart_task.o
    0x2000010d   0x00000001   PAD
    0x2000010e   0x00000013   Data   RW         3391    .data               can_speed.o
    0x20000121   0x00000001   PAD
    0x20000122   0x00000003   Data   RW         3448    .data               encode.o
    0x20000125   0x00000003   PAD
    0x20000128   0x00000050   Data   RW         3613    .data               control.o
    0x20000178   0x00000f7c   Zero   RW          197    .bss                os_core.o
    0x200010f4   0x00000004   PAD
    0x200010f8   0x00000190   Zero   RW         1096    .bss                usart2.o
    0x20001288   0x000000c8   Zero   RW         1304    .bss                usart.o
    0x20001350   0x00000100   Zero   RW         1346    .bss                crc8.o
    0x20001450   0x00000380   Zero   RW         2985    .bss                main.o
    0x200017d0   0x00000100   Zero   RW         3028    .bss                schedule_task.o
    0x200018d0   0x0000032c   Zero   RW         3088    .bss                can_task.o
    0x20001bfc   0x0000040c   Zero   RW         3220    .bss                uart_task.o
    0x20002008   0x00000120   Zero   RW         3310    .bss                can_queue.o
    0x20002128   0x00000070   Zero   RW         3571    .bss                cmd_queue.o
    0x20002198   0x00000086   Zero   RW         3612    .bss                control.o
    0x2000221e   0x00000002   PAD
    0x20002220   0x00000060   Zero   RW         4043    .bss                c_w.l(libspace.o)
    0x20002280   0x00000200   Zero   RW          162    HEAP                startup_stm32f10x_md.o
    0x20002480   0x00000400   Zero   RW          161    STACK               startup_stm32f10x_md.o


==============================================================================

Image component sizes


      Code (inc. data)   RO Data    RW Data    ZI Data      Debug   Object Name

       752        146          9          0          0       5515   can.o
       420        108         34          0        288       5257   can_queue.o
       132         32          0         19          0       3194   can_speed.o
      1672        572          0         50        812      12133   can_task.o
       212         40         29          0        112       2399   cmd_queue.o
      1092        224          0         80        134       6830   control.o
       152          0          0          0          0       1494   convert.o
         0          0          0          0          0         32   core_cm3.o
       230          8          0          0        256       3516   crc8.o
       120         20          0          4          0       1107   delay.o
       278         44          0          0          0       2998   detect.o
       162         16          0          3          0       2647   encode.o
       612        102         21          0          0       3116   frameware.o
        60         12          0          0          0        928   keyacc.o
       132         14          0          0          0        499   led.o
       176         34          0          4        896       1875   main.o
       192         30          0          0          0       2363   misc.o
      2268        410        256         92       3964      22865   os_core.o
       180         36          0          0          0        312   os_cpu_a.o
       214         10          0          6          0      13448   os_cpu_c.o
        88         14          0          0          0       8714   os_flag.o
      1048         72          0          0          0       3640   os_mutex.o
        80          8          0          0          0        535   os_q.o
       400         22          0          0          0       2274   os_sem.o
       802         70          0          0          0       4936   os_task.o
       216         30          0          0          0       1292   os_time.o
       588         98          0          0          0       3627   os_tmr.o
       508        110         15          0          0       3862   ringbuf.o
       344         48          0         16        256       4154   schedule_task.o
       190         36         17          0          0       1836   sleepwakeup.o
        64         26        236          0       1536        780   startup_stm32f10x_md.o
      1180         12          0          0          0       5042   stm32f10x_can.o
       428          8          0          0          0       4256   stm32f10x_dma.o
       200         18          0          0          0       1904   stm32f10x_exti.o
       508         10          0          0          0       4255   stm32f10x_gpio.o
        22          0          0          0          0     274187   stm32f10x_it.o
        64         10          0          0          0        584   stm32f10x_pwr.o
       372         50          0         20          0       5804   stm32f10x_rcc.o
       250         42          0          0          0       3751   stm32f10x_tim.o
       582         28          0          0          0       5764   stm32f10x_usart.o
        28         10          0          0          0        883   stm32f10x_wwdg.o
       328         28          0         20          0       2049   system_stm32f10x.o
      1382        328         84         45       1036       8156   uart_task.o
       342         28          0          6        200       4080   usart.o
       672         80         18          2        400       5416   usart2.o
        36          6          0          0          0        434   wwdg.o

    ----------------------------------------------------------------------
     19840       3050        751        376       9896     454743   Object Totals
         0          0         32          0          0          0   (incl. Generated)
        62          0          0          9          6          0   (incl. Padding)

    ----------------------------------------------------------------------

      Code (inc. data)   RO Data    RW Data    ZI Data      Debug   Library Member Name

        24          4          0          0          0         84   __2printf.o
        90          0          0          0          0          0   __dczerorl2.o
         8          0          0          0          0         68   __main.o
       392          4         17          0          0         92   __printf_flags_ss_wp.o
        14          0          0          0          0         68   __printf_wp.o
         0          0          0          0          0          0   __rtentry.o
        12          0          0          0          0          0   __rtentry2.o
         6          0          0          0          0          0   __rtentry4.o
        52          8          0          0          0          0   __scatter.o
        28          0          0          0          0          0   __scatter_zi.o
        44          0          0          0          0        108   _printf_char.o
        48          6          0          0          0         96   _printf_char_common.o
        36          4          0          0          0         80   _printf_char_file.o
         6          0          0          0          0          0   _printf_d.o
       120         16          0          0          0         92   _printf_dec.o
       148          4         40          0          0        160   _printf_hex_int_ll_ptr.o
       178          0          0          0          0         88   _printf_intcommon.o
        78          0          0          0          0        108   _printf_pad.o
         0          0          0          0          0          0   _printf_percent.o
         4          0          0          0          0          0   _printf_percent_end.o
         6          0          0          0          0          0   _printf_s.o
        82          0          0          0          0         80   _printf_str.o
         6          0          0          0          0          0   _printf_x.o
        12          0          0          0          0         72   exit.o
         8          0          0          0          0         68   ferror.o
         6          0          0          0          0        152   heapauxi.o
         2          0          0          0          0          0   libinit.o
         2          0          0          0          0          0   libinit2.o
         2          0          0          0          0          0   libshutdown.o
         2          0          0          0          0          0   libshutdown2.o
         8          4          0          0         96         68   libspace.o
        68          0          0          0          0         68   rt_memclr.o
        78          0          0          0          0         80   rt_memclr_w.o
       138          0          0          0          0         68   rt_memcpy_v6.o
       100          0          0          0          0         80   rt_memcpy_w.o
         2          0          0          0          0          0   rtexit.o
        10          0          0          0          0          0   rtexit2.o
        74          0          0          0          0         80   sys_stackheap_outer.o
         2          0          0          0          0         68   use_no_semi.o
         2          0          0          0          0         68   use_no_semi_2.o

    ----------------------------------------------------------------------
      1904         50         57          0         96       1996   Library Totals
         6          0          0          0          0          0   (incl. Padding)

    ----------------------------------------------------------------------

      Code (inc. data)   RO Data    RW Data    ZI Data      Debug   Library Name

      1898         50         57          0         96       1996   c_w.l

    ----------------------------------------------------------------------
      1904         50         57          0         96       1996   Library Totals

    ----------------------------------------------------------------------

==============================================================================


      Code (inc. data)   RO Data    RW Data    ZI Data      Debug   

     21744       3100        808        376       9992     443995   Grand Totals
     21744       3100        808         88       9992     443995   ELF Image Totals (compressed)
     21744       3100        808         88          0          0   ROM Totals

==============================================================================

    Total RO  Size (Code + RO Data)                22552 (  22.02kB)
    Total RW  Size (RW Data + ZI Data)             10368 (  10.13kB)
    Total ROM Size (Code + RO Data + RW Data)      22640 (  22.11kB)

==============================================================================

